Archive member included to satisfy reference by file (symbol)

c:/program files (x86)/embitz/1.11/share/em_armgcc/bin/../lib/gcc/arm-none-eabi/5.4.1/armv7e-m\libgcc.a(_arm_addsubdf3.o)
                              obj\debug\src\main.o (__aeabi_f2d)
c:/program files (x86)/embitz/1.11/share/em_armgcc/bin/../lib/gcc/arm-none-eabi/5.4.1/armv7e-m\libgcc.a(_arm_muldivdf3.o)
                              obj\debug\src\main.o (__aeabi_dmul)
c:/program files (x86)/embitz/1.11/share/em_armgcc/bin/../lib/gcc/arm-none-eabi/5.4.1/armv7e-m\libgcc.a(_arm_truncdfsf2.o)
                              obj\debug\src\main.o (__aeabi_d2f)
c:/program files (x86)/embitz/1.11/share/em_armgcc/bin/../lib/gcc/arm-none-eabi/5.4.1/armv7e-m\libgcc.a(_arm_addsubsf3.o)
                              obj\debug\src\main.o (__aeabi_fadd)
c:/program files (x86)/embitz/1.11/share/em_armgcc/bin/../lib/gcc/arm-none-eabi/5.4.1/armv7e-m\libgcc.a(_arm_muldivsf3.o)
                              obj\debug\src\main.o (__aeabi_fmul)
c:/program files (x86)/embitz/1.11/share/em_armgcc/bin/../lib/gcc/arm-none-eabi/5.4.1/armv7e-m\libgcc.a(_arm_cmpsf2.o)
                              obj\debug\src\main.o (__aeabi_fcmplt)
c:/program files (x86)/embitz/1.11/share/em_armgcc/bin/../lib/gcc/arm-none-eabi/5.4.1/../../../../arm-none-eabi/lib/armv7e-m\libg_n.a(lib_a-exit.o)
                              c:/program files (x86)/embitz/1.11/share/em_armgcc/bin/../lib/gcc/arm-none-eabi/5.4.1/../../../../arm-none-eabi/lib/armv7e-m/crt0.o (exit)
c:/program files (x86)/embitz/1.11/share/em_armgcc/bin/../lib/gcc/arm-none-eabi/5.4.1/../../../../arm-none-eabi/lib/armv7e-m\libg_n.a(lib_a-impure.o)
                              c:/program files (x86)/embitz/1.11/share/em_armgcc/bin/../lib/gcc/arm-none-eabi/5.4.1/../../../../arm-none-eabi/lib/armv7e-m\libg_n.a(lib_a-exit.o) (_global_impure_ptr)
c:/program files (x86)/embitz/1.11/share/em_armgcc/bin/../lib/gcc/arm-none-eabi/5.4.1/../../../../arm-none-eabi/lib/armv7e-m\libg_n.a(lib_a-init.o)
                              c:/program files (x86)/embitz/1.11/share/em_armgcc/bin/../lib/gcc/arm-none-eabi/5.4.1/../../../../arm-none-eabi/lib/armv7e-m/crt0.o (__libc_init_array)
c:/program files (x86)/embitz/1.11/share/em_armgcc/bin/../lib/gcc/arm-none-eabi/5.4.1/../../../../arm-none-eabi/lib/armv7e-m\libg_n.a(lib_a-memcpy-stub.o)
                              obj\debug\src\lcd.o (memcpy)
c:/program files (x86)/embitz/1.11/share/em_armgcc/bin/../lib/gcc/arm-none-eabi/5.4.1/../../../../arm-none-eabi/lib/armv7e-m\libg_n.a(lib_a-memset.o)
                              c:/program files (x86)/embitz/1.11/share/em_armgcc/bin/../lib/gcc/arm-none-eabi/5.4.1/../../../../arm-none-eabi/lib/armv7e-m/crt0.o (memset)
c:/program files (x86)/embitz/1.11/share/em_armgcc/bin/../lib/gcc/arm-none-eabi/5.4.1/../../../../arm-none-eabi/lib/armv7e-m\libg_n.a(lib_a-nano-vfprintf_float.o)
                              (_printf_float)
c:/program files (x86)/embitz/1.11/share/em_armgcc/bin/../lib/gcc/arm-none-eabi/5.4.1/../../../../arm-none-eabi/lib/armv7e-m\libg_n.a(lib_a-nano-vfprintf_i.o)
                              c:/program files (x86)/embitz/1.11/share/em_armgcc/bin/../lib/gcc/arm-none-eabi/5.4.1/../../../../arm-none-eabi/lib/armv7e-m\libg_n.a(lib_a-nano-vfprintf_float.o) (_printf_common)
c:/program files (x86)/embitz/1.11/share/em_armgcc/bin/../lib/gcc/arm-none-eabi/5.4.1/../../../../arm-none-eabi/lib/armv7e-m\libg_n.a(lib_a-printf.o)
                              obj\debug\src\main.o (printf)
c:/program files (x86)/embitz/1.11/share/em_armgcc/bin/../lib/gcc/arm-none-eabi/5.4.1/../../../../arm-none-eabi/lib/armv7e-m\libg_n.a(lib_a-puts.o)
                              obj\debug\src\main.o (puts)
c:/program files (x86)/embitz/1.11/share/em_armgcc/bin/../lib/gcc/arm-none-eabi/5.4.1/../../../../arm-none-eabi/lib/armv7e-m\libg_n.a(lib_a-setbuf.o)
                              obj\debug\src\30021_io.o (setbuf)
c:/program files (x86)/embitz/1.11/share/em_armgcc/bin/../lib/gcc/arm-none-eabi/5.4.1/../../../../arm-none-eabi/lib/armv7e-m\libg_n.a(lib_a-setvbuf.o)
                              c:/program files (x86)/embitz/1.11/share/em_armgcc/bin/../lib/gcc/arm-none-eabi/5.4.1/../../../../arm-none-eabi/lib/armv7e-m\libg_n.a(lib_a-setbuf.o) (setvbuf)
c:/program files (x86)/embitz/1.11/share/em_armgcc/bin/../lib/gcc/arm-none-eabi/5.4.1/../../../../arm-none-eabi/lib/armv7e-m\libg_n.a(lib_a-sprintf.o)
                              obj\debug\src\main.o (sprintf)
c:/program files (x86)/embitz/1.11/share/em_armgcc/bin/../lib/gcc/arm-none-eabi/5.4.1/../../../../arm-none-eabi/lib/armv7e-m\libg_n.a(lib_a-strlen.o)
                              c:/program files (x86)/embitz/1.11/share/em_armgcc/bin/../lib/gcc/arm-none-eabi/5.4.1/../../../../arm-none-eabi/lib/armv7e-m\libg_n.a(lib_a-nano-vfprintf_float.o) (strlen)
c:/program files (x86)/embitz/1.11/share/em_armgcc/bin/../lib/gcc/arm-none-eabi/5.4.1/../../../../arm-none-eabi/lib/armv7e-m\libg_n.a(lib_a-wbuf.o)
[...]
Memory Configuration

Name             Origin             Length             Attributes
ROM              0x08000000         0x00010000         xr
RAM              0x20000000         0x00004000         xrw
*default*        0x00000000         0xffffffff

Linker script and memory map

LOAD c:/program files (x86)/embitz/1.11/share/em_armgcc/bin/../lib/gcc/arm-none-eabi/5.4.1/armv7e-m/crti.o
LOAD c:/program files (x86)/embitz/1.11/share/em_armgcc/bin/../lib/gcc/arm-none-eabi/5.4.1/armv7e-m/crtbegin.o
LOAD c:/program files (x86)/embitz/1.11/share/em_armgcc/bin/../lib/gcc/arm-none-eabi/5.4.1/../../../../arm-none-eabi/lib/armv7e-m/crt0.o
                0x00000000                __HEAP_SIZE = 0x0
                0x00000100                __STACK_SIZE = 0x100

.text           0x08000000     0x5810
 *(.isr_vector)
 .isr_vector    0x08000000      0x188 obj\debug\src\startup_stm32f30x.o
                0x08000000                __isr_vector
 *(.text*)
 .text          0x08000188       0x5c c:/program files (x86)/embitz/1.11/share/em_armgcc/bin/../lib/gcc/arm-none-eabi/5.4.1/armv7e-m/crtbegin.o
 .text          0x080001e4       0x74 c:/program files (x86)/embitz/1.11/share/em_armgcc/bin/../lib/gcc/arm-none-eabi/5.4.1/../../../../arm-none-eabi/lib/armv7e-m/crt0.o
                0x080001e4                _start
                0x080001e4                _mainCRTStartup
 .text.ADC_Init
                0x08000258       0x80 obj\debug\spl\src\stm32f30x_adc.o
                0x08000258                ADC_Init
 .text.ADC_StructInit
                0x080002d8       0x44 obj\debug\spl\src\stm32f30x_adc.o
                0x080002d8                ADC_StructInit
 .text.ADC_Cmd  0x0800031c       0x38 obj\debug\spl\src\stm32f30x_adc.o
                0x0800031c                ADC_Cmd
 .text.ADC_StartCalibration
                0x08000354       0x20 obj\debug\spl\src\stm32f30x_adc.o
                0x08000354                ADC_StartCalibration
 .text.ADC_SelectCalibrationMode
                0x08000374       0x2c obj\debug\spl\src\stm32f30x_adc.o
                0x08000374                ADC_SelectCalibrationMode
 .text.ADC_GetCalibrationStatus
                0x080003a0       0x2c obj\debug\spl\src\stm32f30x_adc.o
                0x080003a0                ADC_GetCalibrationStatus
 .text.ADC_VoltageRegulatorCmd
                0x080003cc       0x44 obj\debug\spl\src\stm32f30x_adc.o
                0x080003cc                ADC_VoltageRegulatorCmd
 .text.ADC_RegularChannelConfig
                0x08000410      0x1f0 obj\debug\spl\src\stm32f30x_adc.o
                0x08000410                ADC_RegularChannelConfig
 .text.ADC_StartConversion
                0x08000600       0x20 obj\debug\spl\src\stm32f30x_adc.o
                0x08000600                ADC_StartConversion
 .text.ADC_GetConversionValue
                0x08000620       0x18 obj\debug\spl\src\stm32f30x_adc.o
                0x08000620                ADC_GetConversionValue
 .text.ADC_GetFlagStatus
                0x08000638       0x30 obj\debug\spl\src\stm32f30x_adc.o
                0x08000638                ADC_GetFlagStatus
 .text.EXTI_GetITStatus
                0x08000668       0x70 obj\debug\spl\src\stm32f30x_exti.o
                0x08000668                EXTI_GetITStatus
 .text.EXTI_ClearITPendingBit
                0x080006d8       0x30 obj\debug\spl\src\stm32f30x_exti.o
                0x080006d8                EXTI_ClearITPendingBit
 .text.GPIO_Init
                0x08000708      0x12c obj\debug\spl\src\stm32f30x_gpio.o
                0x08000708                GPIO_Init
 .text.GPIO_StructInit
                0x08000834       0x34 obj\debug\spl\src\stm32f30x_gpio.o
                0x08000834                GPIO_StructInit
 .text.NVIC_PriorityGroupConfig
                0x08000868       0x24 obj\debug\spl\src\stm32f30x_misc.o
                0x08000868                NVIC_PriorityGroupConfig
 .text.NVIC_Init
                0x0800088c       0xc4 obj\debug\spl\src\stm32f30x_misc.o
                0x0800088c                NVIC_Init
 .text.RCC_GetClocksFreq
                0x08000950      0x414 obj\debug\spl\src\stm32f30x_rcc.o
                0x08000950                RCC_GetClocksFreq
 .text.RCC_ADCCLKConfig
                0x08000d64       0x4c obj\debug\spl\src\stm32f30x_rcc.o
                0x08000d64                RCC_ADCCLKConfig
 .text.RCC_AHBPeriphClockCmd
                0x08000db0       0x3c obj\debug\spl\src\stm32f30x_rcc.o
                0x08000db0                RCC_AHBPeriphClockCmd
 .text.RCC_APB1PeriphClockCmd
                0x08000dec       0x3c obj\debug\spl\src\stm32f30x_rcc.o
                0x08000dec                RCC_APB1PeriphClockCmd
 .text.SPI_SendData8
                0x08000e28       0x2c obj\debug\spl\src\stm32f30x_spi.o
                0x08000e28                SPI_SendData8
 .text.SPI_I2S_GetFlagStatus
                0x08000e54       0x38 obj\debug\spl\src\stm32f30x_spi.o
                0x08000e54                SPI_I2S_GetFlagStatus
 .text.TIM_TimeBaseInit
                0x08000e8c       0xec obj\debug\spl\src\stm32f30x_tim.o
                0x08000e8c                TIM_TimeBaseInit
 .text.TIM_TimeBaseStructInit
                0x08000f78       0x34 obj\debug\spl\src\stm32f30x_tim.o
                0x08000f78                TIM_TimeBaseStructInit
 .text.TIM_Cmd  0x08000fac       0x40 obj\debug\spl\src\stm32f30x_tim.o
                0x08000fac                TIM_Cmd
 .text.TIM_ITConfig
                0x08000fec       0x40 obj\debug\spl\src\stm32f30x_tim.o
                0x08000fec                TIM_ITConfig
 .text.TIM_GetITStatus
                0x0800102c       0x54 obj\debug\spl\src\stm32f30x_tim.o
                0x0800102c                TIM_GetITStatus
 .text.TIM_ClearITPendingBit
                0x08001080       0x24 obj\debug\spl\src\stm32f30x_tim.o
                0x08001080                TIM_ClearITPendingBit
 .text.USART_SendData
                0x080010a4       0x24 obj\debug\spl\src\stm32f30x_usart.o
                0x080010a4                USART_SendData
 .text.USART_GetFlagStatus
                0x080010c8       0x30 obj\debug\spl\src\stm32f30x_usart.o
                0x080010c8                USART_GetFlagStatus
 .text.uart_putc
                0x080010f8       0x34 obj\debug\src\30021_io.o
                0x080010f8                uart_putc
 .text._write_r
                0x0800112c       0x4c obj\debug\src\30021_io.o
                0x0800112c                _write_r
 .text.init_usb_uart
                0x08001178      0x220 obj\debug\src\30021_io.o
                0x08001178                init_usb_uart
 .text.lcd_transmit_byte
                0x08001398       0x64 obj\debug\src\lcd.o
                0x08001398                lcd_transmit_byte
 .text.lcd_push_buffer
                0x080013fc      0x184 obj\debug\src\lcd.o
                0x080013fc                lcd_push_buffer
 .text.lcd_reset
                0x08001580       0xe0 obj\debug\src\lcd.o
                0x08001580                lcd_reset
 .text.init_spi_lcd
                0x08001660      0x2b8 obj\debug\src\lcd.o
                0x08001660                init_spi_lcd
 .text.generate_line_buff
                0x08001918      0x10c obj\debug\src\lcd.o
                0x08001918                generate_line_buff
 .text.write_line_buff
                0x08001a24       0x74 obj\debug\src\lcd.o
                0x08001a24                write_line_buff
 .text.lcd_write_string
                0x08001a98       0x64 obj\debug\src\lcd.o
                0x08001a98                lcd_write_string
 .text.ADC_setup_PA
                0x08001afc       0xa8 obj\debug\src\main.o
                0x08001afc                ADC_setup_PA
 .text.ADC_SelfCalibrate
                0x08001ba4       0x80 obj\debug\src\main.o
                0x08001ba4                ADC_SelfCalibrate
 .text.ADC_measure_PA
                0x08001c24       0x44 obj\debug\src\main.o
                0x08001c24                ADC_measure_PA
 .text.tim2_setup
                0x08001c68       0x74 obj\debug\src\main.o
                0x08001c68                tim2_setup
 .text.TIM2_IRQHandler
                0x08001cdc       0x2c obj\debug\src\main.o
                0x08001cdc                TIM2_IRQHandler
 .text.printLCD_ADC_int
                0x08001d08       0x88 obj\debug\src\main.o
                0x08001d08                printLCD_ADC_int
 .text.main     0x08001d90       0x54 obj\debug\src\main.o
                0x08001d90                main
 .text.EXTI4_IRQHandler
                0x08001de4       0x24 obj\debug\src\main.o
                0x08001de4                EXTI4_IRQHandler
 .text          0x08001e08       0xe4 obj\debug\src\startup_stm32f30x.o
                0x08001e08                Reset_Handler
                0x08001e4e                NMI_Handler
                0x08001e50                HardFault_Handler
                0x08001e52                MemManage_Handler
                0x08001e54                BusFault_Handler
                0x08001e56                UsageFault_Handler
                0x08001e58                SVC_Handler
                0x08001e5a                DebugMon_Handler
                0x08001e5c                PendSV_Handler
                0x08001e5e                SysTick_Handler
                0x08001e60                WWDG_IRQHandler
                0x08001e62                PVD_IRQHandler
                0x08001e64                TAMPER_STAMP_IRQHandler
                0x08001e66                RTC_WKUP_IRQHandler
                0x08001e68                FLASH_IRQHandler
                0x08001e6a                RCC_IRQHandler
                0x08001e6c                EXTI0_IRQHandler
                0x08001e6e                EXTI1_IRQHandler
                0x08001e70                EXTI2_TS_IRQHandler
                0x08001e72                EXTI3_IRQHandler
                0x08001e76                DMA1_Channel1_IRQHandler
                0x08001e78                DMA1_Channel2_IRQHandler
                0x08001e7a                DMA1_Channel3_IRQHandler
                0x08001e7c                DMA1_Channel4_IRQHandler
                0x08001e7e                DMA1_Channel5_IRQHandler
                0x08001e80                DMA1_Channel6_IRQHandler
                0x08001e82                DMA1_Channel7_IRQHandler
                0x08001e84                ADC1_2_IRQHandler
                0x08001e86                USB_HP_CAN1_TX_IRQHandler
                0x08001e88                USB_LP_CAN1_RX0_IRQHandler
                0x08001e8a                CAN1_RX1_IRQHandler
                0x08001e8c                CAN1_SCE_IRQHandler
                0x08001e8e                EXTI9_5_IRQHandler
                0x08001e90                TIM1_BRK_TIM15_IRQHandler
                0x08001e92                TIM1_UP_TIM16_IRQHandler
                0x08001e94                TIM1_TRG_COM_TIM17_IRQHandler
                0x08001e96                TIM1_CC_IRQHandler
                0x08001e9a                TIM3_IRQHandler
                0x08001e9c                TIM4_IRQHandler
                0x08001e9e                I2C1_EV_IRQHandler
                0x08001ea0                I2C1_ER_IRQHandler
                0x08001ea2                I2C2_EV_IRQHandler
                0x08001ea4                I2C2_ER_IRQHandler
                0x08001ea6                SPI1_IRQHandler
                0x08001ea8                SPI2_IRQHandler
                0x08001eaa                USART1_IRQHandler
                0x08001eac                USART2_IRQHandler
                0x08001eae                USART3_IRQHandler
                0x08001eb0                EXTI15_10_IRQHandler
                0x08001eb2                RTC_Alarm_IRQHandler
                0x08001eb4                USBWakeUp_IRQHandler
                0x08001eb6                TIM8_BRK_IRQHandler
                0x08001eb8                TIM8_UP_IRQHandler
                0x08001eba                TIM8_TRG_COM_IRQHandler
                0x08001ebc                TIM8_CC_IRQHandler
                0x08001ebe                ADC3_IRQHandler
                0x08001ec0                SPI3_IRQHandler
                0x08001ec2                UART4_IRQHandler
                0x08001ec4                UART5_IRQHandler
                0x08001ec6                TIM6_DAC_IRQHandler
                0x08001ec8                TIM7_IRQHandler
                0x08001eca                DMA2_Channel1_IRQHandler
                0x08001ecc                DMA2_Channel2_IRQHandler
                0x08001ece                DMA2_Channel3_IRQHandler
                0x08001ed0                DMA2_Channel4_IRQHandler
                0x08001ed2                DMA2_Channel5_IRQHandler
                0x08001ed4                ADC4_IRQHandler
                0x08001ed6                COMP1_2_3_IRQHandler
                0x08001ed8                COMP4_5_6_IRQHandler
                0x08001eda                COMP7_IRQHandler
                0x08001edc                USB_HP_IRQHandler
                0x08001ede                USB_LP_IRQHandler
                0x08001ee0                USBWakeUp_RMP_IRQHandler
                0x08001ee2                FPU_IRQHandler
 .text.SystemInit
                0x08001eec       0x84 obj\debug\src\system_stm32f30x.o
                0x08001eec                SystemInit
 .text.SetSysClock
                0x08001f70       0x90 obj\debug\src\system_stm32f30x.o
 .text          0x08002000      0x370 c:/program files (x86)/embitz/1.11/share/em_armgcc/bin/../lib/gcc/arm-none-eabi/5.4.1/armv7e-m\libgcc.a(_arm_addsubdf3.o)
                0x08002000                __aeabi_drsub
                0x08002008                __aeabi_dsub
                0x08002008                __subdf3
                0x0800200c                __aeabi_dadd
                0x0800200c                __adddf3
                0x08002284                __floatunsidf
                0x08002284                __aeabi_ui2d
                0x080022a4                __floatsidf
                0x080022a4                __aeabi_i2d
                0x080022c8                __aeabi_f2d
                0x080022c8                __extendsfdf2
                0x08002304                __floatundidf
                0x08002304                __aeabi_ul2d
                0x08002314                __floatdidf
                0x08002314                __aeabi_l2d
 .text          0x08002370      0x424 c:/program files (x86)/embitz/1.11/share/em_armgcc/bin/../lib/gcc/arm-none-eabi/5.4.1/armv7e-m\libgcc.a(_arm_muldivdf3.o)
                0x08002370                __aeabi_dmul
                0x08002370                __muldf3
                0x080025c4                __divdf3
                0x080025c4                __aeabi_ddiv
 .text.exit     0x08002794       0x28 c:/program files (x86)/embitz/1.11/share/em_armgcc/bin/../lib/gcc/arm-none-eabi/5.4.1/../../../../arm-none-eabi/lib/armv7e-m\libg_n.a(lib_a-exit.o)
                0x08002794                exit
 .text.__libc_init_array
                0x080027bc       0x4c c:/program files (x86)/embitz/1.11/share/em_armgcc/bin/../lib/gcc/arm-none-eabi/5.4.1/../../../../arm-none-eabi/lib/armv7e-m\libg_n.a(lib_a-init.o)
                0x080027bc                __libc_init_array
 .text.memcpy   0x08002808       0x16 c:/program files (x86)/embitz/1.11/share/em_armgcc/bin/../lib/gcc/arm-none-eabi/5.4.1/../../../../arm-none-eabi/lib/armv7e-m\libg_n.a(lib_a-memcpy-stub.o)
                0x08002808                memcpy
 .text.memset   0x0800281e       0x10 c:/program files (x86)/embitz/1.11/share/em_armgcc/bin/../lib/gcc/arm-none-eabi/5.4.1/../../../../arm-none-eabi/lib/armv7e-m\libg_n.a(lib_a-memset.o)
                0x0800281e                memset
 .text.__cvt    0x0800282e       0xbe c:/program files (x86)/embitz/1.11/share/em_armgcc/bin/../lib/gcc/arm-none-eabi/5.4.1/../../../../arm-none-eabi/lib/armv7e-m\libg_n.a(lib_a-nano-vfprintf_float.o)
                0x0800282e                __cvt
 .text.__exponent
                0x080028ec       0x60 c:/program files (x86)/embitz/1.11/share/em_armgcc/bin/../lib/gcc/arm-none-eabi/5.4.1/../../../../arm-none-eabi/lib/armv7e-m\libg_n.a(lib_a-nano-vfprintf_float.o)
                0x080028ec                __exponent
 .text._printf_float
                0x0800294c      0x488 c:/program files (x86)/embitz/1.11/share/em_armgcc/bin/../lib/gcc/arm-none-eabi/5.4.1/../../../../arm-none-eabi/lib/armv7e-m\libg_n.a(lib_a-nano-vfprintf_float.o)
                0x0800294c                _printf_float
 .text._printf_common
                0x08002dd4       0xec c:/program files (x86)/embitz/1.11/share/em_armgcc/bin/../lib/gcc/arm-none-eabi/5.4.1/../../../../arm-none-eabi/lib/armv7e-m\libg_n.a(lib_a-nano-vfprintf_i.o)
                0x08002dd4                _printf_common
 .text._printf_i
                0x08002ec0      0x24c c:/program files (x86)/embitz/1.11/share/em_armgcc/bin/../lib/gcc/arm-none-eabi/5.4.1/../../../../arm-none-eabi/lib/armv7e-m\libg_n.a(lib_a-nano-vfprintf_i.o)
                0x08002ec0                _printf_i
 .text._puts_r  0x0800310c       0xb4 c:/program files (x86)/embitz/1.11/share/em_armgcc/bin/../lib/gcc/arm-none-eabi/5.4.1/../../../../arm-none-eabi/lib/armv7e-m\libg_n.a(lib_a-puts.o)
                0x0800310c                _puts_r
 .text.puts     0x080031c0       0x10 c:/program files (x86)/embitz/1.11/share/em_armgcc/bin/../lib/gcc/arm-none-eabi/5.4.1/../../../../arm-none-eabi/lib/armv7e-m\libg_n.a(lib_a-puts.o)
                0x080031c0                puts
 .text.setbuf   0x080031d0       0x10 c:/program files (x86)/embitz/1.11/share/em_armgcc/bin/../lib/gcc/arm-none-eabi/5.4.1/../../../../arm-none-eabi/lib/armv7e-m\libg_n.a(lib_a-setbuf.o)
                0x080031d0                setbuf
 .text.setvbuf  0x080031e0      0x154 c:/program files (x86)/embitz/1.11/share/em_armgcc/bin/../lib/gcc/arm-none-eabi/5.4.1/../../../../arm-none-eabi/lib/armv7e-m\libg_n.a(lib_a-setvbuf.o)
                0x080031e0                setvbuf
 .text.sprintf  0x08003334       0x48 c:/program files (x86)/embitz/1.11/share/em_armgcc/bin/../lib/gcc/arm-none-eabi/5.4.1/../../../../arm-none-eabi/lib/armv7e-m\libg_n.a(lib_a-sprintf.o)
                0x08003334                siprintf
                0x08003334                sprintf
 .text          0x0800337c       0x10 c:/program files (x86)/embitz/1.11/share/em_armgcc/bin/../lib/gcc/arm-none-eabi/5.4.1/../../../../arm-none-eabi/lib/armv7e-m\libg_n.a(lib_a-strlen.o)
                0x0800337c                strlen
 .text.__swbuf_r
                0x0800338c       0xa8 c:/program files (x86)/embitz/1.11/share/em_armgcc/bin/../lib/gcc/arm-none-eabi/5.4.1/../../../../arm-none-eabi/lib/armv7e-m\libg_n.a(lib_a-wbuf.o)
                0x0800338c                __swbuf_r
 .text.__swsetup_r
                0x08003434       0xdc c:/program files (x86)/embitz/1.11/share/em_armgcc/bin/../lib/gcc/arm-none-eabi/5.4.1/../../../../arm-none-eabi/lib/armv7e-m\libg_n.a(lib_a-wsetup.o)
                0x08003434                __swsetup_r
 .text.quorem   0x08003510      0x11e c:/program files (x86)/embitz/1.11/share/em_armgcc/bin/../lib/gcc/arm-none-eabi/5.4.1/../../../../arm-none-eabi/lib/armv7e-m\libg_n.a(lib_a-dtoa.o)
 *fill*         0x0800362e        0x2 
 .text._dtoa_r  0x08003630      0xb38 c:/program files (x86)/embitz/1.11/share/em_armgcc/bin/../lib/gcc/arm-none-eabi/5.4.1/../../../../arm-none-eabi/lib/armv7e-m\libg_n.a(lib_a-dtoa.o)
                0x08003630                _dtoa_r
 .text.__sflush_r
                0x08004168      0x110 c:/program files (x86)/embitz/1.11/share/em_armgcc/bin/../lib/gcc/arm-none-eabi/5.4.1/../../../../arm-none-eabi/lib/armv7e-m\libg_n.a(lib_a-fflush.o)
                0x08004168                __sflush_r
 .text._fflush_r
                0x08004278       0x54 c:/program files (x86)/embitz/1.11/share/em_armgcc/bin/../lib/gcc/arm-none-eabi/5.4.1/../../../../arm-none-eabi/lib/armv7e-m\libg_n.a(lib_a-fflush.o)
                0x08004278                _fflush_r
 .text._cleanup_r
                0x080042cc        0xc c:/program files (x86)/embitz/1.11/share/em_armgcc/bin/../lib/gcc/arm-none-eabi/5.4.1/../../../../arm-none-eabi/lib/armv7e-m\libg_n.a(lib_a-findfp.o)
                0x080042cc                _cleanup_r
 .text.std.isra.0
                0x080042d8       0x48 c:/program files (x86)/embitz/1.11/share/em_armgcc/bin/../lib/gcc/arm-none-eabi/5.4.1/../../../../arm-none-eabi/lib/armv7e-m\libg_n.a(lib_a-findfp.o)
 .text.__sfmoreglue
                0x08004320       0x2c c:/program files (x86)/embitz/1.11/share/em_armgcc/bin/../lib/gcc/arm-none-eabi/5.4.1/../../../../arm-none-eabi/lib/armv7e-m\libg_n.a(lib_a-findfp.o)
                0x08004320                __sfmoreglue
 .text.__sinit  0x0800434c       0x60 c:/program files (x86)/embitz/1.11/share/em_armgcc/bin/../lib/gcc/arm-none-eabi/5.4.1/../../../../arm-none-eabi/lib/armv7e-m\libg_n.a(lib_a-findfp.o)
                0x0800434c                __sinit
 .text.__sfp    0x080043ac       0x78 c:/program files (x86)/embitz/1.11/share/em_armgcc/bin/../lib/gcc/arm-none-eabi/5.4.1/../../../../arm-none-eabi/lib/armv7e-m\libg_n.a(lib_a-findfp.o)
                0x080043ac                __sfp
 .text._fwalk_reent
                0x08004424       0x3c c:/program files (x86)/embitz/1.11/share/em_armgcc/bin/../lib/gcc/arm-none-eabi/5.4.1/../../../../arm-none-eabi/lib/armv7e-m\libg_n.a(lib_a-fwalk.o)
                0x08004424                _fwalk_reent
 .text._localeconv_r
                0x08004460        0x8 c:/program files (x86)/embitz/1.11/share/em_armgcc/bin/../lib/gcc/arm-none-eabi/5.4.1/../../../../arm-none-eabi/lib/armv7e-m\libg_n.a(lib_a-locale.o)
                0x08004460                _localeconv_r
 .text.__swhatbuf_r
                0x08004468       0x46 c:/program files (x86)/embitz/1.11/share/em_armgcc/bin/../lib/gcc/arm-none-eabi/5.4.1/../../../../arm-none-eabi/lib/armv7e-m\libg_n.a(lib_a-makebuf.o)
                0x08004468                __swhatbuf_r
 *fill*         0x080044ae        0x2 
 .text.__smakebuf_r
                0x080044b0       0x78 c:/program files (x86)/embitz/1.11/share/em_armgcc/bin/../lib/gcc/arm-none-eabi/5.4.1/../../../../arm-none-eabi/lib/armv7e-m\libg_n.a(lib_a-makebuf.o)
                0x080044b0                __smakebuf_r
 .text.malloc   0x08004528       0x10 c:/program files (x86)/embitz/1.11/share/em_armgcc/bin/../lib/gcc/arm-none-eabi/5.4.1/../../../../arm-none-eabi/lib/armv7e-m\libg_n.a(lib_a-malloc.o)
                0x08004528                malloc
 *fill*         0x08004538        0x8 
 .text          0x08004540       0xa0 c:/program files (x86)/embitz/1.11/share/em_armgcc/bin/../lib/gcc/arm-none-eabi/5.4.1/../../../../arm-none-eabi/lib/armv7e-m\libg_n.a(lib_a-memchr.o)
                0x08004540                memchr
 .text._Balloc  0x080045e0       0x6a c:/program files (x86)/embitz/1.11/share/em_armgcc/bin/../lib/gcc/arm-none-eabi/5.4.1/../../../../arm-none-eabi/lib/armv7e-m\libg_n.a(lib_a-mprec.o)
                0x080045e0                _Balloc
 .text._Bfree   0x0800464a       0x2e c:/program files (x86)/embitz/1.11/share/em_armgcc/bin/../lib/gcc/arm-none-eabi/5.4.1/../../../../arm-none-eabi/lib/armv7e-m\libg_n.a(lib_a-mprec.o)
                0x0800464a                _Bfree
 .text.__multadd
                0x08004678       0x76 c:/program files (x86)/embitz/1.11/share/em_armgcc/bin/../lib/gcc/arm-none-eabi/5.4.1/../../../../arm-none-eabi/lib/armv7e-m\libg_n.a(lib_a-mprec.o)
                0x08004678                __multadd
 .text.__hi0bits
                0x080046ee       0x40 c:/program files (x86)/embitz/1.11/share/em_armgcc/bin/../lib/gcc/arm-none-eabi/5.4.1/../../../../arm-none-eabi/lib/armv7e-m\libg_n.a(lib_a-mprec.o)
                0x080046ee                __hi0bits
 .text.__lo0bits
                0x0800472e       0x5a c:/program files (x86)/embitz/1.11/share/em_armgcc/bin/../lib/gcc/arm-none-eabi/5.4.1/../../../../arm-none-eabi/lib/armv7e-m\libg_n.a(lib_a-mprec.o)
                0x0800472e                __lo0bits
 .text.__i2b    0x08004788       0x12 c:/program files (x86)/embitz/1.11/share/em_armgcc/bin/../lib/gcc/arm-none-eabi/5.4.1/../../../../arm-none-eabi/lib/armv7e-m\libg_n.a(lib_a-mprec.o)
                0x08004788                __i2b
 .text.__multiply
                0x0800479a      0x122 c:/program files (x86)/embitz/1.11/share/em_armgcc/bin/../lib/gcc/arm-none-eabi/5.4.1/../../../../arm-none-eabi/lib/armv7e-m\libg_n.a(lib_a-mprec.o)
                0x0800479a                __multiply
 .text.__pow5mult
                0x080048bc       0x9c c:/program files (x86)/embitz/1.11/share/em_armgcc/bin/../lib/gcc/arm-none-eabi/5.4.1/../../../../arm-none-eabi/lib/armv7e-m\libg_n.a(lib_a-mprec.o)
                0x080048bc                __pow5mult
 .text.__lshift
                0x08004958       0xa2 c:/program files (x86)/embitz/1.11/share/em_armgcc/bin/../lib/gcc/arm-none-eabi/5.4.1/../../../../arm-none-eabi/lib/armv7e-m\libg_n.a(lib_a-mprec.o)
                0x08004958                __lshift
 .text.__mcmp   0x080049fa       0x38 c:/program files (x86)/embitz/1.11/share/em_armgcc/bin/../lib/gcc/arm-none-eabi/5.4.1/../../../../arm-none-eabi/lib/armv7e-m\libg_n.a(lib_a-mprec.o)
                0x080049fa                __mcmp
 .text.__mdiff  0x08004a32       0xbe c:/program files (x86)/embitz/1.11/share/em_armgcc/bin/../lib/gcc/arm-none-eabi/5.4.1/../../../../arm-none-eabi/lib/armv7e-m\libg_n.a(lib_a-mprec.o)
                0x08004a32                __mdiff
 .text.__d2b    0x08004af0       0x9c c:/program files (x86)/embitz/1.11/share/em_armgcc/bin/../lib/gcc/arm-none-eabi/5.4.1/../../../../arm-none-eabi/lib/armv7e-m\libg_n.a(lib_a-mprec.o)
                0x08004af0                __d2b
 .text._calloc_r
                0x08004b8c       0x1c c:/program files (x86)/embitz/1.11/share/em_armgcc/bin/../lib/gcc/arm-none-eabi/5.4.1/../../../../arm-none-eabi/lib/armv7e-m\libg_n.a(lib_a-nano-callocr.o)
                0x08004b8c                _calloc_r
 .text._free_r  0x08004ba8       0x9c c:/program files (x86)/embitz/1.11/share/em_armgcc/bin/../lib/gcc/arm-none-eabi/5.4.1/../../../../arm-none-eabi/lib/armv7e-m\libg_n.a(lib_a-nano-freer.o)
                0x08004ba8                _free_r
 .text._malloc_r
                0x08004c44       0xbc c:/program files (x86)/embitz/1.11/share/em_armgcc/bin/../lib/gcc/arm-none-eabi/5.4.1/../../../../arm-none-eabi/lib/armv7e-m\libg_n.a(lib_a-nano-mallocr.o)
                0x08004c44                _malloc_r
 .text.__ssputs_r
                0x08004d00       0xb2 c:/program files (x86)/embitz/1.11/share/em_armgcc/bin/../lib/gcc/arm-none-eabi/5.4.1/../../../../arm-none-eabi/lib/armv7e-m\libg_n.a(lib_a-nano-svfprintf.o)
                0x08004d00                __ssputs_r
 *fill*         0x08004db2        0x2 
 .text._svfprintf_r
                0x08004db4      0x1e8 c:/program files (x86)/embitz/1.11/share/em_armgcc/bin/../lib/gcc/arm-none-eabi/5.4.1/../../../../arm-none-eabi/lib/armv7e-m\libg_n.a(lib_a-nano-svfprintf.o)
                0x08004db4                _svfiprintf_r
                0x08004db4                _svfprintf_r
 .text._sbrk_r  0x08004f9c       0x20 c:/program files (x86)/embitz/1.11/share/em_armgcc/bin/../lib/gcc/arm-none-eabi/5.4.1/../../../../arm-none-eabi/lib/armv7e-m\libg_n.a(lib_a-sbrkr.o)
                0x08004f9c                _sbrk_r
 .text.__sread  0x08004fbc       0x22 c:/program files (x86)/embitz/1.11/share/em_armgcc/bin/../lib/gcc/arm-none-eabi/5.4.1/../../../../arm-none-eabi/lib/armv7e-m\libg_n.a(lib_a-stdio.o)
                0x08004fbc                __sread
 .text.__swrite
                0x08004fde       0x38 c:/program files (x86)/embitz/1.11/share/em_armgcc/bin/../lib/gcc/arm-none-eabi/5.4.1/../../../../arm-none-eabi/lib/armv7e-m\libg_n.a(lib_a-stdio.o)
                0x08004fde                __swrite
 .text.__sseek  0x08005016       0x24 c:/program files (x86)/embitz/1.11/share/em_armgcc/bin/../lib/gcc/arm-none-eabi/5.4.1/../../../../arm-none-eabi/lib/armv7e-m\libg_n.a(lib_a-stdio.o)
                0x08005016                __sseek
 .text.__sclose
                0x0800503a        0x8 c:/program files (x86)/embitz/1.11/share/em_armgcc/bin/../lib/gcc/arm-none-eabi/5.4.1/../../../../arm-none-eabi/lib/armv7e-m\libg_n.a(lib_a-stdio.o)
                0x0800503a                __sclose
 *fill*         0x08005042        0x2 
 .text._close_r
                0x08005044       0x20 c:/program files (x86)/embitz/1.11/share/em_armgcc/bin/../lib/gcc/arm-none-eabi/5.4.1/../../../../arm-none-eabi/lib/armv7e-m\libg_n.a(lib_a-closer.o)
                0x08005044                _close_r
 .text._fstat_r
                0x08005064       0x24 c:/program files (x86)/embitz/1.11/share/em_armgcc/bin/../lib/gcc/arm-none-eabi/5.4.1/../../../../arm-none-eabi/lib/armv7e-m\libg_n.a(lib_a-fstatr.o)
                0x08005064                _fstat_r
 .text._isatty_r
                0x08005088       0x20 c:/program files (x86)/embitz/1.11/share/em_armgcc/bin/../lib/gcc/arm-none-eabi/5.4.1/../../../../arm-none-eabi/lib/armv7e-m\libg_n.a(lib_a-isattyr.o)
                0x08005088                _isatty_r
 .text._lseek_r
                0x080050a8       0x24 c:/program files (x86)/embitz/1.11/share/em_armgcc/bin/../lib/gcc/arm-none-eabi/5.4.1/../../../../arm-none-eabi/lib/armv7e-m\libg_n.a(lib_a-lseekr.o)
                0x080050a8                _lseek_r
 .text.memmove  0x080050cc       0x36 c:/program files (x86)/embitz/1.11/share/em_armgcc/bin/../lib/gcc/arm-none-eabi/5.4.1/../../../../arm-none-eabi/lib/armv7e-m\libg_n.a(lib_a-memmove.o)
                0x080050cc                memmove
 .text.__malloc_lock
                0x08005102        0x2 c:/program files (x86)/embitz/1.11/share/em_armgcc/bin/../lib/gcc/arm-none-eabi/5.4.1/../../../../arm-none-eabi/lib/armv7e-m\libg_n.a(lib_a-mlock.o)
                0x08005102                __malloc_lock
 .text.__malloc_unlock
                0x08005104        0x2 c:/program files (x86)/embitz/1.11/share/em_armgcc/bin/../lib/gcc/arm-none-eabi/5.4.1/../../../../arm-none-eabi/lib/armv7e-m\libg_n.a(lib_a-mlock.o)
                0x08005104                __malloc_unlock
 .text._realloc_r
                0x08005106       0x4c c:/program files (x86)/embitz/1.11/share/em_armgcc/bin/../lib/gcc/arm-none-eabi/5.4.1/../../../../arm-none-eabi/lib/armv7e-m\libg_n.a(lib_a-nano-reallocr.o)
                0x08005106                _realloc_r
 *fill*         0x08005152        0x2 
 .text._read_r  0x08005154       0x24 c:/program files (x86)/embitz/1.11/share/em_armgcc/bin/../lib/gcc/arm-none-eabi/5.4.1/../../../../arm-none-eabi/lib/armv7e-m\libg_n.a(lib_a-readr.o)
                0x08005154                _read_r
 .text._malloc_usable_size_r
                0x08005178       0x14 c:/program files (x86)/embitz/1.11/share/em_armgcc/bin/../lib/gcc/arm-none-eabi/5.4.1/../../../../arm-none-eabi/lib/armv7e-m\libg_n.a(lib_a-nano-msizer.o)
                0x08005178                _malloc_usable_size_r
 .text          0x0800518c      0x110 c:/program files (x86)/embitz/1.11/share/em_armgcc/bin/../lib/gcc/arm-none-eabi/5.4.1/armv7e-m\libgcc.a(_arm_cmpdf2.o)
                0x0800518c                __gtdf2
                0x0800518c                __gedf2
                0x08005194                __ltdf2
                0x08005194                __ledf2
                0x0800519c                __nedf2
                0x0800519c                __eqdf2
                0x0800519c                __cmpdf2
                0x08005218                __aeabi_cdrcmple
                0x08005228                __aeabi_cdcmpeq
                0x08005228                __aeabi_cdcmple
                0x08005238                __aeabi_dcmpeq
                0x0800524c                __aeabi_dcmplt
                0x08005260                __aeabi_dcmple
                0x08005274                __aeabi_dcmpge
                0x08005288                __aeabi_dcmpgt
 .text          0x0800529c       0x2c c:/program files (x86)/embitz/1.11/share/em_armgcc/bin/../lib/gcc/arm-none-eabi/5.4.1/armv7e-m\libgcc.a(_arm_unorddf2.o)
                0x0800529c                __unorddf2
                0x0800529c                __aeabi_dcmpun
 .text          0x080052c8       0x50 c:/program files (x86)/embitz/1.11/share/em_armgcc/bin/../lib/gcc/arm-none-eabi/5.4.1/armv7e-m\libgcc.a(_arm_fixdfsi.o)
                0x080052c8                __aeabi_d2iz
                0x080052c8                __fixdfsi
 .text._close   0x08005318       0x10 c:/program files (x86)/embitz/1.11/share/em_armgcc/bin/../lib/gcc/arm-none-eabi/5.4.1/../../../../arm-none-eabi/lib/armv7e-m\libnosys_s.a(close.o)
                0x08005318                _close
 .text._fstat   0x08005328       0x10 c:/program files (x86)/embitz/1.11/share/em_armgcc/bin/../lib/gcc/arm-none-eabi/5.4.1/../../../../arm-none-eabi/lib/armv7e-m\libnosys_s.a(fstat.o)
                0x08005328                _fstat
 .text._isatty  0x08005338       0x10 c:/program files (x86)/embitz/1.11/share/em_armgcc/bin/../lib/gcc/arm-none-eabi/5.4.1/../../../../arm-none-eabi/lib/armv7e-m\libnosys_s.a(isatty.o)
                0x08005338                _isatty
 .text._lseek   0x08005348       0x10 c:/program files (x86)/embitz/1.11/share/em_armgcc/bin/../lib/gcc/arm-none-eabi/5.4.1/../../../../arm-none-eabi/lib/armv7e-m\libnosys_s.a(lseek.o)
                0x08005348                _lseek
 .text._read    0x08005358       0x10 c:/program files (x86)/embitz/1.11/share/em_armgcc/bin/../lib/gcc/arm-none-eabi/5.4.1/../../../../arm-none-eabi/lib/armv7e-m\libnosys_s.a(read.o)
                0x08005358                _read
 .text._sbrk    0x08005368       0x1c c:/program files (x86)/embitz/1.11/share/em_armgcc/bin/../lib/gcc/arm-none-eabi/5.4.1/../../../../arm-none-eabi/lib/armv7e-m\libnosys_s.a(sbrk.o)
                0x08005368                _sbrk
 .text._exit    0x08005384        0x2 c:/program files (x86)/embitz/1.11/share/em_armgcc/bin/../lib/gcc/arm-none-eabi/5.4.1/../../../../arm-none-eabi/lib/armv7e-m\libnosys_s.a(_exit.o)
                0x08005384                _exit
 *(.init)
 *fill*         0x08005386        0x2 
 .init          0x08005388        0x4 c:/program files (x86)/embitz/1.11/share/em_armgcc/bin/../lib/gcc/arm-none-eabi/5.4.1/armv7e-m/crti.o
                0x08005388                _init
 .init          0x0800538c        0x8 c:/program files (x86)/embitz/1.11/share/em_armgcc/bin/../lib/gcc/arm-none-eabi/5.4.1/armv7e-m/crtn.o
 *(.fini)
 .fini          0x08005394        0x4 c:/program files (x86)/embitz/1.11/share/em_armgcc/bin/../lib/gcc/arm-none-eabi/5.4.1/armv7e-m/crti.o
                0x08005394                _fini
 .fini          0x08005398        0x8 c:/program files (x86)/embitz/1.11/share/em_armgcc/bin/../lib/gcc/arm-none-eabi/5.4.1/armv7e-m/crtn.o
 *crtbegin.o(.ctors)
 *crtbegin?.o(.ctors)
 *(EXCLUDE_FILE(*crtend.o *crtend?.o) .ctors)
 *(SORT(.ctors.*))
 *(.ctors)
 *crtbegin.o(.dtors)
 *crtbegin?.o(.dtors)
 *(EXCLUDE_FILE(*crtend.o *crtend?.o) .dtors)
 *(SORT(.dtors.*))
 *(.dtors)
 *(.rodata*)
 .rodata.character_data
                0x080053a0      0x1db obj\debug\src\lcd.o
                0x080053a0                character_data
 *fill*         0x0800557b        0x1 
 .rodata        0x0800557c       0xc9 obj\debug\src\main.o
 .rodata.str1.1
                0x08005645        0x2 c:/program files (x86)/embitz/1.11/share/em_armgcc/bin/../lib/gcc/arm-none-eabi/5.4.1/../../../../arm-none-eabi/lib/armv7e-m\libg_n.a(lib_a-impure.o)
 *fill*         0x08005647        0x1 
 .rodata._global_impure_ptr
                0x08005648        0x4 c:/program files (x86)/embitz/1.11/share/em_armgcc/bin/../lib/gcc/arm-none-eabi/5.4.1/../../../../arm-none-eabi/lib/armv7e-m\libg_n.a(lib_a-impure.o)
                0x08005648                _global_impure_ptr
 .rodata.str1.1
                0x0800564c       0x12 c:/program files (x86)/embitz/1.11/share/em_armgcc/bin/../lib/gcc/arm-none-eabi/5.4.1/../../../../arm-none-eabi/lib/armv7e-m\libg_n.a(lib_a-nano-vfprintf_float.o)
 .rodata.str1.1
                0x0800565e       0x22 c:/program files (x86)/embitz/1.11/share/em_armgcc/bin/../lib/gcc/arm-none-eabi/5.4.1/../../../../arm-none-eabi/lib/armv7e-m\libg_n.a(lib_a-nano-vfprintf_i.o)
 .rodata.str1.1
                0x08005680        0xd c:/program files (x86)/embitz/1.11/share/em_armgcc/bin/../lib/gcc/arm-none-eabi/5.4.1/../../../../arm-none-eabi/lib/armv7e-m\libg_n.a(lib_a-dtoa.o)
                                  0xf (size before relaxing)
 *fill*         0x0800568d        0x3 
 .rodata.__sf_fake_stdin
                0x08005690       0x20 c:/program files (x86)/embitz/1.11/share/em_armgcc/bin/../lib/gcc/arm-none-eabi/5.4.1/../../../../arm-none-eabi/lib/armv7e-m\libg_n.a(lib_a-findfp.o)
                0x08005690                __sf_fake_stdin
 .rodata.__sf_fake_stdout
                0x080056b0       0x20 c:/program files (x86)/embitz/1.11/share/em_armgcc/bin/../lib/gcc/arm-none-eabi/5.4.1/../../../../arm-none-eabi/lib/armv7e-m\libg_n.a(lib_a-findfp.o)
                0x080056b0                __sf_fake_stdout
 .rodata.__sf_fake_stderr
                0x080056d0       0x20 c:/program files (x86)/embitz/1.11/share/em_armgcc/bin/../lib/gcc/arm-none-eabi/5.4.1/../../../../arm-none-eabi/lib/armv7e-m\libg_n.a(lib_a-findfp.o)
                0x080056d0                __sf_fake_stderr
 .rodata.str1.1
                0x080056f0        0x8 c:/program files (x86)/embitz/1.11/share/em_armgcc/bin/../lib/gcc/arm-none-eabi/5.4.1/../../../../arm-none-eabi/lib/armv7e-m\libg_n.a(lib_a-locale.o)
                                  0xb (size before relaxing)
 .rodata.__mprec_tens
                0x080056f8       0xc8 c:/program files (x86)/embitz/1.11/share/em_armgcc/bin/../lib/gcc/arm-none-eabi/5.4.1/../../../../arm-none-eabi/lib/armv7e-m\libg_n.a(lib_a-mprec.o)
                0x080056f8                __mprec_tens
 .rodata.p05.5408
                0x080057c0        0xc c:/program files (x86)/embitz/1.11/share/em_armgcc/bin/../lib/gcc/arm-none-eabi/5.4.1/../../../../arm-none-eabi/lib/armv7e-m\libg_n.a(lib_a-mprec.o)
 *fill*         0x080057cc        0x4 
 .rodata.__mprec_bigtens
                0x080057d0       0x28 c:/program files (x86)/embitz/1.11/share/em_armgcc/bin/../lib/gcc/arm-none-eabi/5.4.1/../../../../arm-none-eabi/lib/armv7e-m\libg_n.a(lib_a-mprec.o)
                0x080057d0                __mprec_bigtens
 .rodata.str1.1
                0x080057f8       0x11 c:/program files (x86)/embitz/1.11/share/em_armgcc/bin/../lib/gcc/arm-none-eabi/5.4.1/../../../../arm-none-eabi/lib/armv7e-m\libg_n.a(lib_a-nano-svfprintf.o)
 *(.eh_frame*)
 *fill*         0x08005809        0x3 
 .eh_frame      0x0800580c        0x0 c:/program files (x86)/embitz/1.11/share/em_armgcc/bin/../lib/gcc/arm-none-eabi/5.4.1/armv7e-m/crtbegin.o
 .eh_frame      0x0800580c        0x4 c:/program files (x86)/embitz/1.11/share/em_armgcc/bin/../lib/gcc/arm-none-eabi/5.4.1/armv7e-m/crtend.o

.glue_7         0x08005810        0x0
 .glue_7        0x08005810        0x0 linker stubs

.glue_7t        0x08005810        0x0
 .glue_7t       0x08005810        0x0 linker stubs

.vfp11_veneer   0x08005810        0x0
 .vfp11_veneer  0x08005810        0x0 linker stubs

.v4_bx          0x08005810        0x0
 .v4_bx         0x08005810        0x0 linker stubs

.iplt           0x08005810        0x0
 .iplt          0x08005810        0x0 c:/program files (x86)/embitz/1.11/share/em_armgcc/bin/../lib/gcc/arm-none-eabi/5.4.1/armv7e-m/crtbegin.o

.ARM.extab
 *(.ARM.extab* .gnu.linkonce.armextab.*)
                0x08005810                __exidx_start = .

.ARM.exidx      0x08005810        0x8
 *(.ARM.exidx* .gnu.linkonce.armexidx.*)
 .ARM.exidx     0x08005810        0x8 c:/program files (x86)/embitz/1.11/share/em_armgcc/bin/../lib/gcc/arm-none-eabi/5.4.1/../../../../arm-none-eabi/lib/armv7e-m/crt0.o
                0x08005818                __exidx_end = .
                0x08005818                __etext = .

.rel.dyn        0x08005818        0x0
 .rel.iplt      0x08005818        0x0 c:/program files (x86)/embitz/1.11/share/em_armgcc/bin/../lib/gcc/arm-none-eabi/5.4.1/armv7e-m/crtbegin.o

.data           0x20000000       0xd0 load address 0x08005818
                0x20000000                __data_start__ = .
 *(vtable)
 *(.data*)
 .data.APBAHBPrescTable
                0x20000000       0x10 obj\debug\spl\src\stm32f30x_rcc.o
 .data.ADCPrescTable
                0x20000010       0x1a obj\debug\spl\src\stm32f30x_rcc.o
 *fill*         0x2000002a        0x2 
 .data.impure_data
                0x2000002c       0x60 c:/program files (x86)/embitz/1.11/share/em_armgcc/bin/../lib/gcc/arm-none-eabi/5.4.1/../../../../arm-none-eabi/lib/armv7e-m\libg_n.a(lib_a-impure.o)
 .data._impure_ptr
                0x2000008c        0x4 c:/program files (x86)/embitz/1.11/share/em_armgcc/bin/../lib/gcc/arm-none-eabi/5.4.1/../../../../arm-none-eabi/lib/armv7e-m\libg_n.a(lib_a-impure.o)
                0x2000008c                _impure_ptr
 .data.lconv    0x20000090       0x38 c:/program files (x86)/embitz/1.11/share/em_armgcc/bin/../lib/gcc/arm-none-eabi/5.4.1/../../../../arm-none-eabi/lib/armv7e-m\libg_n.a(lib_a-locale.o)
                0x200000c8                . = ALIGN (0x4)
                0x200000c8                PROVIDE (__preinit_array_start, .)
 *(.preinit_array)
                0x200000c8                PROVIDE (__preinit_array_end, .)
                0x200000c8                . = ALIGN (0x4)
                0x200000c8                PROVIDE (__init_array_start, .)
 *(SORT(.init_array.*))
 *(.init_array)
 .init_array    0x200000c8        0x4 c:/program files (x86)/embitz/1.11/share/em_armgcc/bin/../lib/gcc/arm-none-eabi/5.4.1/armv7e-m/crtbegin.o
                0x200000cc                PROVIDE (__init_array_end, .)
                0x200000cc                . = ALIGN (0x4)
                [!provide]                PROVIDE (__fini_array_start, .)
 *(SORT(.fini_array.*))
 *(.fini_array)
 .fini_array    0x200000cc        0x4 c:/program files (x86)/embitz/1.11/share/em_armgcc/bin/../lib/gcc/arm-none-eabi/5.4.1/armv7e-m/crtbegin.o
                [!provide]                PROVIDE (__fini_array_end, .)
                0x200000d0                . = ALIGN (0x4)
                0x200000d0                __data_end__ = .

.jcr            0x200000d0        0x0 load address 0x080058e8
 .jcr           0x200000d0        0x0 c:/program files (x86)/embitz/1.11/share/em_armgcc/bin/../lib/gcc/arm-none-eabi/5.4.1/armv7e-m/crtbegin.o

.igot.plt       0x200000d0        0x0 load address 0x080058e8
 .igot.plt      0x200000d0        0x0 c:/program files (x86)/embitz/1.11/share/em_armgcc/bin/../lib/gcc/arm-none-eabi/5.4.1/armv7e-m/crtbegin.o

.bss            0x200000d0       0x30 load address 0x080058e8
                0x200000d0                __bss_start__ = .
 *(.bss*)
 .bss           0x200000d0       0x1c c:/program files (x86)/embitz/1.11/share/em_armgcc/bin/../lib/gcc/arm-none-eabi/5.4.1/armv7e-m/crtbegin.o
 .bss.adc_update_flag
                0x200000ec        0x1 obj\debug\src\main.o
                0x200000ec                adc_update_flag
 .bss.runCalibration
                0x200000ed        0x1 obj\debug\src\main.o
                0x200000ed                runCalibration
 *fill*         0x200000ee        0x2 
 .bss.__malloc_sbrk_start
                0x200000f0        0x4 c:/program files (x86)/embitz/1.11/share/em_armgcc/bin/../lib/gcc/arm-none-eabi/5.4.1/../../../../arm-none-eabi/lib/armv7e-m\libg_n.a(lib_a-nano-mallocr.o)
                0x200000f0                __malloc_sbrk_start
 .bss.__malloc_free_list
                0x200000f4        0x4 c:/program files (x86)/embitz/1.11/share/em_armgcc/bin/../lib/gcc/arm-none-eabi/5.4.1/../../../../arm-none-eabi/lib/armv7e-m\libg_n.a(lib_a-nano-mallocr.o)
                0x200000f4                __malloc_free_list
 .bss.heap_end.4167
                0x200000f8        0x4 c:/program files (x86)/embitz/1.11/share/em_armgcc/bin/../lib/gcc/arm-none-eabi/5.4.1/../../../../arm-none-eabi/lib/armv7e-m\libnosys_s.a(sbrk.o)
 *(COMMON)
 COMMON         0x200000fc        0x4 c:/program files (x86)/embitz/1.11/share/em_armgcc/bin/../lib/gcc/arm-none-eabi/5.4.1/../../../../arm-none-eabi/lib/armv7e-m\libg_n.a(lib_a-reent.o)
                0x200000fc                errno
                0x20000100                __bss_end__ = .

.heap           0x20000100        0x0
                0x20000100                __end__ = .
                0x20000100                end = __end__
 *(.heap*)
 .heap          0x20000100        0x0 obj\debug\src\startup_stm32f30x.o
                0x20000100                __HeapLimit = .

.stack_dummy    0x20000100      0x100
 *(.stack)
 .stack         0x20000100      0x100 obj\debug\src\startup_stm32f30x.o
                0x20004000                __StackTop = (ORIGIN (RAM) + LENGTH (RAM))
                0x20003f00                __StackLimit = (__StackTop - SIZEOF (.stack_dummy))
                0x20004000                PROVIDE (__stack, __StackTop)
                0x00000001                ASSERT ((__StackLimit >= __HeapLimit), region RAM overflowed with stack)
LOAD obj\debug\spl\src\stm32f30x_adc.o
LOAD obj\debug\spl\src\stm32f30x_can.o
LOAD obj\debug\spl\src\stm32f30x_comp.o
LOAD obj\debug\spl\src\stm32f30x_crc.o
LOAD obj\debug\spl\src\stm32f30x_dac.o
LOAD obj\debug\spl\src\stm32f30x_dbgmcu.o
LOAD obj\debug\spl\src\stm32f30x_dma.o
LOAD obj\debug\spl\src\stm32f30x_exti.o
LOAD obj\debug\spl\src\stm32f30x_flash.o
LOAD obj\debug\spl\src\stm32f30x_gpio.o
LOAD obj\debug\spl\src\stm32f30x_i2c.o
LOAD obj\debug\spl\src\stm32f30x_iwdg.o
LOAD obj\debug\spl\src\stm32f30x_misc.o
LOAD obj\debug\spl\src\stm32f30x_opamp.o
LOAD obj\debug\spl\src\stm32f30x_pwr.o
LOAD obj\debug\spl\src\stm32f30x_rcc.o
LOAD obj\debug\spl\src\stm32f30x_rtc.o
LOAD obj\debug\spl\src\stm32f30x_spi.o
LOAD obj\debug\spl\src\stm32f30x_syscfg.o
LOAD obj\debug\spl\src\stm32f30x_tim.o
LOAD obj\debug\spl\src\stm32f30x_usart.o
LOAD obj\debug\spl\src\stm32f30x_wwdg.o
LOAD obj\debug\src\30021_io.o
LOAD obj\debug\src\flash.o
LOAD obj\debug\src\lcd.o
LOAD obj\debug\src\main.o
LOAD obj\debug\src\startup_stm32f30x.o
LOAD obj\debug\src\system_stm32f30x.o
START GROUP
LOAD c:/program files (x86)/embitz/1.11/share/em_armgcc/bin/../lib/gcc/arm-none-eabi/5.4.1/armv7e-m\libgcc.a
LOAD c:/program files (x86)/embitz/1.11/share/em_armgcc/bin/../lib/gcc/arm-none-eabi/5.4.1/../../../../arm-none-eabi/lib/armv7e-m\libg_n.a
LOAD c:/program files (x86)/embitz/1.11/share/em_armgcc/bin/../lib/gcc/arm-none-eabi/5.4.1/../../../../arm-none-eabi/lib/armv7e-m\libc_n.a
END GROUP
START GROUP
LOAD c:/program files (x86)/embitz/1.11/share/em_armgcc/bin/../lib/gcc/arm-none-eabi/5.4.1/armv7e-m\libgcc.a
LOAD c:/program files (x86)/embitz/1.11/share/em_armgcc/bin/../lib/gcc/arm-none-eabi/5.4.1/../../../../arm-none-eabi/lib/armv7e-m\libc_n.a
LOAD c:/program files (x86)/embitz/1.11/share/em_armgcc/bin/../lib/gcc/arm-none-eabi/5.4.1/../../../../arm-none-eabi/lib/armv7e-m\libnosys_s.a
END GROUP
LOAD c:/program files (x86)/embitz/1.11/share/em_armgcc/bin/../lib/gcc/arm-none-eabi/5.4.1/armv7e-m/crtend.o
LOAD c:/program files (x86)/embitz/1.11/share/em_armgcc/bin/../lib/gcc/arm-none-eabi/5.4.1/armv7e-m/crtn.o
OUTPUT(bin\Debug\Assignment2.elf elf32-littlearm)

.ARM.attributes
                0x00000000       0x2a
 .ARM.attributes
                0x00000000       0x1e c:/program files (x86)/embitz/1.11/share/em_armgcc/bin/../lib/gcc/arm-none-eabi/5.4.1/armv7e-m/crti.o
 .ARM.attributes
                0x0000001e       0x2e c:/program files (x86)/embitz/1.11/share/em_armgcc/bin/../lib/gcc/arm-none-eabi/5.4.1/armv7e-m/crtbegin.o
 .ARM.attributes
                0x0000004c       0x1c c:/program files (x86)/embitz/1.11/share/em_armgcc/bin/../lib/gcc/arm-none-eabi/5.4.1/../../../../arm-none-eabi/lib/armv7e-m/crt0.o
 .ARM.attributes
                0x00000068       0x33 obj\debug\spl\src\stm32f30x_adc.o
 .ARM.attributes
                0x0000009b       0x33 obj\debug\spl\src\stm32f30x_exti.o
 .ARM.attributes
                0x000000ce       0x33 obj\debug\spl\src\stm32f30x_gpio.o
 .ARM.attributes
                0x00000101       0x33 obj\debug\spl\src\stm32f30x_misc.o
 .ARM.attributes
                0x00000134       0x33 obj\debug\spl\src\stm32f30x_rcc.o
 .ARM.attributes
                0x00000167       0x33 obj\debug\spl\src\stm32f30x_spi.o
 .ARM.attributes
                0x0000019a       0x33 obj\debug\spl\src\stm32f30x_tim.o
 .ARM.attributes
                0x000001cd       0x33 obj\debug\spl\src\stm32f30x_usart.o
 .ARM.attributes
                0x00000200       0x33 obj\debug\src\30021_io.o
 .ARM.attributes
                0x00000233       0x33 obj\debug\src\lcd.o
 .ARM.attributes
                0x00000266       0x33 obj\debug\src\main.o
 .ARM.attributes
                0x00000299       0x1b obj\debug\src\startup_stm32f30x.o
 .ARM.attributes
                0x000002b4       0x33 obj\debug\src\system_stm32f30x.o
 .ARM.attributes
                0x000002e7       0x1e c:/program files (x86)/embitz/1.11/share/em_armgcc/bin/../lib/gcc/arm-none-eabi/5.4.1/armv7e-m\libgcc.a(_arm_addsubdf3.o)
 .ARM.attributes
                0x00000305       0x1e c:/program files (x86)/embitz/1.11/share/em_armgcc/bin/../lib/gcc/arm-none-eabi/5.4.1/armv7e-m\libgcc.a(_arm_muldivdf3.o)
 .ARM.attributes
                0x00000323       0x2e c:/program files (x86)/embitz/1.11/share/em_armgcc/bin/../lib/gcc/arm-none-eabi/5.4.1/../../../../arm-none-eabi/lib/armv7e-m\libg_n.a(lib_a-exit.o)
 .ARM.attributes
                0x00000351       0x2e c:/program files (x86)/embitz/1.11/share/em_armgcc/bin/../lib/gcc/arm-none-eabi/5.4.1/../../../../arm-none-eabi/lib/armv7e-m\libg_n.a(lib_a-impure.o)
 .ARM.attributes
                0x0000037f       0x2e c:/program files (x86)/embitz/1.11/share/em_armgcc/bin/../lib/gcc/arm-none-eabi/5.4.1/../../../../arm-none-eabi/lib/armv7e-m\libg_n.a(lib_a-init.o)
 .ARM.attributes
                0x000003ad       0x2e c:/program files (x86)/embitz/1.11/share/em_armgcc/bin/../lib/gcc/arm-none-eabi/5.4.1/../../../../arm-none-eabi/lib/armv7e-m\libg_n.a(lib_a-memcpy-stub.o)
 .ARM.attributes
                0x000003db       0x2e c:/program files (x86)/embitz/1.11/share/em_armgcc/bin/../lib/gcc/arm-none-eabi/5.4.1/../../../../arm-none-eabi/lib/armv7e-m\libg_n.a(lib_a-memset.o)
 .ARM.attributes
                0x00000409       0x2e c:/program files (x86)/embitz/1.11/share/em_armgcc/bin/../lib/gcc/arm-none-eabi/5.4.1/../../../../arm-none-eabi/lib/armv7e-m\libg_n.a(lib_a-nano-vfprintf_float.o)
 .ARM.attributes
                0x00000437       0x2e c:/program files (x86)/embitz/1.11/share/em_armgcc/bin/../lib/gcc/arm-none-eabi/5.4.1/../../../../arm-none-eabi/lib/armv7e-m\libg_n.a(lib_a-nano-vfprintf_i.o)
 .ARM.attributes
                0x00000465       0x2e c:/program files (x86)/embitz/1.11/share/em_armgcc/bin/../lib/gcc/arm-none-eabi/5.4.1/../../../../arm-none-eabi/lib/armv7e-m\libg_n.a(lib_a-puts.o)
 .ARM.attributes
                0x00000493       0x2e c:/program files (x86)/embitz/1.11/share/em_armgcc/bin/../lib/gcc/arm-none-eabi/5.4.1/../../../../arm-none-eabi/lib/armv7e-m\libg_n.a(lib_a-setbuf.o)
 .ARM.attributes
                0x000004c1       0x2e c:/program files (x86)/embitz/1.11/share/em_armgcc/bin/../lib/gcc/arm-none-eabi/5.4.1/../../../../arm-none-eabi/lib/armv7e-m\libg_n.a(lib_a-setvbuf.o)
 .ARM.attributes
                0x000004ef       0x2e c:/program files (x86)/embitz/1.11/share/em_armgcc/bin/../lib/gcc/arm-none-eabi/5.4.1/../../../../arm-none-eabi/lib/armv7e-m\libg_n.a(lib_a-sprintf.o)
 .ARM.attributes
                0x0000051d       0x17 c:/program files (x86)/embitz/1.11/share/em_armgcc/bin/../lib/gcc/arm-none-eabi/5.4.1/../../../../arm-none-eabi/lib/armv7e-m\libg_n.a(lib_a-strlen.o)
 .ARM.attributes
                0x00000534       0x2e c:/program files (x86)/embitz/1.11/share/em_armgcc/bin/../lib/gcc/arm-none-eabi/5.4.1/../../../../arm-none-eabi/lib/armv7e-m\libg_n.a(lib_a-wbuf.o)
 .ARM.attributes
                0x00000562       0x2e c:/program files (x86)/embitz/1.11/share/em_armgcc/bin/../lib/gcc/arm-none-eabi/5.4.1/../../../../arm-none-eabi/lib/armv7e-m\libg_n.a(lib_a-wsetup.o)
 .ARM.attributes
                0x00000590       0x2e c:/program files (x86)/embitz/1.11/share/em_armgcc/bin/../lib/gcc/arm-none-eabi/5.4.1/../../../../arm-none-eabi/lib/armv7e-m\libg_n.a(lib_a-dtoa.o)
 .ARM.attributes
                0x000005be       0x2e c:/program files (x86)/embitz/1.11/share/em_armgcc/bin/../lib/gcc/arm-none-eabi/5.4.1/../../../../arm-none-eabi/lib/armv7e-m\libg_n.a(lib_a-fflush.o)
 .ARM.attributes
                0x000005ec       0x2e c:/program files (x86)/embitz/1.11/share/em_armgcc/bin/../lib/gcc/arm-none-eabi/5.4.1/../../../../arm-none-eabi/lib/armv7e-m\libg_n.a(lib_a-findfp.o)
 .ARM.attributes
                0x0000061a       0x2e c:/program files (x86)/embitz/1.11/share/em_armgcc/bin/../lib/gcc/arm-none-eabi/5.4.1/../../../../arm-none-eabi/lib/armv7e-m\libg_n.a(lib_a-fwalk.o)
 .ARM.attributes
                0x00000648       0x2e c:/program files (x86)/embitz/1.11/share/em_armgcc/bin/../lib/gcc/arm-none-eabi/5.4.1/../../../../arm-none-eabi/lib/armv7e-m\libg_n.a(lib_a-locale.o)
 .ARM.attributes
                0x00000676       0x2e c:/program files (x86)/embitz/1.11/share/em_armgcc/bin/../lib/gcc/arm-none-eabi/5.4.1/../../../../arm-none-eabi/lib/armv7e-m\libg_n.a(lib_a-makebuf.o)
 .ARM.attributes
                0x000006a4       0x2e c:/program files (x86)/embitz/1.11/share/em_armgcc/bin/../lib/gcc/arm-none-eabi/5.4.1/../../../../arm-none-eabi/lib/armv7e-m\libg_n.a(lib_a-malloc.o)
 .ARM.attributes
                0x000006d2       0x1c c:/program files (x86)/embitz/1.11/share/em_armgcc/bin/../lib/gcc/arm-none-eabi/5.4.1/../../../../arm-none-eabi/lib/armv7e-m\libg_n.a(lib_a-memchr.o)
 .ARM.attributes
                0x000006ee       0x2e c:/program files (x86)/embitz/1.11/share/em_armgcc/bin/../lib/gcc/arm-none-eabi/5.4.1/../../../../arm-none-eabi/lib/armv7e-m\libg_n.a(lib_a-mprec.o)
 .ARM.attributes
                0x0000071c       0x2e c:/program files (x86)/embitz/1.11/share/em_armgcc/bin/../lib/gcc/arm-none-eabi/5.4.1/../../../../arm-none-eabi/lib/armv7e-m\libg_n.a(lib_a-nano-callocr.o)
 .ARM.attributes
                0x0000074a       0x2e c:/program files (x86)/embitz/1.11/share/em_armgcc/bin/../lib/gcc/arm-none-eabi/5.4.1/../../../../arm-none-eabi/lib/armv7e-m\libg_n.a(lib_a-nano-freer.o)
 .ARM.attributes
                0x00000778       0x2e c:/program files (x86)/embitz/1.11/share/em_armgcc/bin/../lib/gcc/arm-none-eabi/5.4.1/../../../../arm-none-eabi/lib/armv7e-m\libg_n.a(lib_a-nano-mallocr.o)
 .ARM.attributes
                0x000007a6       0x2e c:/program files (x86)/embitz/1.11/share/em_armgcc/bin/../lib/gcc/arm-none-eabi/5.4.1/../../../../arm-none-eabi/lib/armv7e-m\libg_n.a(lib_a-nano-svfprintf.o)
 .ARM.attributes
                0x000007d4       0x2e c:/program files (x86)/embitz/1.11/share/em_armgcc/bin/../lib/gcc/arm-none-eabi/5.4.1/../../../../arm-none-eabi/lib/armv7e-m\libg_n.a(lib_a-sbrkr.o)
 .ARM.attributes
                0x00000802       0x2e c:/program files (x86)/embitz/1.11/share/em_armgcc/bin/../lib/gcc/arm-none-eabi/5.4.1/../../../../arm-none-eabi/lib/armv7e-m\libg_n.a(lib_a-stdio.o)
 .ARM.attributes
                0x00000830       0x2e c:/program files (x86)/embitz/1.11/share/em_armgcc/bin/../lib/gcc/arm-none-eabi/5.4.1/../../../../arm-none-eabi/lib/armv7e-m\libg_n.a(lib_a-closer.o)
 .ARM.attributes
                0x0000085e       0x2e c:/program files (x86)/embitz/1.11/share/em_armgcc/bin/../lib/gcc/arm-none-eabi/5.4.1/../../../../arm-none-eabi/lib/armv7e-m\libg_n.a(lib_a-fstatr.o)
 .ARM.attributes
                0x0000088c       0x2e c:/program files (x86)/embitz/1.11/share/em_armgcc/bin/../lib/gcc/arm-none-eabi/5.4.1/../../../../arm-none-eabi/lib/armv7e-m\libg_n.a(lib_a-isattyr.o)
 .ARM.attributes
                0x000008ba       0x2e c:/program files (x86)/embitz/1.11/share/em_armgcc/bin/../lib/gcc/arm-none-eabi/5.4.1/../../../../arm-none-eabi/lib/armv7e-m\libg_n.a(lib_a-lseekr.o)
 .ARM.attributes
                0x000008e8       0x2e c:/program files (x86)/embitz/1.11/share/em_armgcc/bin/../lib/gcc/arm-none-eabi/5.4.1/../../../../arm-none-eabi/lib/armv7e-m\libg_n.a(lib_a-memmove.o)
 .ARM.attributes
                0x00000916       0x2e c:/program files (x86)/embitz/1.11/share/em_armgcc/bin/../lib/gcc/arm-none-eabi/5.4.1/../../../../arm-none-eabi/lib/armv7e-m\libg_n.a(lib_a-mlock.o)
 .ARM.attributes
                0x00000944       0x2e c:/program files (x86)/embitz/1.11/share/em_armgcc/bin/../lib/gcc/arm-none-eabi/5.4.1/../../../../arm-none-eabi/lib/armv7e-m\libg_n.a(lib_a-nano-reallocr.o)
 .ARM.attributes
                0x00000972       0x2e c:/program files (x86)/embitz/1.11/share/em_armgcc/bin/../lib/gcc/arm-none-eabi/5.4.1/../../../../arm-none-eabi/lib/armv7e-m\libg_n.a(lib_a-readr.o)
 .ARM.attributes
                0x000009a0       0x2e c:/program files (x86)/embitz/1.11/share/em_armgcc/bin/../lib/gcc/arm-none-eabi/5.4.1/../../../../arm-none-eabi/lib/armv7e-m\libg_n.a(lib_a-reent.o)
 .ARM.attributes
                0x000009ce       0x2e c:/program files (x86)/embitz/1.11/share/em_armgcc/bin/../lib/gcc/arm-none-eabi/5.4.1/../../../../arm-none-eabi/lib/armv7e-m\libg_n.a(lib_a-nano-msizer.o)
 .ARM.attributes
                0x000009fc       0x1e c:/program files (x86)/embitz/1.11/share/em_armgcc/bin/../lib/gcc/arm-none-eabi/5.4.1/armv7e-m\libgcc.a(_arm_cmpdf2.o)
 .ARM.attributes
                0x00000a1a       0x1e c:/program files (x86)/embitz/1.11/share/em_armgcc/bin/../lib/gcc/arm-none-eabi/5.4.1/armv7e-m\libgcc.a(_arm_unorddf2.o)
 .ARM.attributes
                0x00000a38       0x1e c:/program files (x86)/embitz/1.11/share/em_armgcc/bin/../lib/gcc/arm-none-eabi/5.4.1/armv7e-m\libgcc.a(_arm_fixdfsi.o)
 .ARM.attributes
                0x00000a56       0x2e c:/program files (x86)/embitz/1.11/share/em_armgcc/bin/../lib/gcc/arm-none-eabi/5.4.1/../../../../arm-none-eabi/lib/armv7e-m\libnosys_s.a(close.o)
 .ARM.attributes
                0x00000a84       0x2e c:/program files (x86)/embitz/1.11/share/em_armgcc/bin/../lib/gcc/arm-none-eabi/5.4.1/../../../../arm-none-eabi/lib/armv7e-m\libnosys_s.a(fstat.o)
 .ARM.attributes
                0x00000ab2       0x2e c:/program files (x86)/embitz/1.11/share/em_armgcc/bin/../lib/gcc/arm-none-eabi/5.4.1/../../../../arm-none-eabi/lib/armv7e-m\libnosys_s.a(isatty.o)
 .ARM.attributes
                0x00000ae0       0x2e c:/program files (x86)/embitz/1.11/share/em_armgcc/bin/../lib/gcc/arm-none-eabi/5.4.1/../../../../arm-none-eabi/lib/armv7e-m\libnosys_s.a(lseek.o)
 .ARM.attributes
                0x00000b0e       0x2e c:/program files (x86)/embitz/1.11/share/em_armgcc/bin/../lib/gcc/arm-none-eabi/5.4.1/../../../../arm-none-eabi/lib/armv7e-m\libnosys_s.a(read.o)
 .ARM.attributes
                0x00000b3c       0x2e c:/program files (x86)/embitz/1.11/share/em_armgcc/bin/../lib/gcc/arm-none-eabi/5.4.1/../../../../arm-none-eabi/lib/armv7e-m\libnosys_s.a(sbrk.o)
 .ARM.attributes
                0x00000b6a       0x2e c:/program files (x86)/embitz/1.11/share/em_armgcc/bin/../lib/gcc/arm-none-eabi/5.4.1/../../../../arm-none-eabi/lib/armv7e-m\libnosys_s.a(_exit.o)
 .ARM.attributes
                0x00000b98       0x2e c:/program files (x86)/embitz/1.11/share/em_armgcc/bin/../lib/gcc/arm-none-eabi/5.4.1/armv7e-m/crtend.o
 .ARM.attributes
                0x00000bc6       0x1e c:/program files (x86)/embitz/1.11/share/em_armgcc/bin/../lib/gcc/arm-none-eabi/5.4.1/armv7e-m/crtn.o

.comment        0x00000000       0x6e
 .comment       0x00000000       0x6e obj\debug\spl\src\stm32f30x_adc.o
                                 0x6f (size before relaxing)
 .comment       0x0000006e       0x6f obj\debug\spl\src\stm32f30x_exti.o
 .comment       0x0000006e       0x6f obj\debug\spl\src\stm32f30x_gpio.o
 .comment       0x0000006e       0x6f obj\debug\spl\src\stm32f30x_misc.o
 .comment       0x0000006e       0x6f obj\debug\spl\src\stm32f30x_rcc.o
 .comment       0x0000006e       0x6f obj\debug\spl\src\stm32f30x_spi.o
 .comment       0x0000006e       0x6f obj\debug\spl\src\stm32f30x_tim.o
 .comment       0x0000006e       0x6f obj\debug\spl\src\stm32f30x_usart.o
 .comment       0x0000006e       0x6f obj\debug\src\30021_io.o
 .comment       0x0000006e       0x6f obj\debug\src\lcd.o
 .comment       0x0000006e       0x6f obj\debug\src\main.o
 .comment       0x0000006e       0x6f obj\debug\src\system_stm32f30x.o

.debug_info     0x00000000     0x8fe5
 .debug_info    0x00000000     0x1327 obj\debug\spl\src\stm32f30x_adc.o
 .debug_info    0x00001327      0x3cc obj\debug\spl\src\stm32f30x_exti.o
 .debug_info    0x000016f3      0x61a obj\debug\spl\src\stm32f30x_gpio.o
 .debug_info    0x00001d0d      0x55e obj\debug\spl\src\stm32f30x_misc.o
 .debug_info    0x0000226b      0xad4 obj\debug\spl\src\stm32f30x_rcc.o
 .debug_info    0x00002d3f      0xb82 obj\debug\spl\src\stm32f30x_spi.o
 .debug_info    0x000038c1     0x2194 obj\debug\spl\src\stm32f30x_tim.o
 .debug_info    0x00005a55      0xecc obj\debug\spl\src\stm32f30x_usart.o
 .debug_info    0x00006921      0xd55 obj\debug\src\30021_io.o
 .debug_info    0x00007676      0x5d6 obj\debug\src\lcd.o
 .debug_info    0x00007c4c      0xea7 obj\debug\src\main.o
 .debug_info    0x00008af3       0x82 obj\debug\src\startup_stm32f30x.o
 .debug_info    0x00008b75      0x470 obj\debug\src\system_stm32f30x.o

.debug_abbrev   0x00000000     0x13bd
 .debug_abbrev  0x00000000      0x197 obj\debug\spl\src\stm32f30x_adc.o
 .debug_abbrev  0x00000197      0x183 obj\debug\spl\src\stm32f30x_exti.o
 .debug_abbrev  0x0000031a      0x19d obj\debug\spl\src\stm32f30x_gpio.o
 .debug_abbrev  0x000004b7      0x14c obj\debug\spl\src\stm32f30x_misc.o
 .debug_abbrev  0x00000603      0x1ea obj\debug\spl\src\stm32f30x_rcc.o
 .debug_abbrev  0x000007ed      0x190 obj\debug\spl\src\stm32f30x_spi.o
 .debug_abbrev  0x0000097d      0x18e obj\debug\spl\src\stm32f30x_tim.o
 .debug_abbrev  0x00000b0b      0x15c obj\debug\spl\src\stm32f30x_usart.o
 .debug_abbrev  0x00000c67      0x23b obj\debug\src\30021_io.o
 .debug_abbrev  0x00000ea2      0x197 obj\debug\src\lcd.o
 .debug_abbrev  0x00001039      0x256 obj\debug\src\main.o
 .debug_abbrev  0x0000128f       0x14 obj\debug\src\startup_stm32f30x.o
 .debug_abbrev  0x000012a3      0x11a obj\debug\src\system_stm32f30x.o

.debug_aranges  0x00000000      0xc48
 .debug_aranges
                0x00000000      0x210 obj\debug\spl\src\stm32f30x_adc.o
 .debug_aranges
                0x00000210       0x58 obj\debug\spl\src\stm32f30x_exti.o
 .debug_aranges
                0x00000268       0x80 obj\debug\spl\src\stm32f30x_gpio.o
 .debug_aranges
                0x000002e8       0x40 obj\debug\spl\src\stm32f30x_misc.o
 .debug_aranges
                0x00000328      0x150 obj\debug\spl\src\stm32f30x_rcc.o
 .debug_aranges
                0x00000478      0x118 obj\debug\spl\src\stm32f30x_spi.o
 .debug_aranges
                0x00000590      0x3a8 obj\debug\spl\src\stm32f30x_tim.o
 .debug_aranges
                0x00000938      0x1a0 obj\debug\spl\src\stm32f30x_usart.o
 .debug_aranges
                0x00000ad8       0x38 obj\debug\src\30021_io.o
 .debug_aranges
                0x00000b10       0x50 obj\debug\src\lcd.o
 .debug_aranges
                0x00000b60       0x98 obj\debug\src\main.o
 .debug_aranges
                0x00000bf8       0x20 obj\debug\src\startup_stm32f30x.o
 .debug_aranges
                0x00000c18       0x30 obj\debug\src\system_stm32f30x.o

.debug_ranges   0x00000000      0xb80
 .debug_ranges  0x00000000      0x200 obj\debug\spl\src\stm32f30x_adc.o
 .debug_ranges  0x00000200       0x48 obj\debug\spl\src\stm32f30x_exti.o
 .debug_ranges  0x00000248       0x70 obj\debug\spl\src\stm32f30x_gpio.o
 .debug_ranges  0x000002b8       0x30 obj\debug\spl\src\stm32f30x_misc.o
 .debug_ranges  0x000002e8      0x140 obj\debug\spl\src\stm32f30x_rcc.o
 .debug_ranges  0x00000428      0x108 obj\debug\spl\src\stm32f30x_spi.o
 .debug_ranges  0x00000530      0x398 obj\debug\spl\src\stm32f30x_tim.o
 .debug_ranges  0x000008c8      0x190 obj\debug\spl\src\stm32f30x_usart.o
 .debug_ranges  0x00000a58       0x28 obj\debug\src\30021_io.o
 .debug_ranges  0x00000a80       0x58 obj\debug\src\lcd.o
 .debug_ranges  0x00000ad8       0x88 obj\debug\src\main.o
 .debug_ranges  0x00000b60       0x20 obj\debug\src\system_stm32f30x.o

.debug_macro    0x00000000    0x10497
 .debug_macro   0x00000000      0x1b3 obj\debug\spl\src\stm32f30x_adc.o
 .debug_macro   0x000001b3      0x892 obj\debug\spl\src\stm32f30x_adc.o
 .debug_macro   0x00000a45       0x74 obj\debug\spl\src\stm32f30x_adc.o
 .debug_macro   0x00000ab9       0x35 obj\debug\spl\src\stm32f30x_adc.o
 .debug_macro   0x00000aee       0x22 obj\debug\spl\src\stm32f30x_adc.o
 .debug_macro   0x00000b10       0x87 obj\debug\spl\src\stm32f30x_adc.o
 .debug_macro   0x00000b97       0x44 obj\debug\spl\src\stm32f30x_adc.o
 .debug_macro   0x00000bdb       0xfd obj\debug\spl\src\stm32f30x_adc.o
 .debug_macro   0x00000cd8       0x5e obj\debug\spl\src\stm32f30x_adc.o
 .debug_macro   0x00000d36      0x1df obj\debug\spl\src\stm32f30x_adc.o
 .debug_macro   0x00000f15       0x18 obj\debug\spl\src\stm32f30x_adc.o
 .debug_macro   0x00000f2d       0x42 obj\debug\spl\src\stm32f30x_adc.o
 .debug_macro   0x00000f6f      0x8cb obj\debug\spl\src\stm32f30x_adc.o
 .debug_macro   0x0000183a     0x769b obj\debug\spl\src\stm32f30x_adc.o
 .debug_macro   0x00008ed5      0x3c9 obj\debug\spl\src\stm32f30x_adc.o
 .debug_macro   0x0000929e       0x46 obj\debug\spl\src\stm32f30x_adc.o
 .debug_macro   0x000092e4      0x231 obj\debug\spl\src\stm32f30x_adc.o
 .debug_macro   0x00009515      0x196 obj\debug\spl\src\stm32f30x_adc.o
 .debug_macro   0x000096ab       0x8e obj\debug\spl\src\stm32f30x_adc.o
 .debug_macro   0x00009739      0x3a8 obj\debug\spl\src\stm32f30x_adc.o
 .debug_macro   0x00009ae1      0x114 obj\debug\spl\src\stm32f30x_adc.o
 .debug_macro   0x00009bf5      0x1e4 obj\debug\spl\src\stm32f30x_adc.o
 .debug_macro   0x00009dd9      0x1b6 obj\debug\spl\src\stm32f30x_adc.o
 .debug_macro   0x00009f8f      0x1df obj\debug\spl\src\stm32f30x_adc.o
 .debug_macro   0x0000a16e      0x29a obj\debug\spl\src\stm32f30x_adc.o
 .debug_macro   0x0000a408       0x70 obj\debug\spl\src\stm32f30x_adc.o
 .debug_macro   0x0000a478      0x10c obj\debug\spl\src\stm32f30x_adc.o
 .debug_macro   0x0000a584       0xb8 obj\debug\spl\src\stm32f30x_adc.o
 .debug_macro   0x0000a63c      0x5c6 obj\debug\spl\src\stm32f30x_adc.o
 .debug_macro   0x0000ac02      0x551 obj\debug\spl\src\stm32f30x_adc.o
 .debug_macro   0x0000b153      0x3ab obj\debug\spl\src\stm32f30x_adc.o
 .debug_macro   0x0000b4fe      0x8d8 obj\debug\spl\src\stm32f30x_adc.o
 .debug_macro   0x0000bdd6      0x364 obj\debug\spl\src\stm32f30x_adc.o
 .debug_macro   0x0000c13a       0x34 obj\debug\spl\src\stm32f30x_adc.o
 .debug_macro   0x0000c16e       0x89 obj\debug\spl\src\stm32f30x_adc.o
 .debug_macro   0x0000c1f7       0x35 obj\debug\spl\src\stm32f30x_adc.o
 .debug_macro   0x0000c22c      0x5a6 obj\debug\spl\src\stm32f30x_adc.o
 .debug_macro   0x0000c7d2      0x1a1 obj\debug\spl\src\stm32f30x_exti.o
 .debug_macro   0x0000c973      0x10e obj\debug\spl\src\stm32f30x_exti.o
 .debug_macro   0x0000ca81      0x19b obj\debug\spl\src\stm32f30x_gpio.o
 .debug_macro   0x0000cc1c      0x1b0 obj\debug\spl\src\stm32f30x_gpio.o
 .debug_macro   0x0000cdcc      0x1a1 obj\debug\spl\src\stm32f30x_misc.o
 .debug_macro   0x0000cf6d       0x83 obj\debug\spl\src\stm32f30x_misc.o
 .debug_macro   0x0000cff0      0x238 obj\debug\spl\src\stm32f30x_rcc.o
 .debug_macro   0x0000d228      0x5c0 obj\debug\spl\src\stm32f30x_rcc.o
 .debug_macro   0x0000d7e8      0x1b0 obj\debug\spl\src\stm32f30x_spi.o
 .debug_macro   0x0000d998      0x3a5 obj\debug\spl\src\stm32f30x_spi.o
 .debug_macro   0x0000dd3d      0x1c5 obj\debug\spl\src\stm32f30x_tim.o
 .debug_macro   0x0000df02      0x8d2 obj\debug\spl\src\stm32f30x_tim.o
 .debug_macro   0x0000e7d4      0x1b3 obj\debug\spl\src\stm32f30x_usart.o
 .debug_macro   0x0000e987      0x35e obj\debug\spl\src\stm32f30x_usart.o
 .debug_macro   0x0000ece5      0x2d8 obj\debug\src\30021_io.o
 .debug_macro   0x0000efbd       0x52 obj\debug\src\30021_io.o
 .debug_macro   0x0000f00f       0x35 obj\debug\src\30021_io.o
 .debug_macro   0x0000f044       0x9c obj\debug\src\30021_io.o
 .debug_macro   0x0000f0e0       0x16 obj\debug\src\30021_io.o
 .debug_macro   0x0000f0f6       0x97 obj\debug\src\30021_io.o
 .debug_macro   0x0000f18d      0x30d obj\debug\src\30021_io.o
 .debug_macro   0x0000f49a       0xfd obj\debug\src\30021_io.o
 .debug_macro   0x0000f597       0x10 obj\debug\src\30021_io.o
 .debug_macro   0x0000f5a7       0x52 obj\debug\src\30021_io.o
 .debug_macro   0x0000f5f9       0x1f obj\debug\src\30021_io.o
 .debug_macro   0x0000f618       0x43 obj\debug\src\30021_io.o
 .debug_macro   0x0000f65b       0x20 obj\debug\src\30021_io.o
 .debug_macro   0x0000f67b      0x187 obj\debug\src\30021_io.o
 .debug_macro   0x0000f802       0x10 obj\debug\src\30021_io.o
 .debug_macro   0x0000f812       0x1c obj\debug\src\30021_io.o
 .debug_macro   0x0000f82e       0x52 obj\debug\src\30021_io.o
 .debug_macro   0x0000f880       0x40 obj\debug\src\30021_io.o
 .debug_macro   0x0000f8c0       0x10 obj\debug\src\30021_io.o
 .debug_macro   0x0000f8d0       0x40 obj\debug\src\30021_io.o
 .debug_macro   0x0000f910       0xd7 obj\debug\src\30021_io.o
 .debug_macro   0x0000f9e7       0x16 obj\debug\src\30021_io.o
 .debug_macro   0x0000f9fd      0x189 obj\debug\src\30021_io.o
 .debug_macro   0x0000fb86      0x258 obj\debug\src\lcd.o
 .debug_macro   0x0000fdde      0x174 obj\debug\src\lcd.o
 .debug_macro   0x0000ff52       0x10 obj\debug\src\lcd.o
 .debug_macro   0x0000ff62       0x35 obj\debug\src\lcd.o
 .debug_macro   0x0000ff97       0x1c obj\debug\src\lcd.o
 .debug_macro   0x0000ffb3      0x315 obj\debug\src\main.o
 .debug_macro   0x000102c8       0x16 obj\debug\src\main.o
 .debug_macro   0x000102de       0x22 obj\debug\src\main.o
 .debug_macro   0x00010300      0x197 obj\debug\src\system_stm32f30x.o

.debug_line     0x00000000     0x58b4
 .debug_line    0x00000000      0xa20 obj\debug\spl\src\stm32f30x_adc.o
 .debug_line    0x00000a20      0x4f9 obj\debug\spl\src\stm32f30x_exti.o
 .debug_line    0x00000f19      0x57f obj\debug\spl\src\stm32f30x_gpio.o
 .debug_line    0x00001498      0x49a obj\debug\spl\src\stm32f30x_misc.o
 .debug_line    0x00001932      0x7e5 obj\debug\spl\src\stm32f30x_rcc.o
 .debug_line    0x00002117      0x736 obj\debug\spl\src\stm32f30x_spi.o
 .debug_line    0x0000284d      0xeef obj\debug\spl\src\stm32f30x_tim.o
 .debug_line    0x0000373c      0x86c obj\debug\spl\src\stm32f30x_usart.o
 .debug_line    0x00003fa8      0x5cb obj\debug\src\30021_io.o
 .debug_line    0x00004573      0x650 obj\debug\src\lcd.o
 .debug_line    0x00004bc3      0x7a3 obj\debug\src\main.o
 .debug_line    0x00005366       0xbb obj\debug\src\startup_stm32f30x.o
 .debug_line    0x00005421      0x493 obj\debug\src\system_stm32f30x.o

.debug_str      0x00000000    0x59ec6
 .debug_str     0x00000000    0x52bf9 obj\debug\spl\src\stm32f30x_adc.o
                              0x52da3 (size before relaxing)
 .debug_str     0x00052bf9      0x1e8 obj\debug\spl\src\stm32f30x_exti.o
                              0x52526 (size before relaxing)
 .debug_str     0x00052de1      0x29c obj\debug\spl\src\stm32f30x_gpio.o
                              0x52623 (size before relaxing)
 .debug_str     0x0005307d      0x21d obj\debug\spl\src\stm32f30x_misc.o
                              0x5257c (size before relaxing)
 .debug_str     0x0005329a      0xa51 obj\debug\spl\src\stm32f30x_rcc.o
                              0x52dd7 (size before relaxing)
 .debug_str     0x00053ceb      0x4b5 obj\debug\spl\src\stm32f30x_spi.o
                              0x529b4 (size before relaxing)
 .debug_str     0x000541a0      0xdea obj\debug\spl\src\stm32f30x_tim.o
                              0x531ca (size before relaxing)
 .debug_str     0x00054f8a      0x7e5 obj\debug\spl\src\stm32f30x_usart.o
                              0x52cab (size before relaxing)
 .debug_str     0x0005576f     0x3e9a obj\debug\src\30021_io.o
                              0x56483 (size before relaxing)
 .debug_str     0x00059609      0x134 obj\debug\src\lcd.o
                              0x54f38 (size before relaxing)
 .debug_str     0x0005973d      0x706 obj\debug\src\main.o
                              0x56b10 (size before relaxing)
 .debug_str     0x00059e43       0x83 obj\debug\src\system_stm32f30x.o
                              0x52469 (size before relaxing)

.debug_frame    0x00000000     0x4444
 .debug_frame   0x00000000      0x9e4 obj\debug\spl\src\stm32f30x_adc.o
 .debug_frame   0x000009e4      0x148 obj\debug\spl\src\stm32f30x_exti.o
 .debug_frame   0x00000b2c      0x214 obj\debug\spl\src\stm32f30x_gpio.o
 .debug_frame   0x00000d40       0xd8 obj\debug\spl\src\stm32f30x_misc.o
 .debug_frame   0x00000e18      0x60c obj\debug\spl\src\stm32f30x_rcc.o
 .debug_frame   0x00001424      0x508 obj\debug\spl\src\stm32f30x_spi.o
 .debug_frame   0x0000192c     0x11c4 obj\debug\spl\src\stm32f30x_tim.o
 .debug_frame   0x00002af0      0x7b0 obj\debug\spl\src\stm32f30x_usart.o
 .debug_frame   0x000032a0       0xa4 obj\debug\src\30021_io.o
 .debug_frame   0x00003344      0x10c obj\debug\src\lcd.o
 .debug_frame   0x00003450      0x254 obj\debug\src\main.o
 .debug_frame   0x000036a4       0x74 obj\debug\src\system_stm32f30x.o
 .debug_frame   0x00003718       0x28 c:/program files (x86)/embitz/1.11/share/em_armgcc/bin/../lib/gcc/arm-none-eabi/5.4.1/../../../../arm-none-eabi/lib/armv7e-m\libg_n.a(lib_a-exit.o)
 .debug_frame   0x00003740       0x2c c:/program files (x86)/embitz/1.11/share/em_armgcc/bin/../lib/gcc/arm-none-eabi/5.4.1/../../../../arm-none-eabi/lib/armv7e-m\libg_n.a(lib_a-init.o)
 .debug_frame   0x0000376c       0x28 c:/program files (x86)/embitz/1.11/share/em_armgcc/bin/../lib/gcc/arm-none-eabi/5.4.1/../../../../arm-none-eabi/lib/armv7e-m\libg_n.a(lib_a-memcpy-stub.o)
 .debug_frame   0x00003794       0x20 c:/program files (x86)/embitz/1.11/share/em_armgcc/bin/../lib/gcc/arm-none-eabi/5.4.1/../../../../arm-none-eabi/lib/armv7e-m\libg_n.a(lib_a-memset.o)
 .debug_frame   0x000037b4       0x8c c:/program files (x86)/embitz/1.11/share/em_armgcc/bin/../lib/gcc/arm-none-eabi/5.4.1/../../../../arm-none-eabi/lib/armv7e-m\libg_n.a(lib_a-nano-vfprintf_float.o)
 .debug_frame   0x00003840       0x60 c:/program files (x86)/embitz/1.11/share/em_armgcc/bin/../lib/gcc/arm-none-eabi/5.4.1/../../../../arm-none-eabi/lib/armv7e-m\libg_n.a(lib_a-nano-vfprintf_i.o)
 .debug_frame   0x000038a0       0x3c c:/program files (x86)/embitz/1.11/share/em_armgcc/bin/../lib/gcc/arm-none-eabi/5.4.1/../../../../arm-none-eabi/lib/armv7e-m\libg_n.a(lib_a-puts.o)
 .debug_frame   0x000038dc       0x20 c:/program files (x86)/embitz/1.11/share/em_armgcc/bin/../lib/gcc/arm-none-eabi/5.4.1/../../../../arm-none-eabi/lib/armv7e-m\libg_n.a(lib_a-setbuf.o)
 .debug_frame   0x000038fc       0x38 c:/program files (x86)/embitz/1.11/share/em_armgcc/bin/../lib/gcc/arm-none-eabi/5.4.1/../../../../arm-none-eabi/lib/armv7e-m\libg_n.a(lib_a-setvbuf.o)
 .debug_frame   0x00003934       0x70 c:/program files (x86)/embitz/1.11/share/em_armgcc/bin/../lib/gcc/arm-none-eabi/5.4.1/../../../../arm-none-eabi/lib/armv7e-m\libg_n.a(lib_a-sprintf.o)
 .debug_frame   0x000039a4       0x40 c:/program files (x86)/embitz/1.11/share/em_armgcc/bin/../lib/gcc/arm-none-eabi/5.4.1/../../../../arm-none-eabi/lib/armv7e-m\libg_n.a(lib_a-wbuf.o)
 .debug_frame   0x000039e4       0x2c c:/program files (x86)/embitz/1.11/share/em_armgcc/bin/../lib/gcc/arm-none-eabi/5.4.1/../../../../arm-none-eabi/lib/armv7e-m\libg_n.a(lib_a-wsetup.o)
 .debug_frame   0x00003a10       0x6c c:/program files (x86)/embitz/1.11/share/em_armgcc/bin/../lib/gcc/arm-none-eabi/5.4.1/../../../../arm-none-eabi/lib/armv7e-m\libg_n.a(lib_a-dtoa.o)
 .debug_frame   0x00003a7c       0x68 c:/program files (x86)/embitz/1.11/share/em_armgcc/bin/../lib/gcc/arm-none-eabi/5.4.1/../../../../arm-none-eabi/lib/armv7e-m\libg_n.a(lib_a-fflush.o)
 .debug_frame   0x00003ae4      0x11c c:/program files (x86)/embitz/1.11/share/em_armgcc/bin/../lib/gcc/arm-none-eabi/5.4.1/../../../../arm-none-eabi/lib/armv7e-m\libg_n.a(lib_a-findfp.o)
 .debug_frame   0x00003c00       0x54 c:/program files (x86)/embitz/1.11/share/em_armgcc/bin/../lib/gcc/arm-none-eabi/5.4.1/../../../../arm-none-eabi/lib/armv7e-m\libg_n.a(lib_a-fwalk.o)
 .debug_frame   0x00003c54       0x98 c:/program files (x86)/embitz/1.11/share/em_armgcc/bin/../lib/gcc/arm-none-eabi/5.4.1/../../../../arm-none-eabi/lib/armv7e-m\libg_n.a(lib_a-locale.o)
 .debug_frame   0x00003cec       0x54 c:/program files (x86)/embitz/1.11/share/em_armgcc/bin/../lib/gcc/arm-none-eabi/5.4.1/../../../../arm-none-eabi/lib/armv7e-m\libg_n.a(lib_a-makebuf.o)
 .debug_frame   0x00003d40       0x30 c:/program files (x86)/embitz/1.11/share/em_armgcc/bin/../lib/gcc/arm-none-eabi/5.4.1/../../../../arm-none-eabi/lib/armv7e-m\libg_n.a(lib_a-malloc.o)
 .debug_frame   0x00003d70      0x234 c:/program files (x86)/embitz/1.11/share/em_armgcc/bin/../lib/gcc/arm-none-eabi/5.4.1/../../../../arm-none-eabi/lib/armv7e-m\libg_n.a(lib_a-mprec.o)
 .debug_frame   0x00003fa4       0x2c c:/program files (x86)/embitz/1.11/share/em_armgcc/bin/../lib/gcc/arm-none-eabi/5.4.1/../../../../arm-none-eabi/lib/armv7e-m\libg_n.a(lib_a-nano-callocr.o)
 .debug_frame   0x00003fd0       0x38 c:/program files (x86)/embitz/1.11/share/em_armgcc/bin/../lib/gcc/arm-none-eabi/5.4.1/../../../../arm-none-eabi/lib/armv7e-m\libg_n.a(lib_a-nano-freer.o)
 .debug_frame   0x00004008       0x2c c:/program files (x86)/embitz/1.11/share/em_armgcc/bin/../lib/gcc/arm-none-eabi/5.4.1/../../../../arm-none-eabi/lib/armv7e-m\libg_n.a(lib_a-nano-mallocr.o)
 .debug_frame   0x00004034       0x90 c:/program files (x86)/embitz/1.11/share/em_armgcc/bin/../lib/gcc/arm-none-eabi/5.4.1/../../../../arm-none-eabi/lib/armv7e-m\libg_n.a(lib_a-nano-svfprintf.o)
 .debug_frame   0x000040c4       0x2c c:/program files (x86)/embitz/1.11/share/em_armgcc/bin/../lib/gcc/arm-none-eabi/5.4.1/../../../../arm-none-eabi/lib/armv7e-m\libg_n.a(lib_a-sbrkr.o)
 .debug_frame   0x000040f0       0x88 c:/program files (x86)/embitz/1.11/share/em_armgcc/bin/../lib/gcc/arm-none-eabi/5.4.1/../../../../arm-none-eabi/lib/armv7e-m\libg_n.a(lib_a-stdio.o)
 .debug_frame   0x00004178       0x2c c:/program files (x86)/embitz/1.11/share/em_armgcc/bin/../lib/gcc/arm-none-eabi/5.4.1/../../../../arm-none-eabi/lib/armv7e-m\libg_n.a(lib_a-closer.o)
 .debug_frame   0x000041a4       0x2c c:/program files (x86)/embitz/1.11/share/em_armgcc/bin/../lib/gcc/arm-none-eabi/5.4.1/../../../../arm-none-eabi/lib/armv7e-m\libg_n.a(lib_a-fstatr.o)
 .debug_frame   0x000041d0       0x2c c:/program files (x86)/embitz/1.11/share/em_armgcc/bin/../lib/gcc/arm-none-eabi/5.4.1/../../../../arm-none-eabi/lib/armv7e-m\libg_n.a(lib_a-isattyr.o)
 .debug_frame   0x000041fc       0x2c c:/program files (x86)/embitz/1.11/share/em_armgcc/bin/../lib/gcc/arm-none-eabi/5.4.1/../../../../arm-none-eabi/lib/armv7e-m\libg_n.a(lib_a-lseekr.o)
 .debug_frame   0x00004228       0x28 c:/program files (x86)/embitz/1.11/share/em_armgcc/bin/../lib/gcc/arm-none-eabi/5.4.1/../../../../arm-none-eabi/lib/armv7e-m\libg_n.a(lib_a-memmove.o)
 .debug_frame   0x00004250       0x30 c:/program files (x86)/embitz/1.11/share/em_armgcc/bin/../lib/gcc/arm-none-eabi/5.4.1/../../../../arm-none-eabi/lib/armv7e-m\libg_n.a(lib_a-mlock.o)
 .debug_frame   0x00004280       0x3c c:/program files (x86)/embitz/1.11/share/em_armgcc/bin/../lib/gcc/arm-none-eabi/5.4.1/../../../../arm-none-eabi/lib/armv7e-m\libg_n.a(lib_a-nano-reallocr.o)
 .debug_frame   0x000042bc       0x2c c:/program files (x86)/embitz/1.11/share/em_armgcc/bin/../lib/gcc/arm-none-eabi/5.4.1/../../../../arm-none-eabi/lib/armv7e-m\libg_n.a(lib_a-readr.o)
 .debug_frame   0x000042e8       0x5c c:/program files (x86)/embitz/1.11/share/em_armgcc/bin/../lib/gcc/arm-none-eabi/5.4.1/../../../../arm-none-eabi/lib/armv7e-m\libg_n.a(lib_a-reent.o)
 .debug_frame   0x00004344       0x20 c:/program files (x86)/embitz/1.11/share/em_armgcc/bin/../lib/gcc/arm-none-eabi/5.4.1/../../../../arm-none-eabi/lib/armv7e-m\libg_n.a(lib_a-nano-msizer.o)
 .debug_frame   0x00004364       0x20 c:/program files (x86)/embitz/1.11/share/em_armgcc/bin/../lib/gcc/arm-none-eabi/5.4.1/../../../../arm-none-eabi/lib/armv7e-m\libnosys_s.a(close.o)
 .debug_frame   0x00004384       0x20 c:/program files (x86)/embitz/1.11/share/em_armgcc/bin/../lib/gcc/arm-none-eabi/5.4.1/../../../../arm-none-eabi/lib/armv7e-m\libnosys_s.a(fstat.o)
 .debug_frame   0x000043a4       0x20 c:/program files (x86)/embitz/1.11/share/em_armgcc/bin/../lib/gcc/arm-none-eabi/5.4.1/../../../../arm-none-eabi/lib/armv7e-m\libnosys_s.a(isatty.o)
 .debug_frame   0x000043c4       0x20 c:/program files (x86)/embitz/1.11/share/em_armgcc/bin/../lib/gcc/arm-none-eabi/5.4.1/../../../../arm-none-eabi/lib/armv7e-m\libnosys_s.a(lseek.o)
 .debug_frame   0x000043e4       0x20 c:/program files (x86)/embitz/1.11/share/em_armgcc/bin/../lib/gcc/arm-none-eabi/5.4.1/../../../../arm-none-eabi/lib/armv7e-m\libnosys_s.a(read.o)
 .debug_frame   0x00004404       0x20 c:/program files (x86)/embitz/1.11/share/em_armgcc/bin/../lib/gcc/arm-none-eabi/5.4.1/../../../../arm-none-eabi/lib/armv7e-m\libnosys_s.a(sbrk.o)
 .debug_frame   0x00004424       0x20 c:/program files (x86)/embitz/1.11/share/em_armgcc/bin/../lib/gcc/arm-none-eabi/5.4.1/../../../../arm-none-eabi/lib/armv7e-m\libnosys_s.a(_exit.o)

.stab           0x00000000       0x84
 .stab          0x00000000       0x24 c:/program files (x86)/embitz/1.11/share/em_armgcc/bin/../lib/gcc/arm-none-eabi/5.4.1/../../../../arm-none-eabi/lib/armv7e-m\libnosys_s.a(close.o)
 .stab          0x00000024       0x18 c:/program files (x86)/embitz/1.11/share/em_armgcc/bin/../lib/gcc/arm-none-eabi/5.4.1/../../../../arm-none-eabi/lib/armv7e-m\libnosys_s.a(fstat.o)
                                 0x24 (size before relaxing)
 .stab          0x0000003c       0x18 c:/program files (x86)/embitz/1.11/share/em_armgcc/bin/../lib/gcc/arm-none-eabi/5.4.1/../../../../arm-none-eabi/lib/armv7e-m\libnosys_s.a(isatty.o)
                                 0x24 (size before relaxing)
 .stab          0x00000054       0x18 c:/program files (x86)/embitz/1.11/share/em_armgcc/bin/../lib/gcc/arm-none-eabi/5.4.1/../../../../arm-none-eabi/lib/armv7e-m\libnosys_s.a(lseek.o)
                                 0x24 (size before relaxing)
 .stab          0x0000006c       0x18 c:/program files (x86)/embitz/1.11/share/em_armgcc/bin/../lib/gcc/arm-none-eabi/5.4.1/../../../../arm-none-eabi/lib/armv7e-m\libnosys_s.a(read.o)
                                 0x24 (size before relaxing)

.stabstr        0x00000000      0x117
 .stabstr       0x00000000      0x117 c:/program files (x86)/embitz/1.11/share/em_armgcc/bin/../lib/gcc/arm-none-eabi/5.4.1/../../../../arm-none-eabi/lib/armv7e-m\libnosys_s.a(close.o)
