Archive member included to satisfy reference by file (symbol)

c:/program files (x86)/embitz/1.11/share/em_armgcc/bin/../lib/gcc/arm-none-eabi/5.4.1/armv7e-m\libgcc.a(_arm_addsubdf3.o)
                              obj\debug\src\main.o (__aeabi_f2d)
c:/program files (x86)/embitz/1.11/share/em_armgcc/bin/../lib/gcc/arm-none-eabi/5.4.1/armv7e-m\libgcc.a(_arm_muldivdf3.o)
                              obj\debug\src\main.o (__aeabi_dmul)
c:/program files (x86)/embitz/1.11/share/em_armgcc/bin/../lib/gcc/arm-none-eabi/5.4.1/armv7e-m\libgcc.a(_arm_truncdfsf2.o)
                              obj\debug\src\main.o (__aeabi_d2f)
c:/program files (x86)/embitz/1.11/share/em_armgcc/bin/../lib/gcc/arm-none-eabi/5.4.1/armv7e-m\libgcc.a(_arm_addsubsf3.o)
                              obj\debug\src\main.o (__aeabi_fadd)
c:/program files (x86)/embitz/1.11/share/em_armgcc/bin/../lib/gcc/arm-none-eabi/5.4.1/armv7e-m\libgcc.a(_arm_muldivsf3.o)
                              obj\debug\src\main.o (__aeabi_fmul)
c:/program files (x86)/embitz/1.11/share/em_armgcc/bin/../lib/gcc/arm-none-eabi/5.4.1/armv7e-m\libgcc.a(_arm_cmpsf2.o)
                              obj\debug\src\main.o (__aeabi_fcmplt)
c:/program files (x86)/embitz/1.11/share/em_armgcc/bin/../lib/gcc/arm-none-eabi/5.4.1/../../../../arm-none-eabi/lib/armv7e-m\libg_n.a(lib_a-exit.o)
                              c:/program files (x86)/embitz/1.11/share/em_armgcc/bin/../lib/gcc/arm-none-eabi/5.4.1/../../../../arm-none-eabi/lib/armv7e-m/crt0.o (exit)
c:/program files (x86)/embitz/1.11/share/em_armgcc/bin/../lib/gcc/arm-none-eabi/5.4.1/../../../../arm-none-eabi/lib/armv7e-m\libg_n.a(lib_a-impure.o)
                              c:/program files (x86)/embitz/1.11/share/em_armgcc/bin/../lib/gcc/arm-none-eabi/5.4.1/../../../../arm-none-eabi/lib/armv7e-m\libg_n.a(lib_a-exit.o) (_global_impure_ptr)
c:/program files (x86)/embitz/1.11/share/em_armgcc/bin/../lib/gcc/arm-none-eabi/5.4.1/../../../../arm-none-eabi/lib/armv7e-m\libg_n.a(lib_a-init.o)
                              c:/program files (x86)/embitz/1.11/share/em_armgcc/bin/../lib/gcc/arm-none-eabi/5.4.1/../../../../arm-none-eabi/lib/armv7e-m/crt0.o (__libc_init_array)
c:/program files (x86)/embitz/1.11/share/em_armgcc/bin/../lib/gcc/arm-none-eabi/5.4.1/../../../../arm-none-eabi/lib/armv7e-m\libg_n.a(lib_a-memcpy-stub.o)
                              obj\debug\src\lcd.o (memcpy)
c:/program files (x86)/embitz/1.11/share/em_armgcc/bin/../lib/gcc/arm-none-eabi/5.4.1/../../../../arm-none-eabi/lib/armv7e-m\libg_n.a(lib_a-memset.o)
                              c:/program files (x86)/embitz/1.11/share/em_armgcc/bin/../lib/gcc/arm-none-eabi/5.4.1/../../../../arm-none-eabi/lib/armv7e-m/crt0.o (memset)
c:/program files (x86)/embitz/1.11/share/em_armgcc/bin/../lib/gcc/arm-none-eabi/5.4.1/../../../../arm-none-eabi/lib/armv7e-m\libg_n.a(lib_a-nano-vfprintf_float.o)
                              (_printf_float)
c:/program files (x86)/embitz/1.11/share/em_armgcc/bin/../lib/gcc/arm-none-eabi/5.4.1/../../../../arm-none-eabi/lib/armv7e-m\libg_n.a(lib_a-nano-vfprintf_i.o)
                              c:/program files (x86)/embitz/1.11/share/em_armgcc/bin/../lib/gcc/arm-none-eabi/5.4.1/../../../../arm-none-eabi/lib/armv7e-m\libg_n.a(lib_a-nano-vfprintf_float.o) (_printf_common)
c:/program files (x86)/embitz/1.11/share/em_armgcc/bin/../lib/gcc/arm-none-eabi/5.4.1/../../../../arm-none-eabi/lib/armv7e-m\libg_n.a(lib_a-printf.o)
                              obj\debug\src\main.o (printf)
c:/program files (x86)/embitz/1.11/share/em_armgcc/bin/../lib/gcc/arm-none-eabi/5.4.1/../../../../arm-none-eabi/lib/armv7e-m\libg_n.a(lib_a-puts.o)
                              obj\debug\src\main.o (puts)
c:/program files (x86)/embitz/1.11/share/em_armgcc/bin/../lib/gcc/arm-none-eabi/5.4.1/../../../../arm-none-eabi/lib/armv7e-m\libg_n.a(lib_a-setbuf.o)
                              obj\debug\src\30021_io.o (setbuf)
c:/program files (x86)/embitz/1.11/share/em_armgcc/bin/../lib/gcc/arm-none-eabi/5.4.1/../../../../arm-none-eabi/lib/armv7e-m\libg_n.a(lib_a-setvbuf.o)
                              c:/program files (x86)/embitz/1.11/share/em_armgcc/bin/../lib/gcc/arm-none-eabi/5.4.1/../../../../arm-none-eabi/lib/armv7e-m\libg_n.a(lib_a-setbuf.o) (setvbuf)
c:/program files (x86)/embitz/1.11/share/em_armgcc/bin/../lib/gcc/arm-none-eabi/5.4.1/../../../../arm-none-eabi/lib/armv7e-m\libg_n.a(lib_a-sprintf.o)
                              obj\debug\src\main.o (sprintf)
c:/program files (x86)/embitz/1.11/share/em_armgcc/bin/../lib/gcc/arm-none-eabi/5.4.1/../../../../arm-none-eabi/lib/armv7e-m\libg_n.a(lib_a-strlen.o)
                              c:/program files (x86)/embitz/1.11/share/em_armgcc/bin/../lib/gcc/arm-none-eabi/5.4.1/../../../../arm-none-eabi/lib/armv7e-m\libg_n.a(lib_a-nano-vfprintf_float.o) (strlen)
c:/program files (x86)/embitz/1.11/share/em_armgcc/bin/../lib/gcc/arm-none-eabi/5.4.1/../../../../arm-none-eabi/lib/armv7e-m\libg_n.a(lib_a-wbuf.o)
[...]
Memory Configuration

Name             Origin             Length             Attributes
ROM              0x08000000         0x00010000         xr
RAM              0x20000000         0x00004000         xrw
*default*        0x00000000         0xffffffff

Linker script and memory map

LOAD c:/program files (x86)/embitz/1.11/share/em_armgcc/bin/../lib/gcc/arm-none-eabi/5.4.1/armv7e-m/crti.o
LOAD c:/program files (x86)/embitz/1.11/share/em_armgcc/bin/../lib/gcc/arm-none-eabi/5.4.1/armv7e-m/crtbegin.o
LOAD c:/program files (x86)/embitz/1.11/share/em_armgcc/bin/../lib/gcc/arm-none-eabi/5.4.1/../../../../arm-none-eabi/lib/armv7e-m/crt0.o
                0x00000000                __HEAP_SIZE = 0x0
                0x00000100                __STACK_SIZE = 0x100

.text           0x08000000     0x6680
 *(.isr_vector)
 .isr_vector    0x08000000      0x188 obj\debug\src\startup_stm32f30x.o
                0x08000000                __isr_vector
 *(.text*)
 .text          0x08000188       0x5c c:/program files (x86)/embitz/1.11/share/em_armgcc/bin/../lib/gcc/arm-none-eabi/5.4.1/armv7e-m/crtbegin.o
 .text          0x080001e4       0x74 c:/program files (x86)/embitz/1.11/share/em_armgcc/bin/../lib/gcc/arm-none-eabi/5.4.1/../../../../arm-none-eabi/lib/armv7e-m/crt0.o
                0x080001e4                _start
                0x080001e4                _mainCRTStartup
 .text.ADC_Init
                0x08000258       0x80 obj\debug\spl\src\stm32f30x_adc.o
                0x08000258                ADC_Init
 .text.ADC_StructInit
                0x080002d8       0x44 obj\debug\spl\src\stm32f30x_adc.o
                0x080002d8                ADC_StructInit
 .text.ADC_Cmd  0x0800031c       0x38 obj\debug\spl\src\stm32f30x_adc.o
                0x0800031c                ADC_Cmd
 .text.ADC_StartCalibration
                0x08000354       0x20 obj\debug\spl\src\stm32f30x_adc.o
                0x08000354                ADC_StartCalibration
 .text.ADC_SelectCalibrationMode
                0x08000374       0x2c obj\debug\spl\src\stm32f30x_adc.o
                0x08000374                ADC_SelectCalibrationMode
 .text.ADC_GetCalibrationStatus
                0x080003a0       0x2c obj\debug\spl\src\stm32f30x_adc.o
                0x080003a0                ADC_GetCalibrationStatus
 .text.ADC_VoltageRegulatorCmd
                0x080003cc       0x44 obj\debug\spl\src\stm32f30x_adc.o
                0x080003cc                ADC_VoltageRegulatorCmd
 .text.ADC_VrefintCmd
                0x08000410       0x78 obj\debug\spl\src\stm32f30x_adc.o
                0x08000410                ADC_VrefintCmd
 .text.ADC_RegularChannelConfig
                0x08000488      0x1f0 obj\debug\spl\src\stm32f30x_adc.o
                0x08000488                ADC_RegularChannelConfig
 .text.ADC_StartConversion
                0x08000678       0x20 obj\debug\spl\src\stm32f30x_adc.o
                0x08000678                ADC_StartConversion
 .text.ADC_GetConversionValue
                0x08000698       0x18 obj\debug\spl\src\stm32f30x_adc.o
                0x08000698                ADC_GetConversionValue
 .text.ADC_GetFlagStatus
                0x080006b0       0x30 obj\debug\spl\src\stm32f30x_adc.o
                0x080006b0                ADC_GetFlagStatus
 .text.EXTI_Init
                0x080006e0      0x1f4 obj\debug\spl\src\stm32f30x_exti.o
                0x080006e0                EXTI_Init
 .text.EXTI_GetITStatus
                0x080008d4       0x70 obj\debug\spl\src\stm32f30x_exti.o
                0x080008d4                EXTI_GetITStatus
 .text.EXTI_ClearITPendingBit
                0x08000944       0x30 obj\debug\spl\src\stm32f30x_exti.o
                0x08000944                EXTI_ClearITPendingBit
 .text.FLASH_Unlock
                0x08000974       0x30 obj\debug\spl\src\stm32f30x_flash.o
                0x08000974                FLASH_Unlock
 .text.FLASH_Lock
                0x080009a4       0x1c obj\debug\spl\src\stm32f30x_flash.o
                0x080009a4                FLASH_Lock
 .text.FLASH_ErasePage
                0x080009c0       0x64 obj\debug\spl\src\stm32f30x_flash.o
                0x080009c0                FLASH_ErasePage
 .text.FLASH_ProgramWord
                0x08000a24       0x90 obj\debug\spl\src\stm32f30x_flash.o
                0x08000a24                FLASH_ProgramWord
 .text.FLASH_ClearFlag
                0x08000ab4       0x1c obj\debug\spl\src\stm32f30x_flash.o
                0x08000ab4                FLASH_ClearFlag
 .text.FLASH_GetStatus
                0x08000ad0       0x54 obj\debug\spl\src\stm32f30x_flash.o
                0x08000ad0                FLASH_GetStatus
 .text.FLASH_WaitForLastOperation
                0x08000b24       0x44 obj\debug\spl\src\stm32f30x_flash.o
                0x08000b24                FLASH_WaitForLastOperation
 .text.GPIO_Init
                0x08000b68      0x12c obj\debug\spl\src\stm32f30x_gpio.o
                0x08000b68                GPIO_Init
 .text.GPIO_StructInit
                0x08000c94       0x34 obj\debug\spl\src\stm32f30x_gpio.o
                0x08000c94                GPIO_StructInit
 .text.NVIC_PriorityGroupConfig
                0x08000cc8       0x24 obj\debug\spl\src\stm32f30x_misc.o
                0x08000cc8                NVIC_PriorityGroupConfig
 .text.NVIC_Init
                0x08000cec       0xc4 obj\debug\spl\src\stm32f30x_misc.o
                0x08000cec                NVIC_Init
 .text.RCC_GetClocksFreq
                0x08000db0      0x414 obj\debug\spl\src\stm32f30x_rcc.o
                0x08000db0                RCC_GetClocksFreq
 .text.RCC_ADCCLKConfig
                0x080011c4       0x4c obj\debug\spl\src\stm32f30x_rcc.o
                0x080011c4                RCC_ADCCLKConfig
 .text.RCC_AHBPeriphClockCmd
                0x08001210       0x3c obj\debug\spl\src\stm32f30x_rcc.o
                0x08001210                RCC_AHBPeriphClockCmd
 .text.RCC_APB2PeriphClockCmd
                0x0800124c       0x3c obj\debug\spl\src\stm32f30x_rcc.o
                0x0800124c                RCC_APB2PeriphClockCmd
 .text.RCC_APB1PeriphClockCmd
                0x08001288       0x3c obj\debug\spl\src\stm32f30x_rcc.o
                0x08001288                RCC_APB1PeriphClockCmd
 .text.SPI_SendData8
                0x080012c4       0x2c obj\debug\spl\src\stm32f30x_spi.o
                0x080012c4                SPI_SendData8
 .text.SPI_I2S_GetFlagStatus
                0x080012f0       0x38 obj\debug\spl\src\stm32f30x_spi.o
                0x080012f0                SPI_I2S_GetFlagStatus
 .text.SYSCFG_EXTILineConfig
                0x08001328       0x84 obj\debug\spl\src\stm32f30x_syscfg.o
                0x08001328                SYSCFG_EXTILineConfig
 .text.TIM_TimeBaseInit
                0x080013ac       0xec obj\debug\spl\src\stm32f30x_tim.o
                0x080013ac                TIM_TimeBaseInit
 .text.TIM_TimeBaseStructInit
                0x08001498       0x34 obj\debug\spl\src\stm32f30x_tim.o
                0x08001498                TIM_TimeBaseStructInit
 .text.TIM_Cmd  0x080014cc       0x40 obj\debug\spl\src\stm32f30x_tim.o
                0x080014cc                TIM_Cmd
 .text.TIM_ITConfig
                0x0800150c       0x40 obj\debug\spl\src\stm32f30x_tim.o
                0x0800150c                TIM_ITConfig
 .text.TIM_GetITStatus
                0x0800154c       0x54 obj\debug\spl\src\stm32f30x_tim.o
                0x0800154c                TIM_GetITStatus
 .text.TIM_ClearITPendingBit
                0x080015a0       0x24 obj\debug\spl\src\stm32f30x_tim.o
                0x080015a0                TIM_ClearITPendingBit
 .text.USART_SendData
                0x080015c4       0x24 obj\debug\spl\src\stm32f30x_usart.o
                0x080015c4                USART_SendData
 .text.USART_GetFlagStatus
                0x080015e8       0x30 obj\debug\spl\src\stm32f30x_usart.o
                0x080015e8                USART_GetFlagStatus
 .text.uart_putc
                0x08001618       0x34 obj\debug\src\30021_io.o
                0x08001618                uart_putc
 .text._write_r
                0x0800164c       0x4c obj\debug\src\30021_io.o
                0x0800164c                _write_r
 .text.init_usb_uart
                0x08001698      0x220 obj\debug\src\30021_io.o
                0x08001698                init_usb_uart
 .text.lcd_transmit_byte
                0x080018b8       0x64 obj\debug\src\lcd.o
                0x080018b8                lcd_transmit_byte
 .text.lcd_push_buffer
                0x0800191c      0x184 obj\debug\src\lcd.o
                0x0800191c                lcd_push_buffer
 .text.lcd_reset
                0x08001aa0       0xe0 obj\debug\src\lcd.o
                0x08001aa0                lcd_reset
 .text.init_spi_lcd
                0x08001b80      0x2b8 obj\debug\src\lcd.o
                0x08001b80                init_spi_lcd
 .text.generate_line_buff
                0x08001e38      0x10c obj\debug\src\lcd.o
                0x08001e38                generate_line_buff
 .text.write_line_buff
                0x08001f44       0x74 obj\debug\src\lcd.o
                0x08001f44                write_line_buff
 .text.lcd_write_string
                0x08001fb8       0x64 obj\debug\src\lcd.o
                0x08001fb8                lcd_write_string
 .text.ADC_setup_PA
                0x0800201c       0xa8 obj\debug\src\main.o
                0x0800201c                ADC_setup_PA
 .text.ADC_SelfCalibrate
                0x080020c4       0x80 obj\debug\src\main.o
                0x080020c4                ADC_SelfCalibrate
 .text.ADC_measure_PA
                0x08002144       0x44 obj\debug\src\main.o
                0x08002144                ADC_measure_PA
 .text.tim2_setup
                0x08002188       0x74 obj\debug\src\main.o
                0x08002188                tim2_setup
 .text.TIM2_IRQHandler
                0x080021fc       0x2c obj\debug\src\main.o
                0x080021fc                TIM2_IRQHandler
 .text.VREF_calibrate
                0x08002228       0xd0 obj\debug\src\main.o
                0x08002228                VREF_calibrate
 .text.EXTI4_IRQHandler
                0x080022f8       0x24 obj\debug\src\main.o
                0x080022f8                EXTI4_IRQHandler
 .text.setupPinInterrupt
                0x0800231c       0x64 obj\debug\src\main.o
                0x0800231c                setupPinInterrupt
 .text.ADC_readExternalCalibration
                0x08002380       0x58 obj\debug\src\main.o
                0x08002380                ADC_readExternalCalibration
 .text.ADC_runExteralCalibration
                0x080023d8       0xfc obj\debug\src\main.o
                0x080023d8                ADC_runExteralCalibration
 .text.printLCD_ADC_float_calibrated
                0x080024d4      0x10c obj\debug\src\main.o
                0x080024d4                printLCD_ADC_float_calibrated
 .text.main     0x080025e0       0x78 obj\debug\src\main.o
                0x080025e0                main
 .text          0x08002658       0xe4 obj\debug\src\startup_stm32f30x.o
                0x08002658                Reset_Handler
                0x0800269e                NMI_Handler
                0x080026a0                HardFault_Handler
                0x080026a2                MemManage_Handler
                0x080026a4                BusFault_Handler
                0x080026a6                UsageFault_Handler
                0x080026a8                SVC_Handler
                0x080026aa                DebugMon_Handler
                0x080026ac                PendSV_Handler
                0x080026ae                SysTick_Handler
                0x080026b0                WWDG_IRQHandler
                0x080026b2                PVD_IRQHandler
                0x080026b4                TAMPER_STAMP_IRQHandler
                0x080026b6                RTC_WKUP_IRQHandler
                0x080026b8                FLASH_IRQHandler
                0x080026ba                RCC_IRQHandler
                0x080026bc                EXTI0_IRQHandler
                0x080026be                EXTI1_IRQHandler
                0x080026c0                EXTI2_TS_IRQHandler
                0x080026c2                EXTI3_IRQHandler
                0x080026c6                DMA1_Channel1_IRQHandler
                0x080026c8                DMA1_Channel2_IRQHandler
                0x080026ca                DMA1_Channel3_IRQHandler
                0x080026cc                DMA1_Channel4_IRQHandler
                0x080026ce                DMA1_Channel5_IRQHandler
                0x080026d0                DMA1_Channel6_IRQHandler
                0x080026d2                DMA1_Channel7_IRQHandler
                0x080026d4                ADC1_2_IRQHandler
                0x080026d6                USB_HP_CAN1_TX_IRQHandler
                0x080026d8                USB_LP_CAN1_RX0_IRQHandler
                0x080026da                CAN1_RX1_IRQHandler
                0x080026dc                CAN1_SCE_IRQHandler
                0x080026de                EXTI9_5_IRQHandler
                0x080026e0                TIM1_BRK_TIM15_IRQHandler
                0x080026e2                TIM1_UP_TIM16_IRQHandler
                0x080026e4                TIM1_TRG_COM_TIM17_IRQHandler
                0x080026e6                TIM1_CC_IRQHandler
                0x080026ea                TIM3_IRQHandler
                0x080026ec                TIM4_IRQHandler
                0x080026ee                I2C1_EV_IRQHandler
                0x080026f0                I2C1_ER_IRQHandler
                0x080026f2                I2C2_EV_IRQHandler
                0x080026f4                I2C2_ER_IRQHandler
                0x080026f6                SPI1_IRQHandler
                0x080026f8                SPI2_IRQHandler
                0x080026fa                USART1_IRQHandler
                0x080026fc                USART2_IRQHandler
                0x080026fe                USART3_IRQHandler
                0x08002700                EXTI15_10_IRQHandler
                0x08002702                RTC_Alarm_IRQHandler
                0x08002704                USBWakeUp_IRQHandler
                0x08002706                TIM8_BRK_IRQHandler
                0x08002708                TIM8_UP_IRQHandler
                0x0800270a                TIM8_TRG_COM_IRQHandler
                0x0800270c                TIM8_CC_IRQHandler
                0x0800270e                ADC3_IRQHandler
                0x08002710                SPI3_IRQHandler
                0x08002712                UART4_IRQHandler
                0x08002714                UART5_IRQHandler
                0x08002716                TIM6_DAC_IRQHandler
                0x08002718                TIM7_IRQHandler
                0x0800271a                DMA2_Channel1_IRQHandler
                0x0800271c                DMA2_Channel2_IRQHandler
                0x0800271e                DMA2_Channel3_IRQHandler
                0x08002720                DMA2_Channel4_IRQHandler
                0x08002722                DMA2_Channel5_IRQHandler
                0x08002724                ADC4_IRQHandler
                0x08002726                COMP1_2_3_IRQHandler
                0x08002728                COMP4_5_6_IRQHandler
                0x0800272a                COMP7_IRQHandler
                0x0800272c                USB_HP_IRQHandler
                0x0800272e                USB_LP_IRQHandler
                0x08002730                USBWakeUp_RMP_IRQHandler
                0x08002732                FPU_IRQHandler
 .text.SystemInit
                0x0800273c       0x84 obj\debug\src\system_stm32f30x.o
                0x0800273c                SystemInit
 .text.SetSysClock
                0x080027c0       0x90 obj\debug\src\system_stm32f30x.o
 .text          0x08002850      0x370 c:/program files (x86)/embitz/1.11/share/em_armgcc/bin/../lib/gcc/arm-none-eabi/5.4.1/armv7e-m\libgcc.a(_arm_addsubdf3.o)
                0x08002850                __aeabi_drsub
                0x08002858                __aeabi_dsub
                0x08002858                __subdf3
                0x0800285c                __aeabi_dadd
                0x0800285c                __adddf3
                0x08002ad4                __floatunsidf
                0x08002ad4                __aeabi_ui2d
                0x08002af4                __floatsidf
                0x08002af4                __aeabi_i2d
                0x08002b18                __aeabi_f2d
                0x08002b18                __extendsfdf2
                0x08002b54                __floatundidf
                0x08002b54                __aeabi_ul2d
                0x08002b64                __floatdidf
                0x08002b64                __aeabi_l2d
 .text          0x08002bc0      0x424 c:/program files (x86)/embitz/1.11/share/em_armgcc/bin/../lib/gcc/arm-none-eabi/5.4.1/armv7e-m\libgcc.a(_arm_muldivdf3.o)
                0x08002bc0                __aeabi_dmul
                0x08002bc0                __muldf3
                0x08002e14                __divdf3
                0x08002e14                __aeabi_ddiv
 .text          0x08002fe4       0xa0 c:/program files (x86)/embitz/1.11/share/em_armgcc/bin/../lib/gcc/arm-none-eabi/5.4.1/armv7e-m\libgcc.a(_arm_truncdfsf2.o)
                0x08002fe4                __truncdfsf2
                0x08002fe4                __aeabi_d2f
 .text          0x08003084      0x21c c:/program files (x86)/embitz/1.11/share/em_armgcc/bin/../lib/gcc/arm-none-eabi/5.4.1/armv7e-m\libgcc.a(_arm_addsubsf3.o)
                0x08003084                __aeabi_frsub
                0x0800308c                __subsf3
                0x0800308c                __aeabi_fsub
                0x08003090                __aeabi_fadd
                0x08003090                __addsf3
                0x080031f0                __aeabi_ui2f
                0x080031f0                __floatunsisf
                0x080031f8                __aeabi_i2f
                0x080031f8                __floatsisf
                0x08003214                __aeabi_ul2f
                0x08003214                __floatundisf
                0x08003224                __aeabi_l2f
                0x08003224                __floatdisf
 .text          0x080032a0      0x2a0 c:/program files (x86)/embitz/1.11/share/em_armgcc/bin/../lib/gcc/arm-none-eabi/5.4.1/armv7e-m\libgcc.a(_arm_muldivsf3.o)
                0x080032a0                __mulsf3
                0x080032a0                __aeabi_fmul
                0x08003408                __aeabi_fdiv
                0x08003408                __divsf3
 .text          0x08003540       0xec c:/program files (x86)/embitz/1.11/share/em_armgcc/bin/../lib/gcc/arm-none-eabi/5.4.1/armv7e-m\libgcc.a(_arm_cmpsf2.o)
                0x08003540                __gesf2
                0x08003540                __gtsf2
                0x08003548                __lesf2
                0x08003548                __ltsf2
                0x08003550                __nesf2
                0x08003550                __eqsf2
                0x08003550                __cmpsf2
                0x080035b0                __aeabi_cfrcmple
                0x080035b8                __aeabi_cfcmpeq
                0x080035b8                __aeabi_cfcmple
                0x080035c8                __aeabi_fcmpeq
                0x080035dc                __aeabi_fcmplt
                0x080035f0                __aeabi_fcmple
                0x08003604                __aeabi_fcmpge
                0x08003618                __aeabi_fcmpgt
 .text.exit     0x0800362c       0x28 c:/program files (x86)/embitz/1.11/share/em_armgcc/bin/../lib/gcc/arm-none-eabi/5.4.1/../../../../arm-none-eabi/lib/armv7e-m\libg_n.a(lib_a-exit.o)
                0x0800362c                exit
 .text.__libc_init_array
                0x08003654       0x4c c:/program files (x86)/embitz/1.11/share/em_armgcc/bin/../lib/gcc/arm-none-eabi/5.4.1/../../../../arm-none-eabi/lib/armv7e-m\libg_n.a(lib_a-init.o)
                0x08003654                __libc_init_array
 .text.memcpy   0x080036a0       0x16 c:/program files (x86)/embitz/1.11/share/em_armgcc/bin/../lib/gcc/arm-none-eabi/5.4.1/../../../../arm-none-eabi/lib/armv7e-m\libg_n.a(lib_a-memcpy-stub.o)
                0x080036a0                memcpy
 .text.memset   0x080036b6       0x10 c:/program files (x86)/embitz/1.11/share/em_armgcc/bin/../lib/gcc/arm-none-eabi/5.4.1/../../../../arm-none-eabi/lib/armv7e-m\libg_n.a(lib_a-memset.o)
                0x080036b6                memset
 .text.__cvt    0x080036c6       0xbe c:/program files (x86)/embitz/1.11/share/em_armgcc/bin/../lib/gcc/arm-none-eabi/5.4.1/../../../../arm-none-eabi/lib/armv7e-m\libg_n.a(lib_a-nano-vfprintf_float.o)
                0x080036c6                __cvt
 .text.__exponent
                0x08003784       0x60 c:/program files (x86)/embitz/1.11/share/em_armgcc/bin/../lib/gcc/arm-none-eabi/5.4.1/../../../../arm-none-eabi/lib/armv7e-m\libg_n.a(lib_a-nano-vfprintf_float.o)
                0x08003784                __exponent
 .text._printf_float
                0x080037e4      0x488 c:/program files (x86)/embitz/1.11/share/em_armgcc/bin/../lib/gcc/arm-none-eabi/5.4.1/../../../../arm-none-eabi/lib/armv7e-m\libg_n.a(lib_a-nano-vfprintf_float.o)
                0x080037e4                _printf_float
 .text._printf_common
                0x08003c6c       0xec c:/program files (x86)/embitz/1.11/share/em_armgcc/bin/../lib/gcc/arm-none-eabi/5.4.1/../../../../arm-none-eabi/lib/armv7e-m\libg_n.a(lib_a-nano-vfprintf_i.o)
                0x08003c6c                _printf_common
 .text._printf_i
                0x08003d58      0x24c c:/program files (x86)/embitz/1.11/share/em_armgcc/bin/../lib/gcc/arm-none-eabi/5.4.1/../../../../arm-none-eabi/lib/armv7e-m\libg_n.a(lib_a-nano-vfprintf_i.o)
                0x08003d58                _printf_i
 .text._puts_r  0x08003fa4       0xb4 c:/program files (x86)/embitz/1.11/share/em_armgcc/bin/../lib/gcc/arm-none-eabi/5.4.1/../../../../arm-none-eabi/lib/armv7e-m\libg_n.a(lib_a-puts.o)
                0x08003fa4                _puts_r
 .text.puts     0x08004058       0x10 c:/program files (x86)/embitz/1.11/share/em_armgcc/bin/../lib/gcc/arm-none-eabi/5.4.1/../../../../arm-none-eabi/lib/armv7e-m\libg_n.a(lib_a-puts.o)
                0x08004058                puts
 .text.setbuf   0x08004068       0x10 c:/program files (x86)/embitz/1.11/share/em_armgcc/bin/../lib/gcc/arm-none-eabi/5.4.1/../../../../arm-none-eabi/lib/armv7e-m\libg_n.a(lib_a-setbuf.o)
                0x08004068                setbuf
 .text.setvbuf  0x08004078      0x154 c:/program files (x86)/embitz/1.11/share/em_armgcc/bin/../lib/gcc/arm-none-eabi/5.4.1/../../../../arm-none-eabi/lib/armv7e-m\libg_n.a(lib_a-setvbuf.o)
                0x08004078                setvbuf
 .text.sprintf  0x080041cc       0x48 c:/program files (x86)/embitz/1.11/share/em_armgcc/bin/../lib/gcc/arm-none-eabi/5.4.1/../../../../arm-none-eabi/lib/armv7e-m\libg_n.a(lib_a-sprintf.o)
                0x080041cc                siprintf
                0x080041cc                sprintf
 .text          0x08004214       0x10 c:/program files (x86)/embitz/1.11/share/em_armgcc/bin/../lib/gcc/arm-none-eabi/5.4.1/../../../../arm-none-eabi/lib/armv7e-m\libg_n.a(lib_a-strlen.o)
                0x08004214                strlen
 .text.__swbuf_r
                0x08004224       0xa8 c:/program files (x86)/embitz/1.11/share/em_armgcc/bin/../lib/gcc/arm-none-eabi/5.4.1/../../../../arm-none-eabi/lib/armv7e-m\libg_n.a(lib_a-wbuf.o)
                0x08004224                __swbuf_r
 .text.__swsetup_r
                0x080042cc       0xdc c:/program files (x86)/embitz/1.11/share/em_armgcc/bin/../lib/gcc/arm-none-eabi/5.4.1/../../../../arm-none-eabi/lib/armv7e-m\libg_n.a(lib_a-wsetup.o)
                0x080042cc                __swsetup_r
 .text.quorem   0x080043a8      0x11e c:/program files (x86)/embitz/1.11/share/em_armgcc/bin/../lib/gcc/arm-none-eabi/5.4.1/../../../../arm-none-eabi/lib/armv7e-m\libg_n.a(lib_a-dtoa.o)
 *fill*         0x080044c6        0x2 
 .text._dtoa_r  0x080044c8      0xb38 c:/program files (x86)/embitz/1.11/share/em_armgcc/bin/../lib/gcc/arm-none-eabi/5.4.1/../../../../arm-none-eabi/lib/armv7e-m\libg_n.a(lib_a-dtoa.o)
                0x080044c8                _dtoa_r
 .text.__sflush_r
                0x08005000      0x110 c:/program files (x86)/embitz/1.11/share/em_armgcc/bin/../lib/gcc/arm-none-eabi/5.4.1/../../../../arm-none-eabi/lib/armv7e-m\libg_n.a(lib_a-fflush.o)
                0x08005000                __sflush_r
 .text._fflush_r
                0x08005110       0x54 c:/program files (x86)/embitz/1.11/share/em_armgcc/bin/../lib/gcc/arm-none-eabi/5.4.1/../../../../arm-none-eabi/lib/armv7e-m\libg_n.a(lib_a-fflush.o)
                0x08005110                _fflush_r
 .text._cleanup_r
                0x08005164        0xc c:/program files (x86)/embitz/1.11/share/em_armgcc/bin/../lib/gcc/arm-none-eabi/5.4.1/../../../../arm-none-eabi/lib/armv7e-m\libg_n.a(lib_a-findfp.o)
                0x08005164                _cleanup_r
 .text.std.isra.0
                0x08005170       0x48 c:/program files (x86)/embitz/1.11/share/em_armgcc/bin/../lib/gcc/arm-none-eabi/5.4.1/../../../../arm-none-eabi/lib/armv7e-m\libg_n.a(lib_a-findfp.o)
 .text.__sfmoreglue
                0x080051b8       0x2c c:/program files (x86)/embitz/1.11/share/em_armgcc/bin/../lib/gcc/arm-none-eabi/5.4.1/../../../../arm-none-eabi/lib/armv7e-m\libg_n.a(lib_a-findfp.o)
                0x080051b8                __sfmoreglue
 .text.__sinit  0x080051e4       0x60 c:/program files (x86)/embitz/1.11/share/em_armgcc/bin/../lib/gcc/arm-none-eabi/5.4.1/../../../../arm-none-eabi/lib/armv7e-m\libg_n.a(lib_a-findfp.o)
                0x080051e4                __sinit
 .text.__sfp    0x08005244       0x78 c:/program files (x86)/embitz/1.11/share/em_armgcc/bin/../lib/gcc/arm-none-eabi/5.4.1/../../../../arm-none-eabi/lib/armv7e-m\libg_n.a(lib_a-findfp.o)
                0x08005244                __sfp
 .text._fwalk_reent
                0x080052bc       0x3c c:/program files (x86)/embitz/1.11/share/em_armgcc/bin/../lib/gcc/arm-none-eabi/5.4.1/../../../../arm-none-eabi/lib/armv7e-m\libg_n.a(lib_a-fwalk.o)
                0x080052bc                _fwalk_reent
 .text._localeconv_r
                0x080052f8        0x8 c:/program files (x86)/embitz/1.11/share/em_armgcc/bin/../lib/gcc/arm-none-eabi/5.4.1/../../../../arm-none-eabi/lib/armv7e-m\libg_n.a(lib_a-locale.o)
                0x080052f8                _localeconv_r
 .text.__swhatbuf_r
                0x08005300       0x46 c:/program files (x86)/embitz/1.11/share/em_armgcc/bin/../lib/gcc/arm-none-eabi/5.4.1/../../../../arm-none-eabi/lib/armv7e-m\libg_n.a(lib_a-makebuf.o)
                0x08005300                __swhatbuf_r
 *fill*         0x08005346        0x2 
 .text.__smakebuf_r
                0x08005348       0x78 c:/program files (x86)/embitz/1.11/share/em_armgcc/bin/../lib/gcc/arm-none-eabi/5.4.1/../../../../arm-none-eabi/lib/armv7e-m\libg_n.a(lib_a-makebuf.o)
                0x08005348                __smakebuf_r
 .text.malloc   0x080053c0       0x10 c:/program files (x86)/embitz/1.11/share/em_armgcc/bin/../lib/gcc/arm-none-eabi/5.4.1/../../../../arm-none-eabi/lib/armv7e-m\libg_n.a(lib_a-malloc.o)
                0x080053c0                malloc
 .text          0x080053d0       0xa0 c:/program files (x86)/embitz/1.11/share/em_armgcc/bin/../lib/gcc/arm-none-eabi/5.4.1/../../../../arm-none-eabi/lib/armv7e-m\libg_n.a(lib_a-memchr.o)
                0x080053d0                memchr
 .text._Balloc  0x08005470       0x6a c:/program files (x86)/embitz/1.11/share/em_armgcc/bin/../lib/gcc/arm-none-eabi/5.4.1/../../../../arm-none-eabi/lib/armv7e-m\libg_n.a(lib_a-mprec.o)
                0x08005470                _Balloc
 .text._Bfree   0x080054da       0x2e c:/program files (x86)/embitz/1.11/share/em_armgcc/bin/../lib/gcc/arm-none-eabi/5.4.1/../../../../arm-none-eabi/lib/armv7e-m\libg_n.a(lib_a-mprec.o)
                0x080054da                _Bfree
 .text.__multadd
                0x08005508       0x76 c:/program files (x86)/embitz/1.11/share/em_armgcc/bin/../lib/gcc/arm-none-eabi/5.4.1/../../../../arm-none-eabi/lib/armv7e-m\libg_n.a(lib_a-mprec.o)
                0x08005508                __multadd
 .text.__hi0bits
                0x0800557e       0x40 c:/program files (x86)/embitz/1.11/share/em_armgcc/bin/../lib/gcc/arm-none-eabi/5.4.1/../../../../arm-none-eabi/lib/armv7e-m\libg_n.a(lib_a-mprec.o)
                0x0800557e                __hi0bits
 .text.__lo0bits
                0x080055be       0x5a c:/program files (x86)/embitz/1.11/share/em_armgcc/bin/../lib/gcc/arm-none-eabi/5.4.1/../../../../arm-none-eabi/lib/armv7e-m\libg_n.a(lib_a-mprec.o)
                0x080055be                __lo0bits
 .text.__i2b    0x08005618       0x12 c:/program files (x86)/embitz/1.11/share/em_armgcc/bin/../lib/gcc/arm-none-eabi/5.4.1/../../../../arm-none-eabi/lib/armv7e-m\libg_n.a(lib_a-mprec.o)
                0x08005618                __i2b
 .text.__multiply
                0x0800562a      0x122 c:/program files (x86)/embitz/1.11/share/em_armgcc/bin/../lib/gcc/arm-none-eabi/5.4.1/../../../../arm-none-eabi/lib/armv7e-m\libg_n.a(lib_a-mprec.o)
                0x0800562a                __multiply
 .text.__pow5mult
                0x0800574c       0x9c c:/program files (x86)/embitz/1.11/share/em_armgcc/bin/../lib/gcc/arm-none-eabi/5.4.1/../../../../arm-none-eabi/lib/armv7e-m\libg_n.a(lib_a-mprec.o)
                0x0800574c                __pow5mult
 .text.__lshift
                0x080057e8       0xa2 c:/program files (x86)/embitz/1.11/share/em_armgcc/bin/../lib/gcc/arm-none-eabi/5.4.1/../../../../arm-none-eabi/lib/armv7e-m\libg_n.a(lib_a-mprec.o)
                0x080057e8                __lshift
 .text.__mcmp   0x0800588a       0x38 c:/program files (x86)/embitz/1.11/share/em_armgcc/bin/../lib/gcc/arm-none-eabi/5.4.1/../../../../arm-none-eabi/lib/armv7e-m\libg_n.a(lib_a-mprec.o)
                0x0800588a                __mcmp
 .text.__mdiff  0x080058c2       0xbe c:/program files (x86)/embitz/1.11/share/em_armgcc/bin/../lib/gcc/arm-none-eabi/5.4.1/../../../../arm-none-eabi/lib/armv7e-m\libg_n.a(lib_a-mprec.o)
                0x080058c2                __mdiff
 .text.__d2b    0x08005980       0x9c c:/program files (x86)/embitz/1.11/share/em_armgcc/bin/../lib/gcc/arm-none-eabi/5.4.1/../../../../arm-none-eabi/lib/armv7e-m\libg_n.a(lib_a-mprec.o)
                0x08005980                __d2b
 .text._calloc_r
                0x08005a1c       0x1c c:/program files (x86)/embitz/1.11/share/em_armgcc/bin/../lib/gcc/arm-none-eabi/5.4.1/../../../../arm-none-eabi/lib/armv7e-m\libg_n.a(lib_a-nano-callocr.o)
                0x08005a1c                _calloc_r
 .text._free_r  0x08005a38       0x9c c:/program files (x86)/embitz/1.11/share/em_armgcc/bin/../lib/gcc/arm-none-eabi/5.4.1/../../../../arm-none-eabi/lib/armv7e-m\libg_n.a(lib_a-nano-freer.o)
                0x08005a38                _free_r
 .text._malloc_r
                0x08005ad4       0xbc c:/program files (x86)/embitz/1.11/share/em_armgcc/bin/../lib/gcc/arm-none-eabi/5.4.1/../../../../arm-none-eabi/lib/armv7e-m\libg_n.a(lib_a-nano-mallocr.o)
                0x08005ad4                _malloc_r
 .text.__ssputs_r
                0x08005b90       0xb2 c:/program files (x86)/embitz/1.11/share/em_armgcc/bin/../lib/gcc/arm-none-eabi/5.4.1/../../../../arm-none-eabi/lib/armv7e-m\libg_n.a(lib_a-nano-svfprintf.o)
                0x08005b90                __ssputs_r
 *fill*         0x08005c42        0x2 
 .text._svfprintf_r
                0x08005c44      0x1e8 c:/program files (x86)/embitz/1.11/share/em_armgcc/bin/../lib/gcc/arm-none-eabi/5.4.1/../../../../arm-none-eabi/lib/armv7e-m\libg_n.a(lib_a-nano-svfprintf.o)
                0x08005c44                _svfiprintf_r
                0x08005c44                _svfprintf_r
 .text._sbrk_r  0x08005e2c       0x20 c:/program files (x86)/embitz/1.11/share/em_armgcc/bin/../lib/gcc/arm-none-eabi/5.4.1/../../../../arm-none-eabi/lib/armv7e-m\libg_n.a(lib_a-sbrkr.o)
                0x08005e2c                _sbrk_r
 .text.__sread  0x08005e4c       0x22 c:/program files (x86)/embitz/1.11/share/em_armgcc/bin/../lib/gcc/arm-none-eabi/5.4.1/../../../../arm-none-eabi/lib/armv7e-m\libg_n.a(lib_a-stdio.o)
                0x08005e4c                __sread
 .text.__swrite
                0x08005e6e       0x38 c:/program files (x86)/embitz/1.11/share/em_armgcc/bin/../lib/gcc/arm-none-eabi/5.4.1/../../../../arm-none-eabi/lib/armv7e-m\libg_n.a(lib_a-stdio.o)
                0x08005e6e                __swrite
 .text.__sseek  0x08005ea6       0x24 c:/program files (x86)/embitz/1.11/share/em_armgcc/bin/../lib/gcc/arm-none-eabi/5.4.1/../../../../arm-none-eabi/lib/armv7e-m\libg_n.a(lib_a-stdio.o)
                0x08005ea6                __sseek
 .text.__sclose
                0x08005eca        0x8 c:/program files (x86)/embitz/1.11/share/em_armgcc/bin/../lib/gcc/arm-none-eabi/5.4.1/../../../../arm-none-eabi/lib/armv7e-m\libg_n.a(lib_a-stdio.o)
                0x08005eca                __sclose
 *fill*         0x08005ed2        0x2 
 .text._close_r
                0x08005ed4       0x20 c:/program files (x86)/embitz/1.11/share/em_armgcc/bin/../lib/gcc/arm-none-eabi/5.4.1/../../../../arm-none-eabi/lib/armv7e-m\libg_n.a(lib_a-closer.o)
                0x08005ed4                _close_r
 .text._fstat_r
                0x08005ef4       0x24 c:/program files (x86)/embitz/1.11/share/em_armgcc/bin/../lib/gcc/arm-none-eabi/5.4.1/../../../../arm-none-eabi/lib/armv7e-m\libg_n.a(lib_a-fstatr.o)
                0x08005ef4                _fstat_r
 .text._isatty_r
                0x08005f18       0x20 c:/program files (x86)/embitz/1.11/share/em_armgcc/bin/../lib/gcc/arm-none-eabi/5.4.1/../../../../arm-none-eabi/lib/armv7e-m\libg_n.a(lib_a-isattyr.o)
                0x08005f18                _isatty_r
 .text._lseek_r
                0x08005f38       0x24 c:/program files (x86)/embitz/1.11/share/em_armgcc/bin/../lib/gcc/arm-none-eabi/5.4.1/../../../../arm-none-eabi/lib/armv7e-m\libg_n.a(lib_a-lseekr.o)
                0x08005f38                _lseek_r
 .text.memmove  0x08005f5c       0x36 c:/program files (x86)/embitz/1.11/share/em_armgcc/bin/../lib/gcc/arm-none-eabi/5.4.1/../../../../arm-none-eabi/lib/armv7e-m\libg_n.a(lib_a-memmove.o)
                0x08005f5c                memmove
 .text.__malloc_lock
                0x08005f92        0x2 c:/program files (x86)/embitz/1.11/share/em_armgcc/bin/../lib/gcc/arm-none-eabi/5.4.1/../../../../arm-none-eabi/lib/armv7e-m\libg_n.a(lib_a-mlock.o)
                0x08005f92                __malloc_lock
 .text.__malloc_unlock
                0x08005f94        0x2 c:/program files (x86)/embitz/1.11/share/em_armgcc/bin/../lib/gcc/arm-none-eabi/5.4.1/../../../../arm-none-eabi/lib/armv7e-m\libg_n.a(lib_a-mlock.o)
                0x08005f94                __malloc_unlock
 .text._realloc_r
                0x08005f96       0x4c c:/program files (x86)/embitz/1.11/share/em_armgcc/bin/../lib/gcc/arm-none-eabi/5.4.1/../../../../arm-none-eabi/lib/armv7e-m\libg_n.a(lib_a-nano-reallocr.o)
                0x08005f96                _realloc_r
 *fill*         0x08005fe2        0x2 
 .text._read_r  0x08005fe4       0x24 c:/program files (x86)/embitz/1.11/share/em_armgcc/bin/../lib/gcc/arm-none-eabi/5.4.1/../../../../arm-none-eabi/lib/armv7e-m\libg_n.a(lib_a-readr.o)
                0x08005fe4                _read_r
 .text._malloc_usable_size_r
                0x08006008       0x14 c:/program files (x86)/embitz/1.11/share/em_armgcc/bin/../lib/gcc/arm-none-eabi/5.4.1/../../../../arm-none-eabi/lib/armv7e-m\libg_n.a(lib_a-nano-msizer.o)
                0x08006008                _malloc_usable_size_r
 .text          0x0800601c      0x110 c:/program files (x86)/embitz/1.11/share/em_armgcc/bin/../lib/gcc/arm-none-eabi/5.4.1/armv7e-m\libgcc.a(_arm_cmpdf2.o)
                0x0800601c                __gtdf2
                0x0800601c                __gedf2
                0x08006024                __ltdf2
                0x08006024                __ledf2
                0x0800602c                __nedf2
                0x0800602c                __eqdf2
                0x0800602c                __cmpdf2
                0x080060a8                __aeabi_cdrcmple
                0x080060b8                __aeabi_cdcmpeq
                0x080060b8                __aeabi_cdcmple
                0x080060c8                __aeabi_dcmpeq
                0x080060dc                __aeabi_dcmplt
                0x080060f0                __aeabi_dcmple
                0x08006104                __aeabi_dcmpge
                0x08006118                __aeabi_dcmpgt
 .text          0x0800612c       0x2c c:/program files (x86)/embitz/1.11/share/em_armgcc/bin/../lib/gcc/arm-none-eabi/5.4.1/armv7e-m\libgcc.a(_arm_unorddf2.o)
                0x0800612c                __unorddf2
                0x0800612c                __aeabi_dcmpun
 .text          0x08006158       0x50 c:/program files (x86)/embitz/1.11/share/em_armgcc/bin/../lib/gcc/arm-none-eabi/5.4.1/armv7e-m\libgcc.a(_arm_fixdfsi.o)
                0x08006158                __aeabi_d2iz
                0x08006158                __fixdfsi
 .text._close   0x080061a8       0x10 c:/program files (x86)/embitz/1.11/share/em_armgcc/bin/../lib/gcc/arm-none-eabi/5.4.1/../../../../arm-none-eabi/lib/armv7e-m\libnosys_s.a(close.o)
                0x080061a8                _close
 .text._fstat   0x080061b8       0x10 c:/program files (x86)/embitz/1.11/share/em_armgcc/bin/../lib/gcc/arm-none-eabi/5.4.1/../../../../arm-none-eabi/lib/armv7e-m\libnosys_s.a(fstat.o)
                0x080061b8                _fstat
 .text._isatty  0x080061c8       0x10 c:/program files (x86)/embitz/1.11/share/em_armgcc/bin/../lib/gcc/arm-none-eabi/5.4.1/../../../../arm-none-eabi/lib/armv7e-m\libnosys_s.a(isatty.o)
                0x080061c8                _isatty
 .text._lseek   0x080061d8       0x10 c:/program files (x86)/embitz/1.11/share/em_armgcc/bin/../lib/gcc/arm-none-eabi/5.4.1/../../../../arm-none-eabi/lib/armv7e-m\libnosys_s.a(lseek.o)
                0x080061d8                _lseek
 .text._read    0x080061e8       0x10 c:/program files (x86)/embitz/1.11/share/em_armgcc/bin/../lib/gcc/arm-none-eabi/5.4.1/../../../../arm-none-eabi/lib/armv7e-m\libnosys_s.a(read.o)
                0x080061e8                _read
 .text._sbrk    0x080061f8       0x1c c:/program files (x86)/embitz/1.11/share/em_armgcc/bin/../lib/gcc/arm-none-eabi/5.4.1/../../../../arm-none-eabi/lib/armv7e-m\libnosys_s.a(sbrk.o)
                0x080061f8                _sbrk
 .text._exit    0x08006214        0x2 c:/program files (x86)/embitz/1.11/share/em_armgcc/bin/../lib/gcc/arm-none-eabi/5.4.1/../../../../arm-none-eabi/lib/armv7e-m\libnosys_s.a(_exit.o)
                0x08006214                _exit
 *(.init)
 *fill*         0x08006216        0x2 
 .init          0x08006218        0x4 c:/program files (x86)/embitz/1.11/share/em_armgcc/bin/../lib/gcc/arm-none-eabi/5.4.1/armv7e-m/crti.o
                0x08006218                _init
 .init          0x0800621c        0x8 c:/program files (x86)/embitz/1.11/share/em_armgcc/bin/../lib/gcc/arm-none-eabi/5.4.1/armv7e-m/crtn.o
 *(.fini)
 .fini          0x08006224        0x4 c:/program files (x86)/embitz/1.11/share/em_armgcc/bin/../lib/gcc/arm-none-eabi/5.4.1/armv7e-m/crti.o
                0x08006224                _fini
 .fini          0x08006228        0x8 c:/program files (x86)/embitz/1.11/share/em_armgcc/bin/../lib/gcc/arm-none-eabi/5.4.1/armv7e-m/crtn.o
 *crtbegin.o(.ctors)
 *crtbegin?.o(.ctors)
 *(EXCLUDE_FILE(*crtend.o *crtend?.o) .ctors)
 *(SORT(.ctors.*))
 *(.ctors)
 *crtbegin.o(.dtors)
 *crtbegin?.o(.dtors)
 *(EXCLUDE_FILE(*crtend.o *crtend?.o) .dtors)
 *(SORT(.dtors.*))
 *(.dtors)
 *(.rodata*)
 .rodata.character_data
                0x08006230      0x1db obj\debug\src\lcd.o
                0x08006230                character_data
 *fill*         0x0800640b        0x1 
 .rodata        0x0800640c       0xa5 obj\debug\src\main.o
 .rodata.str1.1
                0x080064b1        0x2 c:/program files (x86)/embitz/1.11/share/em_armgcc/bin/../lib/gcc/arm-none-eabi/5.4.1/../../../../arm-none-eabi/lib/armv7e-m\libg_n.a(lib_a-impure.o)
 *fill*         0x080064b3        0x1 
 .rodata._global_impure_ptr
                0x080064b4        0x4 c:/program files (x86)/embitz/1.11/share/em_armgcc/bin/../lib/gcc/arm-none-eabi/5.4.1/../../../../arm-none-eabi/lib/armv7e-m\libg_n.a(lib_a-impure.o)
                0x080064b4                _global_impure_ptr
 .rodata.str1.1
                0x080064b8       0x12 c:/program files (x86)/embitz/1.11/share/em_armgcc/bin/../lib/gcc/arm-none-eabi/5.4.1/../../../../arm-none-eabi/lib/armv7e-m\libg_n.a(lib_a-nano-vfprintf_float.o)
 .rodata.str1.1
                0x080064ca       0x22 c:/program files (x86)/embitz/1.11/share/em_armgcc/bin/../lib/gcc/arm-none-eabi/5.4.1/../../../../arm-none-eabi/lib/armv7e-m\libg_n.a(lib_a-nano-vfprintf_i.o)
 .rodata.str1.1
                0x080064ec        0xd c:/program files (x86)/embitz/1.11/share/em_armgcc/bin/../lib/gcc/arm-none-eabi/5.4.1/../../../../arm-none-eabi/lib/armv7e-m\libg_n.a(lib_a-dtoa.o)
                                  0xf (size before relaxing)
 *fill*         0x080064f9        0x3 
 .rodata.__sf_fake_stdin
                0x080064fc       0x20 c:/program files (x86)/embitz/1.11/share/em_armgcc/bin/../lib/gcc/arm-none-eabi/5.4.1/../../../../arm-none-eabi/lib/armv7e-m\libg_n.a(lib_a-findfp.o)
                0x080064fc                __sf_fake_stdin
 .rodata.__sf_fake_stdout
                0x0800651c       0x20 c:/program files (x86)/embitz/1.11/share/em_armgcc/bin/../lib/gcc/arm-none-eabi/5.4.1/../../../../arm-none-eabi/lib/armv7e-m\libg_n.a(lib_a-findfp.o)
                0x0800651c                __sf_fake_stdout
 .rodata.__sf_fake_stderr
                0x0800653c       0x20 c:/program files (x86)/embitz/1.11/share/em_armgcc/bin/../lib/gcc/arm-none-eabi/5.4.1/../../../../arm-none-eabi/lib/armv7e-m\libg_n.a(lib_a-findfp.o)
                0x0800653c                __sf_fake_stderr
 .rodata.str1.1
                0x0800655c        0x8 c:/program files (x86)/embitz/1.11/share/em_armgcc/bin/../lib/gcc/arm-none-eabi/5.4.1/../../../../arm-none-eabi/lib/armv7e-m\libg_n.a(lib_a-locale.o)
                                  0xb (size before relaxing)
 *fill*         0x08006564        0x4 
 .rodata.__mprec_tens
                0x08006568       0xc8 c:/program files (x86)/embitz/1.11/share/em_armgcc/bin/../lib/gcc/arm-none-eabi/5.4.1/../../../../arm-none-eabi/lib/armv7e-m\libg_n.a(lib_a-mprec.o)
                0x08006568                __mprec_tens
 .rodata.p05.5408
                0x08006630        0xc c:/program files (x86)/embitz/1.11/share/em_armgcc/bin/../lib/gcc/arm-none-eabi/5.4.1/../../../../arm-none-eabi/lib/armv7e-m\libg_n.a(lib_a-mprec.o)
 *fill*         0x0800663c        0x4 
 .rodata.__mprec_bigtens
                0x08006640       0x28 c:/program files (x86)/embitz/1.11/share/em_armgcc/bin/../lib/gcc/arm-none-eabi/5.4.1/../../../../arm-none-eabi/lib/armv7e-m\libg_n.a(lib_a-mprec.o)
                0x08006640                __mprec_bigtens
 .rodata.str1.1
                0x08006668       0x11 c:/program files (x86)/embitz/1.11/share/em_armgcc/bin/../lib/gcc/arm-none-eabi/5.4.1/../../../../arm-none-eabi/lib/armv7e-m\libg_n.a(lib_a-nano-svfprintf.o)
 *(.eh_frame*)
 *fill*         0x08006679        0x3 
 .eh_frame      0x0800667c        0x0 c:/program files (x86)/embitz/1.11/share/em_armgcc/bin/../lib/gcc/arm-none-eabi/5.4.1/armv7e-m/crtbegin.o
 .eh_frame      0x0800667c        0x4 c:/program files (x86)/embitz/1.11/share/em_armgcc/bin/../lib/gcc/arm-none-eabi/5.4.1/armv7e-m/crtend.o

.glue_7         0x08006680        0x0
 .glue_7        0x08006680        0x0 linker stubs

.glue_7t        0x08006680        0x0
 .glue_7t       0x08006680        0x0 linker stubs

.vfp11_veneer   0x08006680        0x0
 .vfp11_veneer  0x08006680        0x0 linker stubs

.v4_bx          0x08006680        0x0
 .v4_bx         0x08006680        0x0 linker stubs

.iplt           0x08006680        0x0
 .iplt          0x08006680        0x0 c:/program files (x86)/embitz/1.11/share/em_armgcc/bin/../lib/gcc/arm-none-eabi/5.4.1/armv7e-m/crtbegin.o

.ARM.extab
 *(.ARM.extab* .gnu.linkonce.armextab.*)
                0x08006680                __exidx_start = .

.ARM.exidx      0x08006680        0x8
 *(.ARM.exidx* .gnu.linkonce.armexidx.*)
 .ARM.exidx     0x08006680        0x8 c:/program files (x86)/embitz/1.11/share/em_armgcc/bin/../lib/gcc/arm-none-eabi/5.4.1/../../../../arm-none-eabi/lib/armv7e-m/crt0.o
                0x08006688                __exidx_end = .
                0x08006688                __etext = .

.rel.dyn        0x08006688        0x0
 .rel.iplt      0x08006688        0x0 c:/program files (x86)/embitz/1.11/share/em_armgcc/bin/../lib/gcc/arm-none-eabi/5.4.1/armv7e-m/crtbegin.o

.data           0x20000000       0xd0 load address 0x08006688
                0x20000000                __data_start__ = .
 *(vtable)
 *(.data*)
 .data.APBAHBPrescTable
                0x20000000       0x10 obj\debug\spl\src\stm32f30x_rcc.o
 .data.ADCPrescTable
                0x20000010       0x1a obj\debug\spl\src\stm32f30x_rcc.o
 *fill*         0x2000002a        0x2 
 .data.impure_data
                0x2000002c       0x60 c:/program files (x86)/embitz/1.11/share/em_armgcc/bin/../lib/gcc/arm-none-eabi/5.4.1/../../../../arm-none-eabi/lib/armv7e-m\libg_n.a(lib_a-impure.o)
 .data._impure_ptr
                0x2000008c        0x4 c:/program files (x86)/embitz/1.11/share/em_armgcc/bin/../lib/gcc/arm-none-eabi/5.4.1/../../../../arm-none-eabi/lib/armv7e-m\libg_n.a(lib_a-impure.o)
                0x2000008c                _impure_ptr
 .data.lconv    0x20000090       0x38 c:/program files (x86)/embitz/1.11/share/em_armgcc/bin/../lib/gcc/arm-none-eabi/5.4.1/../../../../arm-none-eabi/lib/armv7e-m\libg_n.a(lib_a-locale.o)
                0x200000c8                . = ALIGN (0x4)
                0x200000c8                PROVIDE (__preinit_array_start, .)
 *(.preinit_array)
                0x200000c8                PROVIDE (__preinit_array_end, .)
                0x200000c8                . = ALIGN (0x4)
                0x200000c8                PROVIDE (__init_array_start, .)
 *(SORT(.init_array.*))
 *(.init_array)
 .init_array    0x200000c8        0x4 c:/program files (x86)/embitz/1.11/share/em_armgcc/bin/../lib/gcc/arm-none-eabi/5.4.1/armv7e-m/crtbegin.o
                0x200000cc                PROVIDE (__init_array_end, .)
                0x200000cc                . = ALIGN (0x4)
                [!provide]                PROVIDE (__fini_array_start, .)
 *(SORT(.fini_array.*))
 *(.fini_array)
 .fini_array    0x200000cc        0x4 c:/program files (x86)/embitz/1.11/share/em_armgcc/bin/../lib/gcc/arm-none-eabi/5.4.1/armv7e-m/crtbegin.o
                [!provide]                PROVIDE (__fini_array_end, .)
                0x200000d0                . = ALIGN (0x4)
                0x200000d0                __data_end__ = .

.jcr            0x200000d0        0x0 load address 0x08006758
 .jcr           0x200000d0        0x0 c:/program files (x86)/embitz/1.11/share/em_armgcc/bin/../lib/gcc/arm-none-eabi/5.4.1/armv7e-m/crtbegin.o

.igot.plt       0x200000d0        0x0 load address 0x08006758
 .igot.plt      0x200000d0        0x0 c:/program files (x86)/embitz/1.11/share/em_armgcc/bin/../lib/gcc/arm-none-eabi/5.4.1/armv7e-m/crtbegin.o

.bss            0x200000d0       0x3c load address 0x08006758
                0x200000d0                __bss_start__ = .
 *(.bss*)
 .bss           0x200000d0       0x1c c:/program files (x86)/embitz/1.11/share/em_armgcc/bin/../lib/gcc/arm-none-eabi/5.4.1/armv7e-m/crtbegin.o
 .bss.adc_update_flag
                0x200000ec        0x1 obj\debug\src\main.o
                0x200000ec                adc_update_flag
 *fill*         0x200000ed        0x3 
 .bss.VDDA      0x200000f0        0x4 obj\debug\src\main.o
                0x200000f0                VDDA
 .bss.runCalibration
                0x200000f4        0x1 obj\debug\src\main.o
                0x200000f4                runCalibration
 *fill*         0x200000f5        0x3 
 .bss.adc_calibration_coeff
                0x200000f8        0x4 obj\debug\src\main.o
                0x200000f8                adc_calibration_coeff
 .bss.__malloc_sbrk_start
                0x200000fc        0x4 c:/program files (x86)/embitz/1.11/share/em_armgcc/bin/../lib/gcc/arm-none-eabi/5.4.1/../../../../arm-none-eabi/lib/armv7e-m\libg_n.a(lib_a-nano-mallocr.o)
                0x200000fc                __malloc_sbrk_start
 .bss.__malloc_free_list
                0x20000100        0x4 c:/program files (x86)/embitz/1.11/share/em_armgcc/bin/../lib/gcc/arm-none-eabi/5.4.1/../../../../arm-none-eabi/lib/armv7e-m\libg_n.a(lib_a-nano-mallocr.o)
                0x20000100                __malloc_free_list
 .bss.heap_end.4167
                0x20000104        0x4 c:/program files (x86)/embitz/1.11/share/em_armgcc/bin/../lib/gcc/arm-none-eabi/5.4.1/../../../../arm-none-eabi/lib/armv7e-m\libnosys_s.a(sbrk.o)
 *(COMMON)
 COMMON         0x20000108        0x4 c:/program files (x86)/embitz/1.11/share/em_armgcc/bin/../lib/gcc/arm-none-eabi/5.4.1/../../../../arm-none-eabi/lib/armv7e-m\libg_n.a(lib_a-reent.o)
                0x20000108                errno
                0x2000010c                __bss_end__ = .

.heap           0x20000110        0x0
                0x20000110                __end__ = .
                0x20000110                end = __end__
 *(.heap*)
 .heap          0x20000110        0x0 obj\debug\src\startup_stm32f30x.o
                0x20000110                __HeapLimit = .

.stack_dummy    0x20000110      0x100
 *(.stack)
 .stack         0x20000110      0x100 obj\debug\src\startup_stm32f30x.o
                0x20004000                __StackTop = (ORIGIN (RAM) + LENGTH (RAM))
                0x20003f00                __StackLimit = (__StackTop - SIZEOF (.stack_dummy))
                0x20004000                PROVIDE (__stack, __StackTop)
                0x00000001                ASSERT ((__StackLimit >= __HeapLimit), region RAM overflowed with stack)
LOAD obj\debug\spl\src\stm32f30x_adc.o
LOAD obj\debug\spl\src\stm32f30x_can.o
LOAD obj\debug\spl\src\stm32f30x_comp.o
LOAD obj\debug\spl\src\stm32f30x_crc.o
LOAD obj\debug\spl\src\stm32f30x_dac.o
LOAD obj\debug\spl\src\stm32f30x_dbgmcu.o
LOAD obj\debug\spl\src\stm32f30x_dma.o
LOAD obj\debug\spl\src\stm32f30x_exti.o
LOAD obj\debug\spl\src\stm32f30x_flash.o
LOAD obj\debug\spl\src\stm32f30x_gpio.o
LOAD obj\debug\spl\src\stm32f30x_i2c.o
LOAD obj\debug\spl\src\stm32f30x_iwdg.o
LOAD obj\debug\spl\src\stm32f30x_misc.o
LOAD obj\debug\spl\src\stm32f30x_opamp.o
LOAD obj\debug\spl\src\stm32f30x_pwr.o
LOAD obj\debug\spl\src\stm32f30x_rcc.o
LOAD obj\debug\spl\src\stm32f30x_rtc.o
LOAD obj\debug\spl\src\stm32f30x_spi.o
LOAD obj\debug\spl\src\stm32f30x_syscfg.o
LOAD obj\debug\spl\src\stm32f30x_tim.o
LOAD obj\debug\spl\src\stm32f30x_usart.o
LOAD obj\debug\spl\src\stm32f30x_wwdg.o
LOAD obj\debug\src\30021_io.o
LOAD obj\debug\src\flash.o
LOAD obj\debug\src\lcd.o
LOAD obj\debug\src\main.o
LOAD obj\debug\src\startup_stm32f30x.o
LOAD obj\debug\src\system_stm32f30x.o
START GROUP
LOAD c:/program files (x86)/embitz/1.11/share/em_armgcc/bin/../lib/gcc/arm-none-eabi/5.4.1/armv7e-m\libgcc.a
LOAD c:/program files (x86)/embitz/1.11/share/em_armgcc/bin/../lib/gcc/arm-none-eabi/5.4.1/../../../../arm-none-eabi/lib/armv7e-m\libg_n.a
LOAD c:/program files (x86)/embitz/1.11/share/em_armgcc/bin/../lib/gcc/arm-none-eabi/5.4.1/../../../../arm-none-eabi/lib/armv7e-m\libc_n.a
END GROUP
START GROUP
LOAD c:/program files (x86)/embitz/1.11/share/em_armgcc/bin/../lib/gcc/arm-none-eabi/5.4.1/armv7e-m\libgcc.a
LOAD c:/program files (x86)/embitz/1.11/share/em_armgcc/bin/../lib/gcc/arm-none-eabi/5.4.1/../../../../arm-none-eabi/lib/armv7e-m\libc_n.a
LOAD c:/program files (x86)/embitz/1.11/share/em_armgcc/bin/../lib/gcc/arm-none-eabi/5.4.1/../../../../arm-none-eabi/lib/armv7e-m\libnosys_s.a
END GROUP
LOAD c:/program files (x86)/embitz/1.11/share/em_armgcc/bin/../lib/gcc/arm-none-eabi/5.4.1/armv7e-m/crtend.o
LOAD c:/program files (x86)/embitz/1.11/share/em_armgcc/bin/../lib/gcc/arm-none-eabi/5.4.1/armv7e-m/crtn.o
OUTPUT(bin\Debug\Assignment2.elf elf32-littlearm)

.ARM.attributes
                0x00000000       0x2a
 .ARM.attributes
                0x00000000       0x1e c:/program files (x86)/embitz/1.11/share/em_armgcc/bin/../lib/gcc/arm-none-eabi/5.4.1/armv7e-m/crti.o
 .ARM.attributes
                0x0000001e       0x2e c:/program files (x86)/embitz/1.11/share/em_armgcc/bin/../lib/gcc/arm-none-eabi/5.4.1/armv7e-m/crtbegin.o
 .ARM.attributes
                0x0000004c       0x1c c:/program files (x86)/embitz/1.11/share/em_armgcc/bin/../lib/gcc/arm-none-eabi/5.4.1/../../../../arm-none-eabi/lib/armv7e-m/crt0.o
 .ARM.attributes
                0x00000068       0x33 obj\debug\spl\src\stm32f30x_adc.o
 .ARM.attributes
                0x0000009b       0x33 obj\debug\spl\src\stm32f30x_exti.o
 .ARM.attributes
                0x000000ce       0x33 obj\debug\spl\src\stm32f30x_flash.o
 .ARM.attributes
                0x00000101       0x33 obj\debug\spl\src\stm32f30x_gpio.o
 .ARM.attributes
                0x00000134       0x33 obj\debug\spl\src\stm32f30x_misc.o
 .ARM.attributes
                0x00000167       0x33 obj\debug\spl\src\stm32f30x_rcc.o
 .ARM.attributes
                0x0000019a       0x33 obj\debug\spl\src\stm32f30x_spi.o
 .ARM.attributes
                0x000001cd       0x33 obj\debug\spl\src\stm32f30x_syscfg.o
 .ARM.attributes
                0x00000200       0x33 obj\debug\spl\src\stm32f30x_tim.o
 .ARM.attributes
                0x00000233       0x33 obj\debug\spl\src\stm32f30x_usart.o
 .ARM.attributes
                0x00000266       0x33 obj\debug\src\30021_io.o
 .ARM.attributes
                0x00000299       0x33 obj\debug\src\lcd.o
 .ARM.attributes
                0x000002cc       0x33 obj\debug\src\main.o
 .ARM.attributes
                0x000002ff       0x1b obj\debug\src\startup_stm32f30x.o
 .ARM.attributes
                0x0000031a       0x33 obj\debug\src\system_stm32f30x.o
 .ARM.attributes
                0x0000034d       0x1e c:/program files (x86)/embitz/1.11/share/em_armgcc/bin/../lib/gcc/arm-none-eabi/5.4.1/armv7e-m\libgcc.a(_arm_addsubdf3.o)
 .ARM.attributes
                0x0000036b       0x1e c:/program files (x86)/embitz/1.11/share/em_armgcc/bin/../lib/gcc/arm-none-eabi/5.4.1/armv7e-m\libgcc.a(_arm_muldivdf3.o)
 .ARM.attributes
                0x00000389       0x1e c:/program files (x86)/embitz/1.11/share/em_armgcc/bin/../lib/gcc/arm-none-eabi/5.4.1/armv7e-m\libgcc.a(_arm_truncdfsf2.o)
 .ARM.attributes
                0x000003a7       0x1e c:/program files (x86)/embitz/1.11/share/em_armgcc/bin/../lib/gcc/arm-none-eabi/5.4.1/armv7e-m\libgcc.a(_arm_addsubsf3.o)
 .ARM.attributes
                0x000003c5       0x1e c:/program files (x86)/embitz/1.11/share/em_armgcc/bin/../lib/gcc/arm-none-eabi/5.4.1/armv7e-m\libgcc.a(_arm_muldivsf3.o)
 .ARM.attributes
                0x000003e3       0x1e c:/program files (x86)/embitz/1.11/share/em_armgcc/bin/../lib/gcc/arm-none-eabi/5.4.1/armv7e-m\libgcc.a(_arm_cmpsf2.o)
 .ARM.attributes
                0x00000401       0x2e c:/program files (x86)/embitz/1.11/share/em_armgcc/bin/../lib/gcc/arm-none-eabi/5.4.1/../../../../arm-none-eabi/lib/armv7e-m\libg_n.a(lib_a-exit.o)
 .ARM.attributes
                0x0000042f       0x2e c:/program files (x86)/embitz/1.11/share/em_armgcc/bin/../lib/gcc/arm-none-eabi/5.4.1/../../../../arm-none-eabi/lib/armv7e-m\libg_n.a(lib_a-impure.o)
 .ARM.attributes
                0x0000045d       0x2e c:/program files (x86)/embitz/1.11/share/em_armgcc/bin/../lib/gcc/arm-none-eabi/5.4.1/../../../../arm-none-eabi/lib/armv7e-m\libg_n.a(lib_a-init.o)
 .ARM.attributes
                0x0000048b       0x2e c:/program files (x86)/embitz/1.11/share/em_armgcc/bin/../lib/gcc/arm-none-eabi/5.4.1/../../../../arm-none-eabi/lib/armv7e-m\libg_n.a(lib_a-memcpy-stub.o)
 .ARM.attributes
                0x000004b9       0x2e c:/program files (x86)/embitz/1.11/share/em_armgcc/bin/../lib/gcc/arm-none-eabi/5.4.1/../../../../arm-none-eabi/lib/armv7e-m\libg_n.a(lib_a-memset.o)
 .ARM.attributes
                0x000004e7       0x2e c:/program files (x86)/embitz/1.11/share/em_armgcc/bin/../lib/gcc/arm-none-eabi/5.4.1/../../../../arm-none-eabi/lib/armv7e-m\libg_n.a(lib_a-nano-vfprintf_float.o)
 .ARM.attributes
                0x00000515       0x2e c:/program files (x86)/embitz/1.11/share/em_armgcc/bin/../lib/gcc/arm-none-eabi/5.4.1/../../../../arm-none-eabi/lib/armv7e-m\libg_n.a(lib_a-nano-vfprintf_i.o)
 .ARM.attributes
                0x00000543       0x2e c:/program files (x86)/embitz/1.11/share/em_armgcc/bin/../lib/gcc/arm-none-eabi/5.4.1/../../../../arm-none-eabi/lib/armv7e-m\libg_n.a(lib_a-puts.o)
 .ARM.attributes
                0x00000571       0x2e c:/program files (x86)/embitz/1.11/share/em_armgcc/bin/../lib/gcc/arm-none-eabi/5.4.1/../../../../arm-none-eabi/lib/armv7e-m\libg_n.a(lib_a-setbuf.o)
 .ARM.attributes
                0x0000059f       0x2e c:/program files (x86)/embitz/1.11/share/em_armgcc/bin/../lib/gcc/arm-none-eabi/5.4.1/../../../../arm-none-eabi/lib/armv7e-m\libg_n.a(lib_a-setvbuf.o)
 .ARM.attributes
                0x000005cd       0x2e c:/program files (x86)/embitz/1.11/share/em_armgcc/bin/../lib/gcc/arm-none-eabi/5.4.1/../../../../arm-none-eabi/lib/armv7e-m\libg_n.a(lib_a-sprintf.o)
 .ARM.attributes
                0x000005fb       0x17 c:/program files (x86)/embitz/1.11/share/em_armgcc/bin/../lib/gcc/arm-none-eabi/5.4.1/../../../../arm-none-eabi/lib/armv7e-m\libg_n.a(lib_a-strlen.o)
 .ARM.attributes
                0x00000612       0x2e c:/program files (x86)/embitz/1.11/share/em_armgcc/bin/../lib/gcc/arm-none-eabi/5.4.1/../../../../arm-none-eabi/lib/armv7e-m\libg_n.a(lib_a-wbuf.o)
 .ARM.attributes
                0x00000640       0x2e c:/program files (x86)/embitz/1.11/share/em_armgcc/bin/../lib/gcc/arm-none-eabi/5.4.1/../../../../arm-none-eabi/lib/armv7e-m\libg_n.a(lib_a-wsetup.o)
 .ARM.attributes
                0x0000066e       0x2e c:/program files (x86)/embitz/1.11/share/em_armgcc/bin/../lib/gcc/arm-none-eabi/5.4.1/../../../../arm-none-eabi/lib/armv7e-m\libg_n.a(lib_a-dtoa.o)
 .ARM.attributes
                0x0000069c       0x2e c:/program files (x86)/embitz/1.11/share/em_armgcc/bin/../lib/gcc/arm-none-eabi/5.4.1/../../../../arm-none-eabi/lib/armv7e-m\libg_n.a(lib_a-fflush.o)
 .ARM.attributes
                0x000006ca       0x2e c:/program files (x86)/embitz/1.11/share/em_armgcc/bin/../lib/gcc/arm-none-eabi/5.4.1/../../../../arm-none-eabi/lib/armv7e-m\libg_n.a(lib_a-findfp.o)
 .ARM.attributes
                0x000006f8       0x2e c:/program files (x86)/embitz/1.11/share/em_armgcc/bin/../lib/gcc/arm-none-eabi/5.4.1/../../../../arm-none-eabi/lib/armv7e-m\libg_n.a(lib_a-fwalk.o)
 .ARM.attributes
                0x00000726       0x2e c:/program files (x86)/embitz/1.11/share/em_armgcc/bin/../lib/gcc/arm-none-eabi/5.4.1/../../../../arm-none-eabi/lib/armv7e-m\libg_n.a(lib_a-locale.o)
 .ARM.attributes
                0x00000754       0x2e c:/program files (x86)/embitz/1.11/share/em_armgcc/bin/../lib/gcc/arm-none-eabi/5.4.1/../../../../arm-none-eabi/lib/armv7e-m\libg_n.a(lib_a-makebuf.o)
 .ARM.attributes
                0x00000782       0x2e c:/program files (x86)/embitz/1.11/share/em_armgcc/bin/../lib/gcc/arm-none-eabi/5.4.1/../../../../arm-none-eabi/lib/armv7e-m\libg_n.a(lib_a-malloc.o)
 .ARM.attributes
                0x000007b0       0x1c c:/program files (x86)/embitz/1.11/share/em_armgcc/bin/../lib/gcc/arm-none-eabi/5.4.1/../../../../arm-none-eabi/lib/armv7e-m\libg_n.a(lib_a-memchr.o)
 .ARM.attributes
                0x000007cc       0x2e c:/program files (x86)/embitz/1.11/share/em_armgcc/bin/../lib/gcc/arm-none-eabi/5.4.1/../../../../arm-none-eabi/lib/armv7e-m\libg_n.a(lib_a-mprec.o)
 .ARM.attributes
                0x000007fa       0x2e c:/program files (x86)/embitz/1.11/share/em_armgcc/bin/../lib/gcc/arm-none-eabi/5.4.1/../../../../arm-none-eabi/lib/armv7e-m\libg_n.a(lib_a-nano-callocr.o)
 .ARM.attributes
                0x00000828       0x2e c:/program files (x86)/embitz/1.11/share/em_armgcc/bin/../lib/gcc/arm-none-eabi/5.4.1/../../../../arm-none-eabi/lib/armv7e-m\libg_n.a(lib_a-nano-freer.o)
 .ARM.attributes
                0x00000856       0x2e c:/program files (x86)/embitz/1.11/share/em_armgcc/bin/../lib/gcc/arm-none-eabi/5.4.1/../../../../arm-none-eabi/lib/armv7e-m\libg_n.a(lib_a-nano-mallocr.o)
 .ARM.attributes
                0x00000884       0x2e c:/program files (x86)/embitz/1.11/share/em_armgcc/bin/../lib/gcc/arm-none-eabi/5.4.1/../../../../arm-none-eabi/lib/armv7e-m\libg_n.a(lib_a-nano-svfprintf.o)
 .ARM.attributes
                0x000008b2       0x2e c:/program files (x86)/embitz/1.11/share/em_armgcc/bin/../lib/gcc/arm-none-eabi/5.4.1/../../../../arm-none-eabi/lib/armv7e-m\libg_n.a(lib_a-sbrkr.o)
 .ARM.attributes
                0x000008e0       0x2e c:/program files (x86)/embitz/1.11/share/em_armgcc/bin/../lib/gcc/arm-none-eabi/5.4.1/../../../../arm-none-eabi/lib/armv7e-m\libg_n.a(lib_a-stdio.o)
 .ARM.attributes
                0x0000090e       0x2e c:/program files (x86)/embitz/1.11/share/em_armgcc/bin/../lib/gcc/arm-none-eabi/5.4.1/../../../../arm-none-eabi/lib/armv7e-m\libg_n.a(lib_a-closer.o)
 .ARM.attributes
                0x0000093c       0x2e c:/program files (x86)/embitz/1.11/share/em_armgcc/bin/../lib/gcc/arm-none-eabi/5.4.1/../../../../arm-none-eabi/lib/armv7e-m\libg_n.a(lib_a-fstatr.o)
 .ARM.attributes
                0x0000096a       0x2e c:/program files (x86)/embitz/1.11/share/em_armgcc/bin/../lib/gcc/arm-none-eabi/5.4.1/../../../../arm-none-eabi/lib/armv7e-m\libg_n.a(lib_a-isattyr.o)
 .ARM.attributes
                0x00000998       0x2e c:/program files (x86)/embitz/1.11/share/em_armgcc/bin/../lib/gcc/arm-none-eabi/5.4.1/../../../../arm-none-eabi/lib/armv7e-m\libg_n.a(lib_a-lseekr.o)
 .ARM.attributes
                0x000009c6       0x2e c:/program files (x86)/embitz/1.11/share/em_armgcc/bin/../lib/gcc/arm-none-eabi/5.4.1/../../../../arm-none-eabi/lib/armv7e-m\libg_n.a(lib_a-memmove.o)
 .ARM.attributes
                0x000009f4       0x2e c:/program files (x86)/embitz/1.11/share/em_armgcc/bin/../lib/gcc/arm-none-eabi/5.4.1/../../../../arm-none-eabi/lib/armv7e-m\libg_n.a(lib_a-mlock.o)
 .ARM.attributes
                0x00000a22       0x2e c:/program files (x86)/embitz/1.11/share/em_armgcc/bin/../lib/gcc/arm-none-eabi/5.4.1/../../../../arm-none-eabi/lib/armv7e-m\libg_n.a(lib_a-nano-reallocr.o)
 .ARM.attributes
                0x00000a50       0x2e c:/program files (x86)/embitz/1.11/share/em_armgcc/bin/../lib/gcc/arm-none-eabi/5.4.1/../../../../arm-none-eabi/lib/armv7e-m\libg_n.a(lib_a-readr.o)
 .ARM.attributes
                0x00000a7e       0x2e c:/program files (x86)/embitz/1.11/share/em_armgcc/bin/../lib/gcc/arm-none-eabi/5.4.1/../../../../arm-none-eabi/lib/armv7e-m\libg_n.a(lib_a-reent.o)
 .ARM.attributes
                0x00000aac       0x2e c:/program files (x86)/embitz/1.11/share/em_armgcc/bin/../lib/gcc/arm-none-eabi/5.4.1/../../../../arm-none-eabi/lib/armv7e-m\libg_n.a(lib_a-nano-msizer.o)
 .ARM.attributes
                0x00000ada       0x1e c:/program files (x86)/embitz/1.11/share/em_armgcc/bin/../lib/gcc/arm-none-eabi/5.4.1/armv7e-m\libgcc.a(_arm_cmpdf2.o)
 .ARM.attributes
                0x00000af8       0x1e c:/program files (x86)/embitz/1.11/share/em_armgcc/bin/../lib/gcc/arm-none-eabi/5.4.1/armv7e-m\libgcc.a(_arm_unorddf2.o)
 .ARM.attributes
                0x00000b16       0x1e c:/program files (x86)/embitz/1.11/share/em_armgcc/bin/../lib/gcc/arm-none-eabi/5.4.1/armv7e-m\libgcc.a(_arm_fixdfsi.o)
 .ARM.attributes
                0x00000b34       0x2e c:/program files (x86)/embitz/1.11/share/em_armgcc/bin/../lib/gcc/arm-none-eabi/5.4.1/../../../../arm-none-eabi/lib/armv7e-m\libnosys_s.a(close.o)
 .ARM.attributes
                0x00000b62       0x2e c:/program files (x86)/embitz/1.11/share/em_armgcc/bin/../lib/gcc/arm-none-eabi/5.4.1/../../../../arm-none-eabi/lib/armv7e-m\libnosys_s.a(fstat.o)
 .ARM.attributes
                0x00000b90       0x2e c:/program files (x86)/embitz/1.11/share/em_armgcc/bin/../lib/gcc/arm-none-eabi/5.4.1/../../../../arm-none-eabi/lib/armv7e-m\libnosys_s.a(isatty.o)
 .ARM.attributes
                0x00000bbe       0x2e c:/program files (x86)/embitz/1.11/share/em_armgcc/bin/../lib/gcc/arm-none-eabi/5.4.1/../../../../arm-none-eabi/lib/armv7e-m\libnosys_s.a(lseek.o)
 .ARM.attributes
                0x00000bec       0x2e c:/program files (x86)/embitz/1.11/share/em_armgcc/bin/../lib/gcc/arm-none-eabi/5.4.1/../../../../arm-none-eabi/lib/armv7e-m\libnosys_s.a(read.o)
 .ARM.attributes
                0x00000c1a       0x2e c:/program files (x86)/embitz/1.11/share/em_armgcc/bin/../lib/gcc/arm-none-eabi/5.4.1/../../../../arm-none-eabi/lib/armv7e-m\libnosys_s.a(sbrk.o)
 .ARM.attributes
                0x00000c48       0x2e c:/program files (x86)/embitz/1.11/share/em_armgcc/bin/../lib/gcc/arm-none-eabi/5.4.1/../../../../arm-none-eabi/lib/armv7e-m\libnosys_s.a(_exit.o)
 .ARM.attributes
                0x00000c76       0x2e c:/program files (x86)/embitz/1.11/share/em_armgcc/bin/../lib/gcc/arm-none-eabi/5.4.1/armv7e-m/crtend.o
 .ARM.attributes
                0x00000ca4       0x1e c:/program files (x86)/embitz/1.11/share/em_armgcc/bin/../lib/gcc/arm-none-eabi/5.4.1/armv7e-m/crtn.o

.comment        0x00000000       0x6e
 .comment       0x00000000       0x6e obj\debug\spl\src\stm32f30x_adc.o
                                 0x6f (size before relaxing)
 .comment       0x0000006e       0x6f obj\debug\spl\src\stm32f30x_exti.o
 .comment       0x0000006e       0x6f obj\debug\spl\src\stm32f30x_flash.o
 .comment       0x0000006e       0x6f obj\debug\spl\src\stm32f30x_gpio.o
 .comment       0x0000006e       0x6f obj\debug\spl\src\stm32f30x_misc.o
 .comment       0x0000006e       0x6f obj\debug\spl\src\stm32f30x_rcc.o
 .comment       0x0000006e       0x6f obj\debug\spl\src\stm32f30x_spi.o
 .comment       0x0000006e       0x6f obj\debug\spl\src\stm32f30x_syscfg.o
 .comment       0x0000006e       0x6f obj\debug\spl\src\stm32f30x_tim.o
 .comment       0x0000006e       0x6f obj\debug\spl\src\stm32f30x_usart.o
 .comment       0x0000006e       0x6f obj\debug\src\30021_io.o
 .comment       0x0000006e       0x6f obj\debug\src\lcd.o
 .comment       0x0000006e       0x6f obj\debug\src\main.o
 .comment       0x0000006e       0x6f obj\debug\src\system_stm32f30x.o

.debug_info     0x00000000     0x9b58
 .debug_info    0x00000000     0x1327 obj\debug\spl\src\stm32f30x_adc.o
 .debug_info    0x00001327      0x3cc obj\debug\spl\src\stm32f30x_exti.o
 .debug_info    0x000016f3      0x7df obj\debug\spl\src\stm32f30x_flash.o
 .debug_info    0x00001ed2      0x61a obj\debug\spl\src\stm32f30x_gpio.o
 .debug_info    0x000024ec      0x55e obj\debug\spl\src\stm32f30x_misc.o
 .debug_info    0x00002a4a      0xad4 obj\debug\spl\src\stm32f30x_rcc.o
 .debug_info    0x0000351e      0xb82 obj\debug\spl\src\stm32f30x_spi.o
 .debug_info    0x000040a0      0x3d6 obj\debug\spl\src\stm32f30x_syscfg.o
 .debug_info    0x00004476     0x2194 obj\debug\spl\src\stm32f30x_tim.o
 .debug_info    0x0000660a      0xecc obj\debug\spl\src\stm32f30x_usart.o
 .debug_info    0x000074d6      0xd55 obj\debug\src\30021_io.o
 .debug_info    0x0000822b      0x5d6 obj\debug\src\lcd.o
 .debug_info    0x00008801      0xe55 obj\debug\src\main.o
 .debug_info    0x00009656       0x92 obj\debug\src\startup_stm32f30x.o
 .debug_info    0x000096e8      0x470 obj\debug\src\system_stm32f30x.o

.debug_abbrev   0x00000000     0x16e8
 .debug_abbrev  0x00000000      0x197 obj\debug\spl\src\stm32f30x_adc.o
 .debug_abbrev  0x00000197      0x183 obj\debug\spl\src\stm32f30x_exti.o
 .debug_abbrev  0x0000031a      0x1bb obj\debug\spl\src\stm32f30x_flash.o
 .debug_abbrev  0x000004d5      0x19d obj\debug\spl\src\stm32f30x_gpio.o
 .debug_abbrev  0x00000672      0x14c obj\debug\spl\src\stm32f30x_misc.o
 .debug_abbrev  0x000007be      0x1ea obj\debug\spl\src\stm32f30x_rcc.o
 .debug_abbrev  0x000009a8      0x190 obj\debug\spl\src\stm32f30x_spi.o
 .debug_abbrev  0x00000b38      0x188 obj\debug\spl\src\stm32f30x_syscfg.o
 .debug_abbrev  0x00000cc0      0x18e obj\debug\spl\src\stm32f30x_tim.o
 .debug_abbrev  0x00000e4e      0x15c obj\debug\spl\src\stm32f30x_usart.o
 .debug_abbrev  0x00000faa      0x23b obj\debug\src\30021_io.o
 .debug_abbrev  0x000011e5      0x197 obj\debug\src\lcd.o
 .debug_abbrev  0x0000137c      0x23e obj\debug\src\main.o
 .debug_abbrev  0x000015ba       0x14 obj\debug\src\startup_stm32f30x.o
 .debug_abbrev  0x000015ce      0x11a obj\debug\src\system_stm32f30x.o

.debug_aranges  0x00000000      0xdc8
 .debug_aranges
                0x00000000      0x210 obj\debug\spl\src\stm32f30x_adc.o
 .debug_aranges
                0x00000210       0x58 obj\debug\spl\src\stm32f30x_exti.o
 .debug_aranges
                0x00000268      0x100 obj\debug\spl\src\stm32f30x_flash.o
 .debug_aranges
                0x00000368       0x80 obj\debug\spl\src\stm32f30x_gpio.o
 .debug_aranges
                0x000003e8       0x40 obj\debug\spl\src\stm32f30x_misc.o
 .debug_aranges
                0x00000428      0x150 obj\debug\spl\src\stm32f30x_rcc.o
 .debug_aranges
                0x00000578      0x118 obj\debug\spl\src\stm32f30x_spi.o
 .debug_aranges
                0x00000690       0x88 obj\debug\spl\src\stm32f30x_syscfg.o
 .debug_aranges
                0x00000718      0x3a8 obj\debug\spl\src\stm32f30x_tim.o
 .debug_aranges
                0x00000ac0      0x1a0 obj\debug\spl\src\stm32f30x_usart.o
 .debug_aranges
                0x00000c60       0x38 obj\debug\src\30021_io.o
 .debug_aranges
                0x00000c98       0x50 obj\debug\src\lcd.o
 .debug_aranges
                0x00000ce8       0x90 obj\debug\src\main.o
 .debug_aranges
                0x00000d78       0x20 obj\debug\src\startup_stm32f30x.o
 .debug_aranges
                0x00000d98       0x30 obj\debug\src\system_stm32f30x.o

.debug_ranges   0x00000000      0xce0
 .debug_ranges  0x00000000      0x200 obj\debug\spl\src\stm32f30x_adc.o
 .debug_ranges  0x00000200       0x48 obj\debug\spl\src\stm32f30x_exti.o
 .debug_ranges  0x00000248       0xf0 obj\debug\spl\src\stm32f30x_flash.o
 .debug_ranges  0x00000338       0x70 obj\debug\spl\src\stm32f30x_gpio.o
 .debug_ranges  0x000003a8       0x30 obj\debug\spl\src\stm32f30x_misc.o
 .debug_ranges  0x000003d8      0x140 obj\debug\spl\src\stm32f30x_rcc.o
 .debug_ranges  0x00000518      0x108 obj\debug\spl\src\stm32f30x_spi.o
 .debug_ranges  0x00000620       0x78 obj\debug\spl\src\stm32f30x_syscfg.o
 .debug_ranges  0x00000698      0x398 obj\debug\spl\src\stm32f30x_tim.o
 .debug_ranges  0x00000a30      0x190 obj\debug\spl\src\stm32f30x_usart.o
 .debug_ranges  0x00000bc0       0x28 obj\debug\src\30021_io.o
 .debug_ranges  0x00000be8       0x58 obj\debug\src\lcd.o
 .debug_ranges  0x00000c40       0x80 obj\debug\src\main.o
 .debug_ranges  0x00000cc0       0x20 obj\debug\src\system_stm32f30x.o

.debug_macro    0x00000000    0x10bc6
 .debug_macro   0x00000000      0x1b3 obj\debug\spl\src\stm32f30x_adc.o
 .debug_macro   0x000001b3      0x892 obj\debug\spl\src\stm32f30x_adc.o
 .debug_macro   0x00000a45       0x74 obj\debug\spl\src\stm32f30x_adc.o
 .debug_macro   0x00000ab9       0x35 obj\debug\spl\src\stm32f30x_adc.o
 .debug_macro   0x00000aee       0x22 obj\debug\spl\src\stm32f30x_adc.o
 .debug_macro   0x00000b10       0x87 obj\debug\spl\src\stm32f30x_adc.o
 .debug_macro   0x00000b97       0x44 obj\debug\spl\src\stm32f30x_adc.o
 .debug_macro   0x00000bdb       0xfd obj\debug\spl\src\stm32f30x_adc.o
 .debug_macro   0x00000cd8       0x5e obj\debug\spl\src\stm32f30x_adc.o
 .debug_macro   0x00000d36      0x1df obj\debug\spl\src\stm32f30x_adc.o
 .debug_macro   0x00000f15       0x18 obj\debug\spl\src\stm32f30x_adc.o
 .debug_macro   0x00000f2d       0x42 obj\debug\spl\src\stm32f30x_adc.o
 .debug_macro   0x00000f6f      0x8cb obj\debug\spl\src\stm32f30x_adc.o
 .debug_macro   0x0000183a     0x769b obj\debug\spl\src\stm32f30x_adc.o
 .debug_macro   0x00008ed5      0x3c9 obj\debug\spl\src\stm32f30x_adc.o
 .debug_macro   0x0000929e       0x46 obj\debug\spl\src\stm32f30x_adc.o
 .debug_macro   0x000092e4      0x231 obj\debug\spl\src\stm32f30x_adc.o
 .debug_macro   0x00009515      0x196 obj\debug\spl\src\stm32f30x_adc.o
 .debug_macro   0x000096ab       0x8e obj\debug\spl\src\stm32f30x_adc.o
 .debug_macro   0x00009739      0x3a8 obj\debug\spl\src\stm32f30x_adc.o
 .debug_macro   0x00009ae1      0x114 obj\debug\spl\src\stm32f30x_adc.o
 .debug_macro   0x00009bf5      0x1e4 obj\debug\spl\src\stm32f30x_adc.o
 .debug_macro   0x00009dd9      0x1b6 obj\debug\spl\src\stm32f30x_adc.o
 .debug_macro   0x00009f8f      0x1df obj\debug\spl\src\stm32f30x_adc.o
 .debug_macro   0x0000a16e      0x29a obj\debug\spl\src\stm32f30x_adc.o
 .debug_macro   0x0000a408       0x70 obj\debug\spl\src\stm32f30x_adc.o
 .debug_macro   0x0000a478      0x10c obj\debug\spl\src\stm32f30x_adc.o
 .debug_macro   0x0000a584       0xb8 obj\debug\spl\src\stm32f30x_adc.o
 .debug_macro   0x0000a63c      0x5c6 obj\debug\spl\src\stm32f30x_adc.o
 .debug_macro   0x0000ac02      0x551 obj\debug\spl\src\stm32f30x_adc.o
 .debug_macro   0x0000b153      0x3ab obj\debug\spl\src\stm32f30x_adc.o
 .debug_macro   0x0000b4fe      0x8d8 obj\debug\spl\src\stm32f30x_adc.o
 .debug_macro   0x0000bdd6      0x364 obj\debug\spl\src\stm32f30x_adc.o
 .debug_macro   0x0000c13a       0x34 obj\debug\spl\src\stm32f30x_adc.o
 .debug_macro   0x0000c16e       0x89 obj\debug\spl\src\stm32f30x_adc.o
 .debug_macro   0x0000c1f7       0x35 obj\debug\spl\src\stm32f30x_adc.o
 .debug_macro   0x0000c22c      0x5a6 obj\debug\spl\src\stm32f30x_adc.o
 .debug_macro   0x0000c7d2      0x1a1 obj\debug\spl\src\stm32f30x_exti.o
 .debug_macro   0x0000c973      0x10e obj\debug\spl\src\stm32f30x_exti.o
 .debug_macro   0x0000ca81      0x1ad obj\debug\spl\src\stm32f30x_flash.o
 .debug_macro   0x0000cc2e      0x1de obj\debug\spl\src\stm32f30x_flash.o
 .debug_macro   0x0000ce0c      0x19b obj\debug\spl\src\stm32f30x_gpio.o
 .debug_macro   0x0000cfa7      0x1b0 obj\debug\spl\src\stm32f30x_gpio.o
 .debug_macro   0x0000d157      0x1a1 obj\debug\spl\src\stm32f30x_misc.o
 .debug_macro   0x0000d2f8       0x83 obj\debug\spl\src\stm32f30x_misc.o
 .debug_macro   0x0000d37b      0x238 obj\debug\spl\src\stm32f30x_rcc.o
 .debug_macro   0x0000d5b3      0x5c0 obj\debug\spl\src\stm32f30x_rcc.o
 .debug_macro   0x0000db73      0x1b0 obj\debug\spl\src\stm32f30x_spi.o
 .debug_macro   0x0000dd23      0x3a5 obj\debug\spl\src\stm32f30x_spi.o
 .debug_macro   0x0000e0c8      0x1cb obj\debug\spl\src\stm32f30x_syscfg.o
 .debug_macro   0x0000e293      0x1d9 obj\debug\spl\src\stm32f30x_syscfg.o
 .debug_macro   0x0000e46c      0x1c5 obj\debug\spl\src\stm32f30x_tim.o
 .debug_macro   0x0000e631      0x8d2 obj\debug\spl\src\stm32f30x_tim.o
 .debug_macro   0x0000ef03      0x1b3 obj\debug\spl\src\stm32f30x_usart.o
 .debug_macro   0x0000f0b6      0x35e obj\debug\spl\src\stm32f30x_usart.o
 .debug_macro   0x0000f414      0x2d8 obj\debug\src\30021_io.o
 .debug_macro   0x0000f6ec       0x52 obj\debug\src\30021_io.o
 .debug_macro   0x0000f73e       0x35 obj\debug\src\30021_io.o
 .debug_macro   0x0000f773       0x9c obj\debug\src\30021_io.o
 .debug_macro   0x0000f80f       0x16 obj\debug\src\30021_io.o
 .debug_macro   0x0000f825       0x97 obj\debug\src\30021_io.o
 .debug_macro   0x0000f8bc      0x30d obj\debug\src\30021_io.o
 .debug_macro   0x0000fbc9       0xfd obj\debug\src\30021_io.o
 .debug_macro   0x0000fcc6       0x10 obj\debug\src\30021_io.o
 .debug_macro   0x0000fcd6       0x52 obj\debug\src\30021_io.o
 .debug_macro   0x0000fd28       0x1f obj\debug\src\30021_io.o
 .debug_macro   0x0000fd47       0x43 obj\debug\src\30021_io.o
 .debug_macro   0x0000fd8a       0x20 obj\debug\src\30021_io.o
 .debug_macro   0x0000fdaa      0x187 obj\debug\src\30021_io.o
 .debug_macro   0x0000ff31       0x10 obj\debug\src\30021_io.o
 .debug_macro   0x0000ff41       0x1c obj\debug\src\30021_io.o
 .debug_macro   0x0000ff5d       0x52 obj\debug\src\30021_io.o
 .debug_macro   0x0000ffaf       0x40 obj\debug\src\30021_io.o
 .debug_macro   0x0000ffef       0x10 obj\debug\src\30021_io.o
 .debug_macro   0x0000ffff       0x40 obj\debug\src\30021_io.o
 .debug_macro   0x0001003f       0xd7 obj\debug\src\30021_io.o
 .debug_macro   0x00010116       0x16 obj\debug\src\30021_io.o
 .debug_macro   0x0001012c      0x189 obj\debug\src\30021_io.o
 .debug_macro   0x000102b5      0x258 obj\debug\src\lcd.o
 .debug_macro   0x0001050d      0x174 obj\debug\src\lcd.o
 .debug_macro   0x00010681       0x10 obj\debug\src\lcd.o
 .debug_macro   0x00010691       0x35 obj\debug\src\lcd.o
 .debug_macro   0x000106c6       0x1c obj\debug\src\lcd.o
 .debug_macro   0x000106e2      0x315 obj\debug\src\main.o
 .debug_macro   0x000109f7       0x16 obj\debug\src\main.o
 .debug_macro   0x00010a0d       0x22 obj\debug\src\main.o
 .debug_macro   0x00010a2f      0x197 obj\debug\src\system_stm32f30x.o

.debug_line     0x00000000     0x64c9
 .debug_line    0x00000000      0xa20 obj\debug\spl\src\stm32f30x_adc.o
 .debug_line    0x00000a20      0x4f9 obj\debug\spl\src\stm32f30x_exti.o
 .debug_line    0x00000f19      0x6f7 obj\debug\spl\src\stm32f30x_flash.o
 .debug_line    0x00001610      0x57f obj\debug\spl\src\stm32f30x_gpio.o
 .debug_line    0x00001b8f      0x49a obj\debug\spl\src\stm32f30x_misc.o
 .debug_line    0x00002029      0x7e5 obj\debug\spl\src\stm32f30x_rcc.o
 .debug_line    0x0000280e      0x736 obj\debug\spl\src\stm32f30x_spi.o
 .debug_line    0x00002f44      0x548 obj\debug\spl\src\stm32f30x_syscfg.o
 .debug_line    0x0000348c      0xeef obj\debug\spl\src\stm32f30x_tim.o
 .debug_line    0x0000437b      0x86c obj\debug\spl\src\stm32f30x_usart.o
 .debug_line    0x00004be7      0x5cb obj\debug\src\30021_io.o
 .debug_line    0x000051b2      0x650 obj\debug\src\lcd.o
 .debug_line    0x00005802      0x779 obj\debug\src\main.o
 .debug_line    0x00005f7b       0xbb obj\debug\src\startup_stm32f30x.o
 .debug_line    0x00006036      0x493 obj\debug\src\system_stm32f30x.o

.debug_str      0x00000000    0x5a68b
 .debug_str     0x00000000    0x52c09 obj\debug\spl\src\stm32f30x_adc.o
                              0x52db3 (size before relaxing)
 .debug_str     0x00052c09      0x1e8 obj\debug\spl\src\stm32f30x_exti.o
                              0x52536 (size before relaxing)
 .debug_str     0x00052df1      0x3ef obj\debug\spl\src\stm32f30x_flash.o
                              0x52791 (size before relaxing)
 .debug_str     0x000531e0      0x296 obj\debug\spl\src\stm32f30x_gpio.o
                              0x52633 (size before relaxing)
 .debug_str     0x00053476      0x21d obj\debug\spl\src\stm32f30x_misc.o
                              0x5258c (size before relaxing)
 .debug_str     0x00053693      0xa51 obj\debug\spl\src\stm32f30x_rcc.o
                              0x52de7 (size before relaxing)
 .debug_str     0x000540e4      0x4b5 obj\debug\spl\src\stm32f30x_spi.o
                              0x529c4 (size before relaxing)
 .debug_str     0x00054599      0x3ba obj\debug\spl\src\stm32f30x_syscfg.o
                              0x5270c (size before relaxing)
 .debug_str     0x00054953      0xdea obj\debug\spl\src\stm32f30x_tim.o
                              0x531da (size before relaxing)
 .debug_str     0x0005573d      0x7e5 obj\debug\spl\src\stm32f30x_usart.o
                              0x52cbb (size before relaxing)
 .debug_str     0x00055f22     0x3e9a obj\debug\src\30021_io.o
                              0x56493 (size before relaxing)
 .debug_str     0x00059dbc      0x134 obj\debug\src\lcd.o
                              0x54f48 (size before relaxing)
 .debug_str     0x00059ef0      0x733 obj\debug\src\main.o
                              0x56afb (size before relaxing)
 .debug_str     0x0005a623       0x68 obj\debug\src\system_stm32f30x.o
                              0x52469 (size before relaxing)

.debug_frame    0x00000000     0x4a74
 .debug_frame   0x00000000      0x9e4 obj\debug\spl\src\stm32f30x_adc.o
 .debug_frame   0x000009e4      0x148 obj\debug\spl\src\stm32f30x_exti.o
 .debug_frame   0x00000b2c      0x428 obj\debug\spl\src\stm32f30x_flash.o
 .debug_frame   0x00000f54      0x214 obj\debug\spl\src\stm32f30x_gpio.o
 .debug_frame   0x00001168       0xd8 obj\debug\spl\src\stm32f30x_misc.o
 .debug_frame   0x00001240      0x60c obj\debug\spl\src\stm32f30x_rcc.o
 .debug_frame   0x0000184c      0x508 obj\debug\spl\src\stm32f30x_spi.o
 .debug_frame   0x00001d54      0x230 obj\debug\spl\src\stm32f30x_syscfg.o
 .debug_frame   0x00001f84     0x11c4 obj\debug\spl\src\stm32f30x_tim.o
 .debug_frame   0x00003148      0x7b0 obj\debug\spl\src\stm32f30x_usart.o
 .debug_frame   0x000038f8       0xa4 obj\debug\src\30021_io.o
 .debug_frame   0x0000399c      0x10c obj\debug\src\lcd.o
 .debug_frame   0x00003aa8      0x22c obj\debug\src\main.o
 .debug_frame   0x00003cd4       0x74 obj\debug\src\system_stm32f30x.o
 .debug_frame   0x00003d48       0x28 c:/program files (x86)/embitz/1.11/share/em_armgcc/bin/../lib/gcc/arm-none-eabi/5.4.1/../../../../arm-none-eabi/lib/armv7e-m\libg_n.a(lib_a-exit.o)
 .debug_frame   0x00003d70       0x2c c:/program files (x86)/embitz/1.11/share/em_armgcc/bin/../lib/gcc/arm-none-eabi/5.4.1/../../../../arm-none-eabi/lib/armv7e-m\libg_n.a(lib_a-init.o)
 .debug_frame   0x00003d9c       0x28 c:/program files (x86)/embitz/1.11/share/em_armgcc/bin/../lib/gcc/arm-none-eabi/5.4.1/../../../../arm-none-eabi/lib/armv7e-m\libg_n.a(lib_a-memcpy-stub.o)
 .debug_frame   0x00003dc4       0x20 c:/program files (x86)/embitz/1.11/share/em_armgcc/bin/../lib/gcc/arm-none-eabi/5.4.1/../../../../arm-none-eabi/lib/armv7e-m\libg_n.a(lib_a-memset.o)
 .debug_frame   0x00003de4       0x8c c:/program files (x86)/embitz/1.11/share/em_armgcc/bin/../lib/gcc/arm-none-eabi/5.4.1/../../../../arm-none-eabi/lib/armv7e-m\libg_n.a(lib_a-nano-vfprintf_float.o)
 .debug_frame   0x00003e70       0x60 c:/program files (x86)/embitz/1.11/share/em_armgcc/bin/../lib/gcc/arm-none-eabi/5.4.1/../../../../arm-none-eabi/lib/armv7e-m\libg_n.a(lib_a-nano-vfprintf_i.o)
 .debug_frame   0x00003ed0       0x3c c:/program files (x86)/embitz/1.11/share/em_armgcc/bin/../lib/gcc/arm-none-eabi/5.4.1/../../../../arm-none-eabi/lib/armv7e-m\libg_n.a(lib_a-puts.o)
 .debug_frame   0x00003f0c       0x20 c:/program files (x86)/embitz/1.11/share/em_armgcc/bin/../lib/gcc/arm-none-eabi/5.4.1/../../../../arm-none-eabi/lib/armv7e-m\libg_n.a(lib_a-setbuf.o)
 .debug_frame   0x00003f2c       0x38 c:/program files (x86)/embitz/1.11/share/em_armgcc/bin/../lib/gcc/arm-none-eabi/5.4.1/../../../../arm-none-eabi/lib/armv7e-m\libg_n.a(lib_a-setvbuf.o)
 .debug_frame   0x00003f64       0x70 c:/program files (x86)/embitz/1.11/share/em_armgcc/bin/../lib/gcc/arm-none-eabi/5.4.1/../../../../arm-none-eabi/lib/armv7e-m\libg_n.a(lib_a-sprintf.o)
 .debug_frame   0x00003fd4       0x40 c:/program files (x86)/embitz/1.11/share/em_armgcc/bin/../lib/gcc/arm-none-eabi/5.4.1/../../../../arm-none-eabi/lib/armv7e-m\libg_n.a(lib_a-wbuf.o)
 .debug_frame   0x00004014       0x2c c:/program files (x86)/embitz/1.11/share/em_armgcc/bin/../lib/gcc/arm-none-eabi/5.4.1/../../../../arm-none-eabi/lib/armv7e-m\libg_n.a(lib_a-wsetup.o)
 .debug_frame   0x00004040       0x6c c:/program files (x86)/embitz/1.11/share/em_armgcc/bin/../lib/gcc/arm-none-eabi/5.4.1/../../../../arm-none-eabi/lib/armv7e-m\libg_n.a(lib_a-dtoa.o)
 .debug_frame   0x000040ac       0x68 c:/program files (x86)/embitz/1.11/share/em_armgcc/bin/../lib/gcc/arm-none-eabi/5.4.1/../../../../arm-none-eabi/lib/armv7e-m\libg_n.a(lib_a-fflush.o)
 .debug_frame   0x00004114      0x11c c:/program files (x86)/embitz/1.11/share/em_armgcc/bin/../lib/gcc/arm-none-eabi/5.4.1/../../../../arm-none-eabi/lib/armv7e-m\libg_n.a(lib_a-findfp.o)
 .debug_frame   0x00004230       0x54 c:/program files (x86)/embitz/1.11/share/em_armgcc/bin/../lib/gcc/arm-none-eabi/5.4.1/../../../../arm-none-eabi/lib/armv7e-m\libg_n.a(lib_a-fwalk.o)
 .debug_frame   0x00004284       0x98 c:/program files (x86)/embitz/1.11/share/em_armgcc/bin/../lib/gcc/arm-none-eabi/5.4.1/../../../../arm-none-eabi/lib/armv7e-m\libg_n.a(lib_a-locale.o)
 .debug_frame   0x0000431c       0x54 c:/program files (x86)/embitz/1.11/share/em_armgcc/bin/../lib/gcc/arm-none-eabi/5.4.1/../../../../arm-none-eabi/lib/armv7e-m\libg_n.a(lib_a-makebuf.o)
 .debug_frame   0x00004370       0x30 c:/program files (x86)/embitz/1.11/share/em_armgcc/bin/../lib/gcc/arm-none-eabi/5.4.1/../../../../arm-none-eabi/lib/armv7e-m\libg_n.a(lib_a-malloc.o)
 .debug_frame   0x000043a0      0x234 c:/program files (x86)/embitz/1.11/share/em_armgcc/bin/../lib/gcc/arm-none-eabi/5.4.1/../../../../arm-none-eabi/lib/armv7e-m\libg_n.a(lib_a-mprec.o)
 .debug_frame   0x000045d4       0x2c c:/program files (x86)/embitz/1.11/share/em_armgcc/bin/../lib/gcc/arm-none-eabi/5.4.1/../../../../arm-none-eabi/lib/armv7e-m\libg_n.a(lib_a-nano-callocr.o)
 .debug_frame   0x00004600       0x38 c:/program files (x86)/embitz/1.11/share/em_armgcc/bin/../lib/gcc/arm-none-eabi/5.4.1/../../../../arm-none-eabi/lib/armv7e-m\libg_n.a(lib_a-nano-freer.o)
 .debug_frame   0x00004638       0x2c c:/program files (x86)/embitz/1.11/share/em_armgcc/bin/../lib/gcc/arm-none-eabi/5.4.1/../../../../arm-none-eabi/lib/armv7e-m\libg_n.a(lib_a-nano-mallocr.o)
 .debug_frame   0x00004664       0x90 c:/program files (x86)/embitz/1.11/share/em_armgcc/bin/../lib/gcc/arm-none-eabi/5.4.1/../../../../arm-none-eabi/lib/armv7e-m\libg_n.a(lib_a-nano-svfprintf.o)
 .debug_frame   0x000046f4       0x2c c:/program files (x86)/embitz/1.11/share/em_armgcc/bin/../lib/gcc/arm-none-eabi/5.4.1/../../../../arm-none-eabi/lib/armv7e-m\libg_n.a(lib_a-sbrkr.o)
 .debug_frame   0x00004720       0x88 c:/program files (x86)/embitz/1.11/share/em_armgcc/bin/../lib/gcc/arm-none-eabi/5.4.1/../../../../arm-none-eabi/lib/armv7e-m\libg_n.a(lib_a-stdio.o)
 .debug_frame   0x000047a8       0x2c c:/program files (x86)/embitz/1.11/share/em_armgcc/bin/../lib/gcc/arm-none-eabi/5.4.1/../../../../arm-none-eabi/lib/armv7e-m\libg_n.a(lib_a-closer.o)
 .debug_frame   0x000047d4       0x2c c:/program files (x86)/embitz/1.11/share/em_armgcc/bin/../lib/gcc/arm-none-eabi/5.4.1/../../../../arm-none-eabi/lib/armv7e-m\libg_n.a(lib_a-fstatr.o)
 .debug_frame   0x00004800       0x2c c:/program files (x86)/embitz/1.11/share/em_armgcc/bin/../lib/gcc/arm-none-eabi/5.4.1/../../../../arm-none-eabi/lib/armv7e-m\libg_n.a(lib_a-isattyr.o)
 .debug_frame   0x0000482c       0x2c c:/program files (x86)/embitz/1.11/share/em_armgcc/bin/../lib/gcc/arm-none-eabi/5.4.1/../../../../arm-none-eabi/lib/armv7e-m\libg_n.a(lib_a-lseekr.o)
 .debug_frame   0x00004858       0x28 c:/program files (x86)/embitz/1.11/share/em_armgcc/bin/../lib/gcc/arm-none-eabi/5.4.1/../../../../arm-none-eabi/lib/armv7e-m\libg_n.a(lib_a-memmove.o)
 .debug_frame   0x00004880       0x30 c:/program files (x86)/embitz/1.11/share/em_armgcc/bin/../lib/gcc/arm-none-eabi/5.4.1/../../../../arm-none-eabi/lib/armv7e-m\libg_n.a(lib_a-mlock.o)
 .debug_frame   0x000048b0       0x3c c:/program files (x86)/embitz/1.11/share/em_armgcc/bin/../lib/gcc/arm-none-eabi/5.4.1/../../../../arm-none-eabi/lib/armv7e-m\libg_n.a(lib_a-nano-reallocr.o)
 .debug_frame   0x000048ec       0x2c c:/program files (x86)/embitz/1.11/share/em_armgcc/bin/../lib/gcc/arm-none-eabi/5.4.1/../../../../arm-none-eabi/lib/armv7e-m\libg_n.a(lib_a-readr.o)
 .debug_frame   0x00004918       0x5c c:/program files (x86)/embitz/1.11/share/em_armgcc/bin/../lib/gcc/arm-none-eabi/5.4.1/../../../../arm-none-eabi/lib/armv7e-m\libg_n.a(lib_a-reent.o)
 .debug_frame   0x00004974       0x20 c:/program files (x86)/embitz/1.11/share/em_armgcc/bin/../lib/gcc/arm-none-eabi/5.4.1/../../../../arm-none-eabi/lib/armv7e-m\libg_n.a(lib_a-nano-msizer.o)
 .debug_frame   0x00004994       0x20 c:/program files (x86)/embitz/1.11/share/em_armgcc/bin/../lib/gcc/arm-none-eabi/5.4.1/../../../../arm-none-eabi/lib/armv7e-m\libnosys_s.a(close.o)
 .debug_frame   0x000049b4       0x20 c:/program files (x86)/embitz/1.11/share/em_armgcc/bin/../lib/gcc/arm-none-eabi/5.4.1/../../../../arm-none-eabi/lib/armv7e-m\libnosys_s.a(fstat.o)
 .debug_frame   0x000049d4       0x20 c:/program files (x86)/embitz/1.11/share/em_armgcc/bin/../lib/gcc/arm-none-eabi/5.4.1/../../../../arm-none-eabi/lib/armv7e-m\libnosys_s.a(isatty.o)
 .debug_frame   0x000049f4       0x20 c:/program files (x86)/embitz/1.11/share/em_armgcc/bin/../lib/gcc/arm-none-eabi/5.4.1/../../../../arm-none-eabi/lib/armv7e-m\libnosys_s.a(lseek.o)
 .debug_frame   0x00004a14       0x20 c:/program files (x86)/embitz/1.11/share/em_armgcc/bin/../lib/gcc/arm-none-eabi/5.4.1/../../../../arm-none-eabi/lib/armv7e-m\libnosys_s.a(read.o)
 .debug_frame   0x00004a34       0x20 c:/program files (x86)/embitz/1.11/share/em_armgcc/bin/../lib/gcc/arm-none-eabi/5.4.1/../../../../arm-none-eabi/lib/armv7e-m\libnosys_s.a(sbrk.o)
 .debug_frame   0x00004a54       0x20 c:/program files (x86)/embitz/1.11/share/em_armgcc/bin/../lib/gcc/arm-none-eabi/5.4.1/../../../../arm-none-eabi/lib/armv7e-m\libnosys_s.a(_exit.o)

.stab           0x00000000       0x84
 .stab          0x00000000       0x24 c:/program files (x86)/embitz/1.11/share/em_armgcc/bin/../lib/gcc/arm-none-eabi/5.4.1/../../../../arm-none-eabi/lib/armv7e-m\libnosys_s.a(close.o)
 .stab          0x00000024       0x18 c:/program files (x86)/embitz/1.11/share/em_armgcc/bin/../lib/gcc/arm-none-eabi/5.4.1/../../../../arm-none-eabi/lib/armv7e-m\libnosys_s.a(fstat.o)
                                 0x24 (size before relaxing)
 .stab          0x0000003c       0x18 c:/program files (x86)/embitz/1.11/share/em_armgcc/bin/../lib/gcc/arm-none-eabi/5.4.1/../../../../arm-none-eabi/lib/armv7e-m\libnosys_s.a(isatty.o)
                                 0x24 (size before relaxing)
 .stab          0x00000054       0x18 c:/program files (x86)/embitz/1.11/share/em_armgcc/bin/../lib/gcc/arm-none-eabi/5.4.1/../../../../arm-none-eabi/lib/armv7e-m\libnosys_s.a(lseek.o)
                                 0x24 (size before relaxing)
 .stab          0x0000006c       0x18 c:/program files (x86)/embitz/1.11/share/em_armgcc/bin/../lib/gcc/arm-none-eabi/5.4.1/../../../../arm-none-eabi/lib/armv7e-m\libnosys_s.a(read.o)
                                 0x24 (size before relaxing)

.stabstr        0x00000000      0x117
 .stabstr       0x00000000      0x117 c:/program files (x86)/embitz/1.11/share/em_armgcc/bin/../lib/gcc/arm-none-eabi/5.4.1/../../../../arm-none-eabi/lib/armv7e-m\libnosys_s.a(close.o)
